<?xml version="1.0" encoding="ISO-8859-1" ?>
<link_info>
   <banner>TI ARM Linker PC v20.2.1.LTS</banner>
   <copyright>Copyright (c) 1996-2018 Texas Instruments Incorporated</copyright>
   <link_time>0x5fbf32a5</link_time>
   <link_errors>0x0</link_errors>
   <output_file>ProjectMaze2.out</output_file>
   <entry_point>
      <name>_c_int00_noargs</name>
      <address>0x5c41</address>
   </entry_point>
   <input_file_list>
      <input_file id="fl-2">
         <path>.\</path>
         <kind>object</kind>
         <file>ece353.obj</file>
         <name>ece353.obj</name>
      </input_file>
      <input_file id="fl-3">
         <path>.\</path>
         <kind>object</kind>
         <file>lcd.obj</file>
         <name>lcd.obj</name>
      </input_file>
      <input_file id="fl-4">
         <path>.\</path>
         <kind>object</kind>
         <file>main.obj</file>
         <name>main.obj</name>
      </input_file>
      <input_file id="fl-5">
         <path>.\</path>
         <kind>object</kind>
         <file>startup_msp432p401r_ccs.obj</file>
         <name>startup_msp432p401r_ccs.obj</name>
      </input_file>
      <input_file id="fl-6">
         <path>.\</path>
         <kind>object</kind>
         <file>system_msp432p401r.obj</file>
         <name>system_msp432p401r.obj</name>
      </input_file>
      <input_file id="fl-7">
         <path>.\</path>
         <kind>object</kind>
         <file>task_GenMaze.obj</file>
         <name>task_GenMaze.obj</name>
      </input_file>
      <input_file id="fl-8">
         <path>.\</path>
         <kind>object</kind>
         <file>task_joystick.obj</file>
         <name>task_joystick.obj</name>
      </input_file>
      <input_file id="fl-9">
         <path>.\</path>
         <kind>object</kind>
         <file>task_main.obj</file>
         <name>task_main.obj</name>
      </input_file>
      <input_file id="fl-a">
         <path>.\</path>
         <kind>object</kind>
         <file>task_maze.obj</file>
         <name>task_maze.obj</name>
      </input_file>
      <input_file id="fl-b">
         <path>.\FreeRTOS\</path>
         <kind>object</kind>
         <file>croutine.obj</file>
         <name>croutine.obj</name>
      </input_file>
      <input_file id="fl-c">
         <path>.\FreeRTOS\</path>
         <kind>object</kind>
         <file>event_groups.obj</file>
         <name>event_groups.obj</name>
      </input_file>
      <input_file id="fl-d">
         <path>.\FreeRTOS\</path>
         <kind>object</kind>
         <file>heap_4.obj</file>
         <name>heap_4.obj</name>
      </input_file>
      <input_file id="fl-e">
         <path>.\FreeRTOS\</path>
         <kind>object</kind>
         <file>list.obj</file>
         <name>list.obj</name>
      </input_file>
      <input_file id="fl-f">
         <path>.\FreeRTOS\</path>
         <kind>object</kind>
         <file>queue.obj</file>
         <name>queue.obj</name>
      </input_file>
      <input_file id="fl-10">
         <path>.\FreeRTOS\</path>
         <kind>object</kind>
         <file>stream_buffer.obj</file>
         <name>stream_buffer.obj</name>
      </input_file>
      <input_file id="fl-11">
         <path>.\FreeRTOS\</path>
         <kind>object</kind>
         <file>tasks.obj</file>
         <name>tasks.obj</name>
      </input_file>
      <input_file id="fl-12">
         <path>.\FreeRTOS\</path>
         <kind>object</kind>
         <file>timers.obj</file>
         <name>timers.obj</name>
      </input_file>
      <input_file id="fl-13">
         <path>.\FreeRTOS\portable\</path>
         <kind>object</kind>
         <file>port.obj</file>
         <name>port.obj</name>
      </input_file>
      <input_file id="fl-14">
         <path>.\FreeRTOS\portable\</path>
         <kind>object</kind>
         <file>portasm.obj</file>
         <name>portasm.obj</name>
      </input_file>
      <input_file id="fl-18">
         <kind>object</kind>
         <file>&lt;internal&gt;</file>
         <name>&lt;internal&gt;</name>
      </input_file>
      <input_file id="fl-ce">
         <path>C:\ti\ccs1010\ccs\tools\compiler\ti-cgt-arm_20.2.1.LTS\lib\</path>
         <kind>archive</kind>
         <file>rtsv7M4_T_le_v4SPD16_eabi.lib</file>
         <name>memset_t2.asm.obj</name>
      </input_file>
      <input_file id="fl-cf">
         <path>C:\ti\ccs1010\ccs\tools\compiler\ti-cgt-arm_20.2.1.LTS\lib\</path>
         <kind>archive</kind>
         <file>rtsv7M4_T_le_v4SPD16_eabi.lib</file>
         <name>memcpy_t2.asm.obj</name>
      </input_file>
      <input_file id="fl-d0">
         <path>C:\ti\ccs1010\ccs\tools\compiler\ti-cgt-arm_20.2.1.LTS\lib\</path>
         <kind>archive</kind>
         <file>rtsv7M4_T_le_v4SPD16_eabi.lib</file>
         <name>copy_zero_init.c.obj</name>
      </input_file>
      <input_file id="fl-d1">
         <path>C:\ti\ccs1010\ccs\tools\compiler\ti-cgt-arm_20.2.1.LTS\lib\</path>
         <kind>archive</kind>
         <file>rtsv7M4_T_le_v4SPD16_eabi.lib</file>
         <name>copy_decompress_none.c.obj</name>
      </input_file>
      <input_file id="fl-d2">
         <path>C:\ti\ccs1010\ccs\tools\compiler\ti-cgt-arm_20.2.1.LTS\lib\</path>
         <kind>archive</kind>
         <file>rtsv7M4_T_le_v4SPD16_eabi.lib</file>
         <name>copy_decompress_lzss.c.obj</name>
      </input_file>
      <input_file id="fl-d3">
         <path>C:\ti\ccs1010\ccs\tools\compiler\ti-cgt-arm_20.2.1.LTS\lib\</path>
         <kind>archive</kind>
         <file>rtsv7M4_T_le_v4SPD16_eabi.lib</file>
         <name>rand.c.obj</name>
      </input_file>
      <input_file id="fl-d4">
         <path>C:\ti\ccs1010\ccs\tools\compiler\ti-cgt-arm_20.2.1.LTS\lib\</path>
         <kind>archive</kind>
         <file>rtsv7M4_T_le_v4SPD16_eabi.lib</file>
         <name>boot_cortex_m.c.obj</name>
      </input_file>
      <input_file id="fl-d5">
         <path>C:\ti\ccs1010\ccs\tools\compiler\ti-cgt-arm_20.2.1.LTS\lib\</path>
         <kind>archive</kind>
         <file>rtsv7M4_T_le_v4SPD16_eabi.lib</file>
         <name>autoinit.c.obj</name>
      </input_file>
      <input_file id="fl-d6">
         <path>C:\ti\ccs1010\ccs\tools\compiler\ti-cgt-arm_20.2.1.LTS\lib\</path>
         <kind>archive</kind>
         <file>rtsv7M4_T_le_v4SPD16_eabi.lib</file>
         <name>pre_init.c.obj</name>
      </input_file>
      <input_file id="fl-d7">
         <path>C:\ti\ccs1010\ccs\tools\compiler\ti-cgt-arm_20.2.1.LTS\lib\</path>
         <kind>archive</kind>
         <file>rtsv7M4_T_le_v4SPD16_eabi.lib</file>
         <name>cpy_tbl.c.obj</name>
      </input_file>
      <input_file id="fl-d8">
         <path>C:\ti\ccs1010\ccs\tools\compiler\ti-cgt-arm_20.2.1.LTS\lib\</path>
         <kind>archive</kind>
         <file>rtsv7M4_T_le_v4SPD16_eabi.lib</file>
         <name>exit.c.obj</name>
      </input_file>
      <input_file id="fl-d9">
         <path>C:\ti\ccs1010\ccs\tools\compiler\ti-cgt-arm_20.2.1.LTS\lib\</path>
         <kind>archive</kind>
         <file>rtsv7M4_T_le_v4SPD16_eabi.lib</file>
         <name>_lock.c.obj</name>
      </input_file>
      <input_file id="fl-da">
         <path>C:\ti\ccs1010\ccs\tools\compiler\ti-cgt-arm_20.2.1.LTS\lib\</path>
         <kind>archive</kind>
         <file>rtsv7M4_T_le_v4SPD16_eabi.lib</file>
         <name>args_main.c.obj</name>
      </input_file>
   </input_file_list>
   <object_component_list>
      <object_component id="oc-26">
         <name>.intvecs:retain</name>
         <load_address>0x0</load_address>
         <run_address>0x0</run_address>
         <size>0xe4</size>
         <input_file_ref idref="fl-5"/>
      </object_component>
      <object_component id="oc-c3">
         <name>.text</name>
         <load_address>0xe4</load_address>
         <run_address>0xe4</run_address>
         <size>0x1f3c</size>
         <input_file_ref idref="fl-11"/>
      </object_component>
      <object_component id="oc-de">
         <name>.text</name>
         <load_address>0x2020</load_address>
         <run_address>0x2020</run_address>
         <size>0x106c</size>
         <input_file_ref idref="fl-f"/>
      </object_component>
      <object_component id="oc-1a4">
         <name>.text</name>
         <load_address>0x308c</load_address>
         <run_address>0x308c</run_address>
         <size>0x7a4</size>
         <input_file_ref idref="fl-12"/>
      </object_component>
      <object_component id="oc-e4">
         <name>.text</name>
         <load_address>0x3830</load_address>
         <run_address>0x3830</run_address>
         <size>0x5e0</size>
         <input_file_ref idref="fl-3"/>
      </object_component>
      <object_component id="oc-78">
         <name>.text</name>
         <load_address>0x3e10</load_address>
         <run_address>0x3e10</run_address>
         <size>0x5ac</size>
         <input_file_ref idref="fl-8"/>
      </object_component>
      <object_component id="oc-128">
         <name>.text</name>
         <load_address>0x43bc</load_address>
         <run_address>0x43bc</run_address>
         <size>0x570</size>
         <input_file_ref idref="fl-7"/>
      </object_component>
      <object_component id="oc-72">
         <name>.text</name>
         <load_address>0x492c</load_address>
         <run_address>0x492c</run_address>
         <size>0x438</size>
         <input_file_ref idref="fl-13"/>
      </object_component>
      <object_component id="oc-18c">
         <name>.text</name>
         <load_address>0x4d64</load_address>
         <run_address>0x4d64</run_address>
         <size>0x42c</size>
         <input_file_ref idref="fl-d"/>
      </object_component>
      <object_component id="oc-b6">
         <name>.text</name>
         <load_address>0x5190</load_address>
         <run_address>0x5190</run_address>
         <size>0x354</size>
         <input_file_ref idref="fl-6"/>
      </object_component>
      <object_component id="oc-131">
         <name>.text</name>
         <load_address>0x54e4</load_address>
         <run_address>0x54e4</run_address>
         <size>0x1e4</size>
         <input_file_ref idref="fl-a"/>
      </object_component>
      <object_component id="oc-192">
         <name>.text</name>
         <load_address>0x56c8</load_address>
         <run_address>0x56c8</run_address>
         <size>0x12a</size>
         <input_file_ref idref="fl-e"/>
      </object_component>
      <object_component id="oc-287">
         <name>.text:_nop</name>
         <load_address>0x57f2</load_address>
         <run_address>0x57f2</run_address>
         <size>0x2</size>
         <input_file_ref idref="fl-d9"/>
      </object_component>
      <object_component id="oc-a4">
         <name>.text</name>
         <load_address>0x57f4</load_address>
         <run_address>0x57f4</run_address>
         <size>0x10c</size>
         <input_file_ref idref="fl-4"/>
      </object_component>
      <object_component id="oc-6d">
         <name>.text</name>
         <load_address>0x5900</load_address>
         <run_address>0x5900</run_address>
         <size>0xda</size>
         <input_file_ref idref="fl-14"/>
      </object_component>
      <object_component id="oc-122">
         <name>.text</name>
         <load_address>0x59dc</load_address>
         <run_address>0x59dc</run_address>
         <size>0xa0</size>
         <input_file_ref idref="fl-9"/>
      </object_component>
      <object_component id="oc-37">
         <name>.text</name>
         <load_address>0x5a7c</load_address>
         <run_address>0x5a7c</run_address>
         <size>0x9c</size>
         <input_file_ref idref="fl-cf"/>
      </object_component>
      <object_component id="oc-98">
         <name>.text</name>
         <load_address>0x5b18</load_address>
         <run_address>0x5b18</run_address>
         <size>0x7a</size>
         <input_file_ref idref="fl-ce"/>
      </object_component>
      <object_component id="oc-17">
         <name>.text:decompress:lzss:__TI_decompress_lzss</name>
         <load_address>0x5b92</load_address>
         <run_address>0x5b92</run_address>
         <size>0x68</size>
         <input_file_ref idref="fl-d2"/>
      </object_component>
      <object_component id="oc-14c">
         <name>.text:__TI_auto_init_nobinit_nopinit:__TI_auto_init_nobinit_nopinit</name>
         <load_address>0x5bfc</load_address>
         <run_address>0x5bfc</run_address>
         <size>0x44</size>
         <input_file_ref idref="fl-d5"/>
      </object_component>
      <object_component id="oc-55">
         <name>.text:_c_int00_noargs:_c_int00_noargs</name>
         <load_address>0x5c40</load_address>
         <run_address>0x5c40</run_address>
         <size>0x34</size>
         <input_file_ref idref="fl-d4"/>
      </object_component>
      <object_component id="oc-200">
         <name>.text:rand</name>
         <load_address>0x5c74</load_address>
         <run_address>0x5c74</run_address>
         <size>0x34</size>
         <input_file_ref idref="fl-d3"/>
      </object_component>
      <object_component id="oc-1d">
         <name>.text:decompress:none:__TI_decompress_none</name>
         <load_address>0x5ca8</load_address>
         <run_address>0x5ca8</run_address>
         <size>0xe</size>
         <input_file_ref idref="fl-d1"/>
      </object_component>
      <object_component id="oc-67">
         <name>.text</name>
         <load_address>0x5cb6</load_address>
         <run_address>0x5cb6</run_address>
         <size>0xe</size>
         <input_file_ref idref="fl-5"/>
      </object_component>
      <object_component id="oc-49">
         <name>.text:decompress:ZI:__TI_zero_init</name>
         <load_address>0x5cc4</load_address>
         <run_address>0x5cc4</run_address>
         <size>0xc</size>
         <input_file_ref idref="fl-d0"/>
      </object_component>
      <object_component id="oc-9e">
         <name>.text:_system_pre_init</name>
         <load_address>0x5cd0</load_address>
         <run_address>0x5cd0</run_address>
         <size>0x4</size>
         <input_file_ref idref="fl-d6"/>
      </object_component>
      <object_component id="oc-140">
         <name>.text:abort:abort</name>
         <load_address>0x5cd4</load_address>
         <run_address>0x5cd4</run_address>
         <size>0x4</size>
         <input_file_ref idref="fl-d8"/>
      </object_component>
      <object_component id="oc-c0">
         <name>.const</name>
         <load_address>0x5cd8</load_address>
         <run_address>0x5cd8</run_address>
         <size>0x8</size>
         <input_file_ref idref="fl-13"/>
      </object_component>
      <object_component id="oc-319">
         <name>.cinit..data.load</name>
         <load_address>0x5ce0</load_address>
         <run_address>0x5ce0</run_address>
         <size>0x22</size>
      </object_component>
      <object_component id="oc-317">
         <name>__TI_handler_table</name>
         <load_address>0x5d04</load_address>
         <run_address>0x5d04</run_address>
         <size>0xc</size>
      </object_component>
      <object_component id="oc-31a">
         <name>.cinit..bss.load</name>
         <load_address>0x5d10</load_address>
         <run_address>0x5d10</run_address>
         <size>0x8</size>
      </object_component>
      <object_component id="oc-318">
         <name>__TI_cinit_table</name>
         <load_address>0x5d18</load_address>
         <run_address>0x5d18</run_address>
         <size>0x10</size>
      </object_component>
      <object_component id="oc-2eb">
         <name>.binit</name>
         <load_address>0x0</load_address>
         <run_address>0x0</run_address>
         <size>0x0</size>
      </object_component>
      <object_component id="oc-1d8">
         <name>.data</name>
         <load_address>0x2000821c</load_address>
         <run_address>0x2000821c</run_address>
         <size>0x1</size>
         <input_file_ref idref="fl-3"/>
      </object_component>
      <object_component id="oc-17e">
         <name>.data</name>
         <load_address>0x20008218</load_address>
         <run_address>0x20008218</run_address>
         <size>0x4</size>
         <input_file_ref idref="fl-6"/>
      </object_component>
      <object_component id="oc-ea">
         <name>.data</name>
         <load_address>0x200081f4</load_address>
         <run_address>0x200081f4</run_address>
         <size>0xc</size>
         <input_file_ref idref="fl-8"/>
      </object_component>
      <object_component id="oc-23f">
         <name>.data</name>
         <load_address>0x200081c4</load_address>
         <run_address>0x200081c4</run_address>
         <size>0x18</size>
         <input_file_ref idref="fl-d"/>
      </object_component>
      <object_component id="oc-bd">
         <name>.data</name>
         <load_address>0x20008190</load_address>
         <run_address>0x20008190</run_address>
         <size>0x34</size>
         <input_file_ref idref="fl-11"/>
      </object_component>
      <object_component id="oc-254">
         <name>.data</name>
         <load_address>0x20008200</load_address>
         <run_address>0x20008200</run_address>
         <size>0xc</size>
         <input_file_ref idref="fl-12"/>
      </object_component>
      <object_component id="oc-ca">
         <name>.data</name>
         <load_address>0x200081dc</load_address>
         <run_address>0x200081dc</run_address>
         <size>0x18</size>
         <input_file_ref idref="fl-13"/>
      </object_component>
      <object_component id="oc-281">
         <name>.data</name>
         <load_address>0x20008214</load_address>
         <run_address>0x20008214</run_address>
         <size>0x4</size>
         <input_file_ref idref="fl-d3"/>
      </object_component>
      <object_component id="oc-210">
         <name>.data:$O1$$</name>
         <load_address>0x2000820c</load_address>
         <run_address>0x2000820c</run_address>
         <size>0x8</size>
         <input_file_ref idref="fl-d9"/>
      </object_component>
      <object_component id="oc-245">
         <name>.bss:ucHeap</name>
         <uninitialized>true</uninitialized>
         <run_address>0x20000000</run_address>
         <size>0x8000</size>
         <input_file_ref idref="fl-d"/>
      </object_component>
      <object_component id="oc-242">
         <name>.bss:xStart</name>
         <uninitialized>true</uninitialized>
         <run_address>0x20008164</run_address>
         <size>0x8</size>
         <input_file_ref idref="fl-d"/>
      </object_component>
      <object_component id="oc-198">
         <name>.bss:pxReadyTasksLists</name>
         <uninitialized>true</uninitialized>
         <run_address>0x20008000</run_address>
         <size>0xc8</size>
         <input_file_ref idref="fl-11"/>
      </object_component>
      <object_component id="oc-1ad">
         <name>.bss:xDelayedTaskList1</name>
         <uninitialized>true</uninitialized>
         <run_address>0x200080f0</run_address>
         <size>0x14</size>
         <input_file_ref idref="fl-11"/>
      </object_component>
      <object_component id="oc-1b0">
         <name>.bss:xDelayedTaskList2</name>
         <uninitialized>true</uninitialized>
         <run_address>0x20008104</run_address>
         <size>0x14</size>
         <input_file_ref idref="fl-11"/>
      </object_component>
      <object_component id="oc-19e">
         <name>.bss</name>
         <uninitialized>true</uninitialized>
         <run_address>0x20008154</run_address>
         <size>0x8</size>
         <input_file_ref idref="fl-11"/>
      </object_component>
      <object_component id="oc-1aa">
         <name>.bss:xPendingReadyList</name>
         <uninitialized>true</uninitialized>
         <run_address>0x20008118</run_address>
         <size>0x14</size>
         <input_file_ref idref="fl-11"/>
      </object_component>
      <object_component id="oc-19b">
         <name>.bss:xTasksWaitingTermination</name>
         <uninitialized>true</uninitialized>
         <run_address>0x20008140</run_address>
         <size>0x14</size>
         <input_file_ref idref="fl-11"/>
      </object_component>
      <object_component id="oc-1a1">
         <name>.bss:xSuspendedTaskList</name>
         <uninitialized>true</uninitialized>
         <run_address>0x2000812c</run_address>
         <size>0x14</size>
         <input_file_ref idref="fl-11"/>
      </object_component>
      <object_component id="oc-25a">
         <name>.bss:xActiveTimerList1</name>
         <uninitialized>true</uninitialized>
         <run_address>0x200080c8</run_address>
         <size>0x14</size>
         <input_file_ref idref="fl-12"/>
      </object_component>
      <object_component id="oc-25d">
         <name>.bss:xActiveTimerList2</name>
         <uninitialized>true</uninitialized>
         <run_address>0x200080dc</run_address>
         <size>0x14</size>
         <input_file_ref idref="fl-12"/>
      </object_component>
      <object_component id="oc-257">
         <name>.bss</name>
         <uninitialized>true</uninitialized>
         <run_address>0x2000815c</run_address>
         <size>0x8</size>
         <input_file_ref idref="fl-12"/>
      </object_component>
      <object_component id="oc-1db">
         <name>.common:Lcd_ScreenWidth</name>
         <uninitialized>true</uninitialized>
         <run_address>0x2000818e</run_address>
         <size>0x2</size>
      </object_component>
      <object_component id="oc-1de">
         <name>.common:Lcd_ScreenHeigth</name>
         <uninitialized>true</uninitialized>
         <run_address>0x2000818c</run_address>
         <size>0x2</size>
      </object_component>
      <object_component id="oc-f0">
         <name>.common:Task_Gen_Maze_Handle</name>
         <uninitialized>true</uninitialized>
         <run_address>0x20008178</run_address>
         <size>0x4</size>
      </object_component>
      <object_component id="oc-1fe">
         <name>.common:Queue_Generated_Maze</name>
         <uninitialized>true</uninitialized>
         <run_address>0x2000816c</run_address>
         <size>0x4</size>
      </object_component>
      <object_component id="oc-f3">
         <name>.common:Task_Joystick_Handle</name>
         <uninitialized>true</uninitialized>
         <run_address>0x2000817c</run_address>
         <size>0x4</size>
      </object_component>
      <object_component id="oc-138">
         <name>.common:Task_Joystick_Timer_Handle</name>
         <uninitialized>true</uninitialized>
         <run_address>0x20008180</run_address>
         <size>0x4</size>
      </object_component>
      <object_component id="oc-137">
         <name>.common:Task_Main_Handle</name>
         <uninitialized>true</uninitialized>
         <run_address>0x20008184</run_address>
         <size>0x4</size>
      </object_component>
      <object_component id="oc-1fd">
         <name>.common:Queue_Maze</name>
         <uninitialized>true</uninitialized>
         <run_address>0x20008170</run_address>
         <size>0x4</size>
      </object_component>
      <object_component id="oc-ed">
         <name>.common:Queue_Player</name>
         <uninitialized>true</uninitialized>
         <run_address>0x20008174</run_address>
         <size>0x4</size>
      </object_component>
      <object_component id="oc-12e">
         <name>.common:Task_Maze_Handle</name>
         <uninitialized>true</uninitialized>
         <run_address>0x20008188</run_address>
         <size>0x4</size>
      </object_component>
      <object_component id="oc-29">
         <name>.stack</name>
         <uninitialized>true</uninitialized>
         <run_address>0x2000fe00</run_address>
         <size>0x4</size>
         <input_file_ref idref="fl-d4"/>
      </object_component>
      <object_component id="oc-31c">
         <name>.stack</name>
         <uninitialized>true</uninitialized>
         <run_address>0x2000fe00</run_address>
         <size>0x0</size>
      </object_component>
      <object_component id="oc-1fc">
         <name>.debug_info</name>
         <load_address>0x0</load_address>
         <run_address>0x0</run_address>
         <size>0x546</size>
         <input_file_ref idref="fl-2"/>
      </object_component>
      <object_component id="oc-1e4">
         <name>.debug_info</name>
         <load_address>0x546</load_address>
         <run_address>0x546</run_address>
         <size>0x1055</size>
         <input_file_ref idref="fl-2"/>
      </object_component>
      <object_component id="oc-106">
         <name>.debug_info</name>
         <load_address>0x159b</load_address>
         <run_address>0x159b</run_address>
         <size>0x37e2</size>
         <input_file_ref idref="fl-2"/>
      </object_component>
      <object_component id="oc-10d">
         <name>.debug_info</name>
         <load_address>0x4d7d</load_address>
         <run_address>0x4d7d</run_address>
         <size>0x26b</size>
         <input_file_ref idref="fl-2"/>
      </object_component>
      <object_component id="oc-101">
         <name>.debug_info</name>
         <load_address>0x4fe8</load_address>
         <run_address>0x4fe8</run_address>
         <size>0x8b</size>
         <input_file_ref idref="fl-2"/>
      </object_component>
      <object_component id="oc-1c7">
         <name>.debug_info</name>
         <load_address>0x5073</load_address>
         <run_address>0x5073</run_address>
         <size>0x2a4</size>
         <input_file_ref idref="fl-2"/>
      </object_component>
      <object_component id="oc-d9">
         <name>.debug_info</name>
         <load_address>0x5317</load_address>
         <run_address>0x5317</run_address>
         <size>0xbb</size>
         <input_file_ref idref="fl-2"/>
      </object_component>
      <object_component id="oc-1dc">
         <name>.debug_info</name>
         <load_address>0x53d2</load_address>
         <run_address>0x53d2</run_address>
         <size>0x584</size>
         <input_file_ref idref="fl-3"/>
      </object_component>
      <object_component id="oc-1d9">
         <name>.debug_info</name>
         <load_address>0x5956</load_address>
         <run_address>0x5956</run_address>
         <size>0xd0</size>
         <input_file_ref idref="fl-3"/>
      </object_component>
      <object_component id="oc-e8">
         <name>.debug_info</name>
         <load_address>0x5a26</load_address>
         <run_address>0x5a26</run_address>
         <size>0xbb5</size>
         <input_file_ref idref="fl-3"/>
      </object_component>
      <object_component id="oc-32">
         <name>.debug_info</name>
         <load_address>0x65db</load_address>
         <run_address>0x65db</run_address>
         <size>0x84</size>
         <input_file_ref idref="fl-3"/>
      </object_component>
      <object_component id="oc-13f">
         <name>.debug_info</name>
         <load_address>0x665f</load_address>
         <run_address>0x665f</run_address>
         <size>0x93a</size>
         <input_file_ref idref="fl-4"/>
      </object_component>
      <object_component id="oc-a5">
         <name>.debug_info</name>
         <load_address>0x6f99</load_address>
         <run_address>0x6f99</run_address>
         <size>0x294</size>
         <input_file_ref idref="fl-4"/>
      </object_component>
      <object_component id="oc-13a">
         <name>.debug_info</name>
         <load_address>0x722d</load_address>
         <run_address>0x722d</run_address>
         <size>0x315</size>
         <input_file_ref idref="fl-4"/>
      </object_component>
      <object_component id="oc-1f3">
         <name>.debug_info</name>
         <load_address>0x7542</load_address>
         <run_address>0x7542</run_address>
         <size>0x48b</size>
         <input_file_ref idref="fl-4"/>
      </object_component>
      <object_component id="oc-f7">
         <name>.debug_info</name>
         <load_address>0x79cd</load_address>
         <run_address>0x79cd</run_address>
         <size>0xc3</size>
         <input_file_ref idref="fl-4"/>
      </object_component>
      <object_component id="oc-1e9">
         <name>.debug_info</name>
         <load_address>0x7a90</load_address>
         <run_address>0x7a90</run_address>
         <size>0x4f</size>
         <input_file_ref idref="fl-4"/>
      </object_component>
      <object_component id="oc-cf">
         <name>.debug_info</name>
         <load_address>0x7adf</load_address>
         <run_address>0x7adf</run_address>
         <size>0x2c</size>
         <input_file_ref idref="fl-4"/>
      </object_component>
      <object_component id="oc-d4">
         <name>.debug_info</name>
         <load_address>0x7b0b</load_address>
         <run_address>0x7b0b</run_address>
         <size>0x53</size>
         <input_file_ref idref="fl-4"/>
      </object_component>
      <object_component id="oc-1ee">
         <name>.debug_info</name>
         <load_address>0x7b5e</load_address>
         <run_address>0x7b5e</run_address>
         <size>0xcc</size>
         <input_file_ref idref="fl-4"/>
      </object_component>
      <object_component id="oc-fc">
         <name>.debug_info</name>
         <load_address>0x7c2a</load_address>
         <run_address>0x7c2a</run_address>
         <size>0x5a</size>
         <input_file_ref idref="fl-4"/>
      </object_component>
      <object_component id="oc-1bd">
         <name>.debug_info</name>
         <load_address>0x7c84</load_address>
         <run_address>0x7c84</run_address>
         <size>0x14c</size>
         <input_file_ref idref="fl-4"/>
      </object_component>
      <object_component id="oc-80">
         <name>.debug_info</name>
         <load_address>0x7dd0</load_address>
         <run_address>0x7dd0</run_address>
         <size>0x33a</size>
         <input_file_ref idref="fl-5"/>
      </object_component>
      <object_component id="oc-27">
         <name>.debug_info</name>
         <load_address>0x810a</load_address>
         <run_address>0x810a</run_address>
         <size>0xe6</size>
         <input_file_ref idref="fl-5"/>
      </object_component>
      <object_component id="oc-69">
         <name>.debug_info</name>
         <load_address>0x81f0</load_address>
         <run_address>0x81f0</run_address>
         <size>0x1ad</size>
         <input_file_ref idref="fl-5"/>
      </object_component>
      <object_component id="oc-17f">
         <name>.debug_info</name>
         <load_address>0x839d</load_address>
         <run_address>0x839d</run_address>
         <size>0xdf</size>
         <input_file_ref idref="fl-6"/>
      </object_component>
      <object_component id="oc-b7">
         <name>.debug_info</name>
         <load_address>0x847c</load_address>
         <run_address>0x847c</run_address>
         <size>0x251</size>
         <input_file_ref idref="fl-6"/>
      </object_component>
      <object_component id="oc-f1">
         <name>.debug_info</name>
         <load_address>0x86cd</load_address>
         <run_address>0x86cd</run_address>
         <size>0x7ba</size>
         <input_file_ref idref="fl-7"/>
      </object_component>
      <object_component id="oc-12b">
         <name>.debug_info</name>
         <load_address>0x8e87</load_address>
         <run_address>0x8e87</run_address>
         <size>0x487</size>
         <input_file_ref idref="fl-7"/>
      </object_component>
      <object_component id="oc-f4">
         <name>.debug_info</name>
         <load_address>0x930e</load_address>
         <run_address>0x930e</run_address>
         <size>0x8b3</size>
         <input_file_ref idref="fl-8"/>
      </object_component>
      <object_component id="oc-eb">
         <name>.debug_info</name>
         <load_address>0x9bc1</load_address>
         <run_address>0x9bc1</run_address>
         <size>0x137</size>
         <input_file_ref idref="fl-8"/>
      </object_component>
      <object_component id="oc-79">
         <name>.debug_info</name>
         <load_address>0x9cf8</load_address>
         <run_address>0x9cf8</run_address>
         <size>0x758</size>
         <input_file_ref idref="fl-8"/>
      </object_component>
      <object_component id="oc-ee">
         <name>.debug_info</name>
         <load_address>0xa450</load_address>
         <run_address>0xa450</run_address>
         <size>0x915</size>
         <input_file_ref idref="fl-9"/>
      </object_component>
      <object_component id="oc-125">
         <name>.debug_info</name>
         <load_address>0xad65</load_address>
         <run_address>0xad65</run_address>
         <size>0x308</size>
         <input_file_ref idref="fl-9"/>
      </object_component>
      <object_component id="oc-12f">
         <name>.debug_info</name>
         <load_address>0xb06d</load_address>
         <run_address>0xb06d</run_address>
         <size>0x7fe</size>
         <input_file_ref idref="fl-a"/>
      </object_component>
      <object_component id="oc-132">
         <name>.debug_info</name>
         <load_address>0xb86b</load_address>
         <run_address>0xb86b</run_address>
         <size>0x26b</size>
         <input_file_ref idref="fl-a"/>
      </object_component>
      <object_component id="oc-272">
         <name>.debug_info</name>
         <load_address>0xbad6</load_address>
         <run_address>0xbad6</run_address>
         <size>0x24a</size>
         <input_file_ref idref="fl-b"/>
      </object_component>
      <object_component id="oc-1c2">
         <name>.debug_info</name>
         <load_address>0xbd20</load_address>
         <run_address>0xbd20</run_address>
         <size>0x48b</size>
         <input_file_ref idref="fl-b"/>
      </object_component>
      <object_component id="oc-2c6">
         <name>.debug_info</name>
         <load_address>0xc1ab</load_address>
         <run_address>0xc1ab</run_address>
         <size>0xcc</size>
         <input_file_ref idref="fl-b"/>
      </object_component>
      <object_component id="oc-1b8">
         <name>.debug_info</name>
         <load_address>0xc277</load_address>
         <run_address>0xc277</run_address>
         <size>0x53</size>
         <input_file_ref idref="fl-b"/>
      </object_component>
      <object_component id="oc-27a">
         <name>.debug_info</name>
         <load_address>0xc2ca</load_address>
         <run_address>0xc2ca</run_address>
         <size>0x6a5</size>
         <input_file_ref idref="fl-c"/>
      </object_component>
      <object_component id="oc-1d3">
         <name>.debug_info</name>
         <load_address>0xc96f</load_address>
         <run_address>0xc96f</run_address>
         <size>0x110</size>
         <input_file_ref idref="fl-c"/>
      </object_component>
      <object_component id="oc-23a">
         <name>.debug_info</name>
         <load_address>0xca7f</load_address>
         <run_address>0xca7f</run_address>
         <size>0x48b</size>
         <input_file_ref idref="fl-c"/>
      </object_component>
      <object_component id="oc-2cd">
         <name>.debug_info</name>
         <load_address>0xcf0a</load_address>
         <run_address>0xcf0a</run_address>
         <size>0x76</size>
         <input_file_ref idref="fl-c"/>
      </object_component>
      <object_component id="oc-2d2">
         <name>.debug_info</name>
         <load_address>0xcf80</load_address>
         <run_address>0xcf80</run_address>
         <size>0x39</size>
         <input_file_ref idref="fl-c"/>
      </object_component>
      <object_component id="oc-2b3">
         <name>.debug_info</name>
         <load_address>0xcfb9</load_address>
         <run_address>0xcfb9</run_address>
         <size>0x109</size>
         <input_file_ref idref="fl-c"/>
      </object_component>
      <object_component id="oc-230">
         <name>.debug_info</name>
         <load_address>0xd0c2</load_address>
         <run_address>0xd0c2</run_address>
         <size>0x4f</size>
         <input_file_ref idref="fl-c"/>
      </object_component>
      <object_component id="oc-249">
         <name>.debug_info</name>
         <load_address>0xd111</load_address>
         <run_address>0xd111</run_address>
         <size>0x4e4</size>
         <input_file_ref idref="fl-d"/>
      </object_component>
      <object_component id="oc-246">
         <name>.debug_info</name>
         <load_address>0xd5f5</load_address>
         <run_address>0xd5f5</run_address>
         <size>0x115</size>
         <input_file_ref idref="fl-d"/>
      </object_component>
      <object_component id="oc-243">
         <name>.debug_info</name>
         <load_address>0xd70a</load_address>
         <run_address>0xd70a</run_address>
         <size>0x115</size>
         <input_file_ref idref="fl-d"/>
      </object_component>
      <object_component id="oc-240">
         <name>.debug_info</name>
         <load_address>0xd81f</load_address>
         <run_address>0xd81f</run_address>
         <size>0x255</size>
         <input_file_ref idref="fl-d"/>
      </object_component>
      <object_component id="oc-18d">
         <name>.debug_info</name>
         <load_address>0xda74</load_address>
         <run_address>0xda74</run_address>
         <size>0xd2a</size>
         <input_file_ref idref="fl-d"/>
      </object_component>
      <object_component id="oc-2aa">
         <name>.debug_info</name>
         <load_address>0xe79e</load_address>
         <run_address>0xe79e</run_address>
         <size>0x62</size>
         <input_file_ref idref="fl-d"/>
      </object_component>
      <object_component id="oc-24b">
         <name>.debug_info</name>
         <load_address>0xe800</load_address>
         <run_address>0xe800</run_address>
         <size>0x39e</size>
         <input_file_ref idref="fl-e"/>
      </object_component>
      <object_component id="oc-194">
         <name>.debug_info</name>
         <load_address>0xeb9e</load_address>
         <run_address>0xeb9e</run_address>
         <size>0x724</size>
         <input_file_ref idref="fl-e"/>
      </object_component>
      <object_component id="oc-1d2">
         <name>.debug_info</name>
         <load_address>0xf2c2</load_address>
         <run_address>0xf2c2</run_address>
         <size>0x909</size>
         <input_file_ref idref="fl-f"/>
      </object_component>
      <object_component id="oc-e0">
         <name>.debug_info</name>
         <load_address>0xfbcb</load_address>
         <run_address>0xfbcb</run_address>
         <size>0x43fc</size>
         <input_file_ref idref="fl-f"/>
      </object_component>
      <object_component id="oc-275">
         <name>.debug_info</name>
         <load_address>0x13fc7</load_address>
         <run_address>0x13fc7</run_address>
         <size>0x1ef</size>
         <input_file_ref idref="fl-f"/>
      </object_component>
      <object_component id="oc-1cd">
         <name>.debug_info</name>
         <load_address>0x141b6</load_address>
         <run_address>0x141b6</run_address>
         <size>0x46</size>
         <input_file_ref idref="fl-f"/>
      </object_component>
      <object_component id="oc-119">
         <name>.debug_info</name>
         <load_address>0x141fc</load_address>
         <run_address>0x141fc</run_address>
         <size>0x2c</size>
         <input_file_ref idref="fl-10"/>
      </object_component>
      <object_component id="oc-184">
         <name>.debug_info</name>
         <load_address>0x14228</load_address>
         <run_address>0x14228</run_address>
         <size>0x88d</size>
         <input_file_ref idref="fl-11"/>
      </object_component>
      <object_component id="oc-be">
         <name>.debug_info</name>
         <load_address>0x14ab5</load_address>
         <run_address>0x14ab5</run_address>
         <size>0x371</size>
         <input_file_ref idref="fl-11"/>
      </object_component>
      <object_component id="oc-199">
         <name>.debug_info</name>
         <load_address>0x14e26</load_address>
         <run_address>0x14e26</run_address>
         <size>0x11a</size>
         <input_file_ref idref="fl-11"/>
      </object_component>
      <object_component id="oc-1ae">
         <name>.debug_info</name>
         <load_address>0x14f40</load_address>
         <run_address>0x14f40</run_address>
         <size>0x11a</size>
         <input_file_ref idref="fl-11"/>
      </object_component>
      <object_component id="oc-1b1">
         <name>.debug_info</name>
         <load_address>0x1505a</load_address>
         <run_address>0x1505a</run_address>
         <size>0x11a</size>
         <input_file_ref idref="fl-11"/>
      </object_component>
      <object_component id="oc-19f">
         <name>.debug_info</name>
         <load_address>0x15174</load_address>
         <run_address>0x15174</run_address>
         <size>0x15d</size>
         <input_file_ref idref="fl-11"/>
      </object_component>
      <object_component id="oc-1ab">
         <name>.debug_info</name>
         <load_address>0x152d1</load_address>
         <run_address>0x152d1</run_address>
         <size>0x11a</size>
         <input_file_ref idref="fl-11"/>
      </object_component>
      <object_component id="oc-19c">
         <name>.debug_info</name>
         <load_address>0x153eb</load_address>
         <run_address>0x153eb</run_address>
         <size>0x128</size>
         <input_file_ref idref="fl-11"/>
      </object_component>
      <object_component id="oc-1a2">
         <name>.debug_info</name>
         <load_address>0x15513</load_address>
         <run_address>0x15513</run_address>
         <size>0x11c</size>
         <input_file_ref idref="fl-11"/>
      </object_component>
      <object_component id="oc-c4">
         <name>.debug_info</name>
         <load_address>0x1562f</load_address>
         <run_address>0x1562f</run_address>
         <size>0x759c</size>
         <input_file_ref idref="fl-11"/>
      </object_component>
      <object_component id="oc-185">
         <name>.debug_info</name>
         <load_address>0x1cbcb</load_address>
         <run_address>0x1cbcb</run_address>
         <size>0x30c</size>
         <input_file_ref idref="fl-11"/>
      </object_component>
      <object_component id="oc-235">
         <name>.debug_info</name>
         <load_address>0x1ced7</load_address>
         <run_address>0x1ced7</run_address>
         <size>0x16e</size>
         <input_file_ref idref="fl-11"/>
      </object_component>
      <object_component id="oc-266">
         <name>.debug_info</name>
         <load_address>0x1d045</load_address>
         <run_address>0x1d045</run_address>
         <size>0x83f</size>
         <input_file_ref idref="fl-12"/>
      </object_component>
      <object_component id="oc-25b">
         <name>.debug_info</name>
         <load_address>0x1d884</load_address>
         <run_address>0x1d884</run_address>
         <size>0x11a</size>
         <input_file_ref idref="fl-12"/>
      </object_component>
      <object_component id="oc-25e">
         <name>.debug_info</name>
         <load_address>0x1d99e</load_address>
         <run_address>0x1d99e</run_address>
         <size>0x11a</size>
         <input_file_ref idref="fl-12"/>
      </object_component>
      <object_component id="oc-258">
         <name>.debug_info</name>
         <load_address>0x1dab8</load_address>
         <run_address>0x1dab8</run_address>
         <size>0x152</size>
         <input_file_ref idref="fl-12"/>
      </object_component>
      <object_component id="oc-255">
         <name>.debug_info</name>
         <load_address>0x1dc0a</load_address>
         <run_address>0x1dc0a</run_address>
         <size>0x13e</size>
         <input_file_ref idref="fl-12"/>
      </object_component>
      <object_component id="oc-1a5">
         <name>.debug_info</name>
         <load_address>0x1dd48</load_address>
         <run_address>0x1dd48</run_address>
         <size>0x29a6</size>
         <input_file_ref idref="fl-12"/>
      </object_component>
      <object_component id="oc-267">
         <name>.debug_info</name>
         <load_address>0x206ee</load_address>
         <run_address>0x206ee</run_address>
         <size>0x1ce</size>
         <input_file_ref idref="fl-12"/>
      </object_component>
      <object_component id="oc-261">
         <name>.debug_info</name>
         <load_address>0x208bc</load_address>
         <run_address>0x208bc</run_address>
         <size>0x46</size>
         <input_file_ref idref="fl-12"/>
      </object_component>
      <object_component id="oc-ce">
         <name>.debug_info</name>
         <load_address>0x20902</load_address>
         <run_address>0x20902</run_address>
         <size>0x52d</size>
         <input_file_ref idref="fl-13"/>
      </object_component>
      <object_component id="oc-c1">
         <name>.debug_info</name>
         <load_address>0x20e2f</load_address>
         <run_address>0x20e2f</run_address>
         <size>0x18f</size>
         <input_file_ref idref="fl-13"/>
      </object_component>
      <object_component id="oc-cb">
         <name>.debug_info</name>
         <load_address>0x20fbe</load_address>
         <run_address>0x20fbe</run_address>
         <size>0x26a</size>
         <input_file_ref idref="fl-13"/>
      </object_component>
      <object_component id="oc-74">
         <name>.debug_info</name>
         <load_address>0x21228</load_address>
         <run_address>0x21228</run_address>
         <size>0xf93</size>
         <input_file_ref idref="fl-13"/>
      </object_component>
      <object_component id="oc-70">
         <name>.debug_info</name>
         <load_address>0x221bb</load_address>
         <run_address>0x221bb</run_address>
         <size>0x27c</size>
         <input_file_ref idref="fl-14"/>
      </object_component>
      <object_component id="oc-9a">
         <name>.debug_info</name>
         <load_address>0x22437</load_address>
         <run_address>0x22437</run_address>
         <size>0x147</size>
         <input_file_ref idref="fl-ce"/>
      </object_component>
      <object_component id="oc-39">
         <name>.debug_info</name>
         <load_address>0x2257e</load_address>
         <run_address>0x2257e</run_address>
         <size>0x119</size>
         <input_file_ref idref="fl-cf"/>
      </object_component>
      <object_component id="oc-97">
         <name>.debug_info</name>
         <load_address>0x22697</load_address>
         <run_address>0x22697</run_address>
         <size>0x2d4</size>
         <input_file_ref idref="fl-d0"/>
      </object_component>
      <object_component id="oc-4b">
         <name>.debug_info</name>
         <load_address>0x2296b</load_address>
         <run_address>0x2296b</run_address>
         <size>0x1b5</size>
         <input_file_ref idref="fl-d0"/>
      </object_component>
      <object_component id="oc-92">
         <name>.debug_info</name>
         <load_address>0x22b20</load_address>
         <run_address>0x22b20</run_address>
         <size>0x46</size>
         <input_file_ref idref="fl-d0"/>
      </object_component>
      <object_component id="oc-42">
         <name>.debug_info</name>
         <load_address>0x22b66</load_address>
         <run_address>0x22b66</run_address>
         <size>0x2a8</size>
         <input_file_ref idref="fl-d1"/>
      </object_component>
      <object_component id="oc-20">
         <name>.debug_info</name>
         <load_address>0x22e0e</load_address>
         <run_address>0x22e0e</run_address>
         <size>0x1ea</size>
         <input_file_ref idref="fl-d1"/>
      </object_component>
      <object_component id="oc-3d">
         <name>.debug_info</name>
         <load_address>0x22ff8</load_address>
         <run_address>0x22ff8</run_address>
         <size>0x46</size>
         <input_file_ref idref="fl-d1"/>
      </object_component>
      <object_component id="oc-8a">
         <name>.debug_info</name>
         <load_address>0x2303e</load_address>
         <run_address>0x2303e</run_address>
         <size>0x2c</size>
         <input_file_ref idref="fl-d1"/>
      </object_component>
      <object_component id="oc-88">
         <name>.debug_info</name>
         <load_address>0x2306a</load_address>
         <run_address>0x2306a</run_address>
         <size>0x29e</size>
         <input_file_ref idref="fl-d2"/>
      </object_component>
      <object_component id="oc-19">
         <name>.debug_info</name>
         <load_address>0x23308</load_address>
         <run_address>0x23308</run_address>
         <size>0x250</size>
         <input_file_ref idref="fl-d2"/>
      </object_component>
      <object_component id="oc-2d">
         <name>.debug_info</name>
         <load_address>0x23558</load_address>
         <run_address>0x23558</run_address>
         <size>0x60</size>
         <input_file_ref idref="fl-d2"/>
      </object_component>
      <object_component id="oc-112">
         <name>.debug_info</name>
         <load_address>0x235b8</load_address>
         <run_address>0x235b8</run_address>
         <size>0x46</size>
         <input_file_ref idref="fl-d2"/>
      </object_component>
      <object_component id="oc-83">
         <name>.debug_info</name>
         <load_address>0x235fe</load_address>
         <run_address>0x235fe</run_address>
         <size>0x39</size>
         <input_file_ref idref="fl-d2"/>
      </object_component>
      <object_component id="oc-282">
         <name>.debug_info</name>
         <load_address>0x23637</load_address>
         <run_address>0x23637</run_address>
         <size>0xfb</size>
         <input_file_ref idref="fl-d3"/>
      </object_component>
      <object_component id="oc-202">
         <name>.debug_info</name>
         <load_address>0x23732</load_address>
         <run_address>0x23732</run_address>
         <size>0x13d</size>
         <input_file_ref idref="fl-d3"/>
      </object_component>
      <object_component id="oc-2a">
         <name>.debug_info</name>
         <load_address>0x2386f</load_address>
         <run_address>0x2386f</run_address>
         <size>0x10b</size>
         <input_file_ref idref="fl-d4"/>
      </object_component>
      <object_component id="oc-59">
         <name>.debug_info</name>
         <load_address>0x2397a</load_address>
         <run_address>0x2397a</run_address>
         <size>0x1a9</size>
         <input_file_ref idref="fl-d4"/>
      </object_component>
      <object_component id="oc-217">
         <name>.debug_info</name>
         <load_address>0x23b23</load_address>
         <run_address>0x23b23</run_address>
         <size>0x4b3</size>
         <input_file_ref idref="fl-d5"/>
      </object_component>
      <object_component id="oc-150">
         <name>.debug_info</name>
         <load_address>0x23fd6</load_address>
         <run_address>0x23fd6</run_address>
         <size>0x1a6</size>
         <input_file_ref idref="fl-d5"/>
      </object_component>
      <object_component id="oc-295">
         <name>.debug_info</name>
         <load_address>0x2417c</load_address>
         <run_address>0x2417c</run_address>
         <size>0x39</size>
         <input_file_ref idref="fl-d5"/>
      </object_component>
      <object_component id="oc-2dc">
         <name>.debug_info</name>
         <load_address>0x241b5</load_address>
         <run_address>0x241b5</run_address>
         <size>0x39</size>
         <input_file_ref idref="fl-d5"/>
      </object_component>
      <object_component id="oc-29a">
         <name>.debug_info</name>
         <load_address>0x241ee</load_address>
         <run_address>0x241ee</run_address>
         <size>0x39</size>
         <input_file_ref idref="fl-d5"/>
      </object_component>
      <object_component id="oc-29f">
         <name>.debug_info</name>
         <load_address>0x24227</load_address>
         <run_address>0x24227</run_address>
         <size>0xcd</size>
         <input_file_ref idref="fl-d5"/>
      </object_component>
      <object_component id="oc-a1">
         <name>.debug_info</name>
         <load_address>0x242f4</load_address>
         <run_address>0x242f4</run_address>
         <size>0x153</size>
         <input_file_ref idref="fl-d6"/>
      </object_component>
      <object_component id="oc-144">
         <name>.debug_info</name>
         <load_address>0x24447</load_address>
         <run_address>0x24447</run_address>
         <size>0x122</size>
         <input_file_ref idref="fl-d8"/>
      </object_component>
      <object_component id="oc-28f">
         <name>.debug_info</name>
         <load_address>0x24569</load_address>
         <run_address>0x24569</run_address>
         <size>0x2c9</size>
         <input_file_ref idref="fl-d9"/>
      </object_component>
      <object_component id="oc-211">
         <name>.debug_info</name>
         <load_address>0x24832</load_address>
         <run_address>0x24832</run_address>
         <size>0x11e</size>
         <input_file_ref idref="fl-d9"/>
      </object_component>
      <object_component id="oc-288">
         <name>.debug_info</name>
         <load_address>0x24950</load_address>
         <run_address>0x24950</run_address>
         <size>0x12e</size>
         <input_file_ref idref="fl-d9"/>
      </object_component>
      <object_component id="oc-31d">
         <name>.debug_info</name>
         <load_address>0x24a7e</load_address>
         <run_address>0x24a7e</run_address>
         <size>0x92</size>
      </object_component>
      <object_component id="oc-280">
         <name>.debug_line</name>
         <load_address>0x0</load_address>
         <run_address>0x0</run_address>
         <size>0x5f</size>
         <input_file_ref idref="fl-2"/>
      </object_component>
      <object_component id="oc-1e7">
         <name>.debug_line</name>
         <load_address>0x5f</load_address>
         <run_address>0x5f</run_address>
         <size>0x5b</size>
         <input_file_ref idref="fl-2"/>
      </object_component>
      <object_component id="oc-109">
         <name>.debug_line</name>
         <load_address>0xba</load_address>
         <run_address>0xba</run_address>
         <size>0x58</size>
         <input_file_ref idref="fl-2"/>
      </object_component>
      <object_component id="oc-110">
         <name>.debug_line</name>
         <load_address>0x112</load_address>
         <run_address>0x112</run_address>
         <size>0x6f</size>
         <input_file_ref idref="fl-2"/>
      </object_component>
      <object_component id="oc-104">
         <name>.debug_line</name>
         <load_address>0x181</load_address>
         <run_address>0x181</run_address>
         <size>0x20</size>
         <input_file_ref idref="fl-2"/>
      </object_component>
      <object_component id="oc-1ca">
         <name>.debug_line</name>
         <load_address>0x1a1</load_address>
         <run_address>0x1a1</run_address>
         <size>0x73</size>
         <input_file_ref idref="fl-2"/>
      </object_component>
      <object_component id="oc-dc">
         <name>.debug_line</name>
         <load_address>0x214</load_address>
         <run_address>0x214</run_address>
         <size>0x70</size>
         <input_file_ref idref="fl-2"/>
      </object_component>
      <object_component id="oc-27e">
         <name>.debug_line</name>
         <load_address>0x284</load_address>
         <run_address>0x284</run_address>
         <size>0x2c</size>
         <input_file_ref idref="fl-3"/>
      </object_component>
      <object_component id="oc-27c">
         <name>.debug_line</name>
         <load_address>0x2b0</load_address>
         <run_address>0x2b0</run_address>
         <size>0x2c</size>
         <input_file_ref idref="fl-3"/>
      </object_component>
      <object_component id="oc-e5">
         <name>.debug_line</name>
         <load_address>0x2dc</load_address>
         <run_address>0x2dc</run_address>
         <size>0x206</size>
         <input_file_ref idref="fl-3"/>
      </object_component>
      <object_component id="oc-35">
         <name>.debug_line</name>
         <load_address>0x4e2</load_address>
         <run_address>0x4e2</run_address>
         <size>0x20</size>
         <input_file_ref idref="fl-3"/>
      </object_component>
      <object_component id="oc-20b">
         <name>.debug_line</name>
         <load_address>0x502</load_address>
         <run_address>0x502</run_address>
         <size>0x134</size>
         <input_file_ref idref="fl-4"/>
      </object_component>
      <object_component id="oc-a8">
         <name>.debug_line</name>
         <load_address>0x636</load_address>
         <run_address>0x636</run_address>
         <size>0x7b</size>
         <input_file_ref idref="fl-4"/>
      </object_component>
      <object_component id="oc-13d">
         <name>.debug_line</name>
         <load_address>0x6b1</load_address>
         <run_address>0x6b1</run_address>
         <size>0x79</size>
         <input_file_ref idref="fl-4"/>
      </object_component>
      <object_component id="oc-1f6">
         <name>.debug_line</name>
         <load_address>0x72a</load_address>
         <run_address>0x72a</run_address>
         <size>0x7d</size>
         <input_file_ref idref="fl-4"/>
      </object_component>
      <object_component id="oc-fa">
         <name>.debug_line</name>
         <load_address>0x7a7</load_address>
         <run_address>0x7a7</run_address>
         <size>0x50</size>
         <input_file_ref idref="fl-4"/>
      </object_component>
      <object_component id="oc-1ec">
         <name>.debug_line</name>
         <load_address>0x7f7</load_address>
         <run_address>0x7f7</run_address>
         <size>0x7a</size>
         <input_file_ref idref="fl-4"/>
      </object_component>
      <object_component id="oc-d2">
         <name>.debug_line</name>
         <load_address>0x871</load_address>
         <run_address>0x871</run_address>
         <size>0x7d</size>
         <input_file_ref idref="fl-4"/>
      </object_component>
      <object_component id="oc-d7">
         <name>.debug_line</name>
         <load_address>0x8ee</load_address>
         <run_address>0x8ee</run_address>
         <size>0x8c</size>
         <input_file_ref idref="fl-4"/>
      </object_component>
      <object_component id="oc-1f1">
         <name>.debug_line</name>
         <load_address>0x97a</load_address>
         <run_address>0x97a</run_address>
         <size>0x6a</size>
         <input_file_ref idref="fl-4"/>
      </object_component>
      <object_component id="oc-ff">
         <name>.debug_line</name>
         <load_address>0x9e4</load_address>
         <run_address>0x9e4</run_address>
         <size>0x51</size>
         <input_file_ref idref="fl-4"/>
      </object_component>
      <object_component id="oc-1c0">
         <name>.debug_line</name>
         <load_address>0xa35</load_address>
         <run_address>0xa35</run_address>
         <size>0x79</size>
         <input_file_ref idref="fl-4"/>
      </object_component>
      <object_component id="oc-10c">
         <name>.debug_line</name>
         <load_address>0xaae</load_address>
         <run_address>0xaae</run_address>
         <size>0x40</size>
         <input_file_ref idref="fl-5"/>
      </object_component>
      <object_component id="oc-7f">
         <name>.debug_line</name>
         <load_address>0xaee</load_address>
         <run_address>0xaee</run_address>
         <size>0x40</size>
         <input_file_ref idref="fl-5"/>
      </object_component>
      <object_component id="oc-6c">
         <name>.debug_line</name>
         <load_address>0xb2e</load_address>
         <run_address>0xb2e</run_address>
         <size>0x71</size>
         <input_file_ref idref="fl-5"/>
      </object_component>
      <object_component id="oc-22d">
         <name>.debug_line</name>
         <load_address>0xb9f</load_address>
         <run_address>0xb9f</run_address>
         <size>0x3b</size>
         <input_file_ref idref="fl-6"/>
      </object_component>
      <object_component id="oc-ba">
         <name>.debug_line</name>
         <load_address>0xbda</load_address>
         <run_address>0xbda</run_address>
         <size>0x13a</size>
         <input_file_ref idref="fl-6"/>
      </object_component>
      <object_component id="oc-1f9">
         <name>.debug_line</name>
         <load_address>0xd14</load_address>
         <run_address>0xd14</run_address>
         <size>0x133</size>
         <input_file_ref idref="fl-7"/>
      </object_component>
      <object_component id="oc-12d">
         <name>.debug_line</name>
         <load_address>0xe47</load_address>
         <run_address>0xe47</run_address>
         <size>0x1fa</size>
         <input_file_ref idref="fl-7"/>
      </object_component>
      <object_component id="oc-1fb">
         <name>.debug_line</name>
         <load_address>0x1041</load_address>
         <run_address>0x1041</run_address>
         <size>0x16d</size>
         <input_file_ref idref="fl-8"/>
      </object_component>
      <object_component id="oc-1e1">
         <name>.debug_line</name>
         <load_address>0x11ae</load_address>
         <run_address>0x11ae</run_address>
         <size>0x36</size>
         <input_file_ref idref="fl-8"/>
      </object_component>
      <object_component id="oc-7c">
         <name>.debug_line</name>
         <load_address>0x11e4</load_address>
         <run_address>0x11e4</run_address>
         <size>0x24e</size>
         <input_file_ref idref="fl-8"/>
      </object_component>
      <object_component id="oc-1e3">
         <name>.debug_line</name>
         <load_address>0x1432</load_address>
         <run_address>0x1432</run_address>
         <size>0x137</size>
         <input_file_ref idref="fl-9"/>
      </object_component>
      <object_component id="oc-124">
         <name>.debug_line</name>
         <load_address>0x1569</load_address>
         <run_address>0x1569</run_address>
         <size>0x88</size>
         <input_file_ref idref="fl-9"/>
      </object_component>
      <object_component id="oc-208">
         <name>.debug_line</name>
         <load_address>0x15f1</load_address>
         <run_address>0x15f1</run_address>
         <size>0xda</size>
         <input_file_ref idref="fl-a"/>
      </object_component>
      <object_component id="oc-135">
         <name>.debug_line</name>
         <load_address>0x16cb</load_address>
         <run_address>0x16cb</run_address>
         <size>0xbc</size>
         <input_file_ref idref="fl-a"/>
      </object_component>
      <object_component id="oc-2c5">
         <name>.debug_line</name>
         <load_address>0x1787</load_address>
         <run_address>0x1787</run_address>
         <size>0x20</size>
         <input_file_ref idref="fl-b"/>
      </object_component>
      <object_component id="oc-1c5">
         <name>.debug_line</name>
         <load_address>0x17a7</load_address>
         <run_address>0x17a7</run_address>
         <size>0x7d</size>
         <input_file_ref idref="fl-b"/>
      </object_component>
      <object_component id="oc-2c9">
         <name>.debug_line</name>
         <load_address>0x1824</load_address>
         <run_address>0x1824</run_address>
         <size>0x7d</size>
         <input_file_ref idref="fl-b"/>
      </object_component>
      <object_component id="oc-1bb">
         <name>.debug_line</name>
         <load_address>0x18a1</load_address>
         <run_address>0x18a1</run_address>
         <size>0x6b</size>
         <input_file_ref idref="fl-b"/>
      </object_component>
      <object_component id="oc-2cc">
         <name>.debug_line</name>
         <load_address>0x190c</load_address>
         <run_address>0x190c</run_address>
         <size>0x19b</size>
         <input_file_ref idref="fl-c"/>
      </object_component>
      <object_component id="oc-1d6">
         <name>.debug_line</name>
         <load_address>0x1aa7</load_address>
         <run_address>0x1aa7</run_address>
         <size>0x6b</size>
         <input_file_ref idref="fl-c"/>
      </object_component>
      <object_component id="oc-23d">
         <name>.debug_line</name>
         <load_address>0x1b12</load_address>
         <run_address>0x1b12</run_address>
         <size>0x7d</size>
         <input_file_ref idref="fl-c"/>
      </object_component>
      <object_component id="oc-2d0">
         <name>.debug_line</name>
         <load_address>0x1b8f</load_address>
         <run_address>0x1b8f</run_address>
         <size>0x79</size>
         <input_file_ref idref="fl-c"/>
      </object_component>
      <object_component id="oc-2d5">
         <name>.debug_line</name>
         <load_address>0x1c08</load_address>
         <run_address>0x1c08</run_address>
         <size>0x81</size>
         <input_file_ref idref="fl-c"/>
      </object_component>
      <object_component id="oc-2b6">
         <name>.debug_line</name>
         <load_address>0x1c89</load_address>
         <run_address>0x1c89</run_address>
         <size>0x7d</size>
         <input_file_ref idref="fl-c"/>
      </object_component>
      <object_component id="oc-233">
         <name>.debug_line</name>
         <load_address>0x1d06</load_address>
         <run_address>0x1d06</run_address>
         <size>0x7b</size>
         <input_file_ref idref="fl-c"/>
      </object_component>
      <object_component id="oc-2b2">
         <name>.debug_line</name>
         <load_address>0x1d81</load_address>
         <run_address>0x1d81</run_address>
         <size>0x149</size>
         <input_file_ref idref="fl-d"/>
      </object_component>
      <object_component id="oc-2b0">
         <name>.debug_line</name>
         <load_address>0x1eca</load_address>
         <run_address>0x1eca</run_address>
         <size>0x84</size>
         <input_file_ref idref="fl-d"/>
      </object_component>
      <object_component id="oc-2a9">
         <name>.debug_line</name>
         <load_address>0x1f4e</load_address>
         <run_address>0x1f4e</run_address>
         <size>0x84</size>
         <input_file_ref idref="fl-d"/>
      </object_component>
      <object_component id="oc-2a7">
         <name>.debug_line</name>
         <load_address>0x1fd2</load_address>
         <run_address>0x1fd2</run_address>
         <size>0x84</size>
         <input_file_ref idref="fl-d"/>
      </object_component>
      <object_component id="oc-190">
         <name>.debug_line</name>
         <load_address>0x2056</load_address>
         <run_address>0x2056</run_address>
         <size>0x230</size>
         <input_file_ref idref="fl-d"/>
      </object_component>
      <object_component id="oc-2ad">
         <name>.debug_line</name>
         <load_address>0x2286</load_address>
         <run_address>0x2286</run_address>
         <size>0x84</size>
         <input_file_ref idref="fl-d"/>
      </object_component>
      <object_component id="oc-2b9">
         <name>.debug_line</name>
         <load_address>0x230a</load_address>
         <run_address>0x230a</run_address>
         <size>0x20</size>
         <input_file_ref idref="fl-e"/>
      </object_component>
      <object_component id="oc-193">
         <name>.debug_line</name>
         <load_address>0x232a</load_address>
         <run_address>0x232a</run_address>
         <size>0x123</size>
         <input_file_ref idref="fl-e"/>
      </object_component>
      <object_component id="oc-274">
         <name>.debug_line</name>
         <load_address>0x244d</load_address>
         <run_address>0x244d</run_address>
         <size>0x19b</size>
         <input_file_ref idref="fl-f"/>
      </object_component>
      <object_component id="oc-df">
         <name>.debug_line</name>
         <load_address>0x25e8</load_address>
         <run_address>0x25e8</run_address>
         <size>0x87e</size>
         <input_file_ref idref="fl-f"/>
      </object_component>
      <object_component id="oc-278">
         <name>.debug_line</name>
         <load_address>0x2e66</load_address>
         <run_address>0x2e66</run_address>
         <size>0x72</size>
         <input_file_ref idref="fl-f"/>
      </object_component>
      <object_component id="oc-1d0">
         <name>.debug_line</name>
         <load_address>0x2ed8</load_address>
         <run_address>0x2ed8</run_address>
         <size>0x7a</size>
         <input_file_ref idref="fl-f"/>
      </object_component>
      <object_component id="oc-11c">
         <name>.debug_line</name>
         <load_address>0x2f52</load_address>
         <run_address>0x2f52</run_address>
         <size>0x6b</size>
         <input_file_ref idref="fl-10"/>
      </object_component>
      <object_component id="oc-22f">
         <name>.debug_line</name>
         <load_address>0x2fbd</load_address>
         <run_address>0x2fbd</run_address>
         <size>0x23a</size>
         <input_file_ref idref="fl-11"/>
      </object_component>
      <object_component id="oc-183">
         <name>.debug_line</name>
         <load_address>0x31f7</load_address>
         <run_address>0x31f7</run_address>
         <size>0x72</size>
         <input_file_ref idref="fl-11"/>
      </object_component>
      <object_component id="oc-24d">
         <name>.debug_line</name>
         <load_address>0x3269</load_address>
         <run_address>0x3269</run_address>
         <size>0x72</size>
         <input_file_ref idref="fl-11"/>
      </object_component>
      <object_component id="oc-26f">
         <name>.debug_line</name>
         <load_address>0x32db</load_address>
         <run_address>0x32db</run_address>
         <size>0x72</size>
         <input_file_ref idref="fl-11"/>
      </object_component>
      <object_component id="oc-271">
         <name>.debug_line</name>
         <load_address>0x334d</load_address>
         <run_address>0x334d</run_address>
         <size>0x72</size>
         <input_file_ref idref="fl-11"/>
      </object_component>
      <object_component id="oc-251">
         <name>.debug_line</name>
         <load_address>0x33bf</load_address>
         <run_address>0x33bf</run_address>
         <size>0x72</size>
         <input_file_ref idref="fl-11"/>
      </object_component>
      <object_component id="oc-26d">
         <name>.debug_line</name>
         <load_address>0x3431</load_address>
         <run_address>0x3431</run_address>
         <size>0x72</size>
         <input_file_ref idref="fl-11"/>
      </object_component>
      <object_component id="oc-24f">
         <name>.debug_line</name>
         <load_address>0x34a3</load_address>
         <run_address>0x34a3</run_address>
         <size>0x72</size>
         <input_file_ref idref="fl-11"/>
      </object_component>
      <object_component id="oc-253">
         <name>.debug_line</name>
         <load_address>0x3515</load_address>
         <run_address>0x3515</run_address>
         <size>0x72</size>
         <input_file_ref idref="fl-11"/>
      </object_component>
      <object_component id="oc-c7">
         <name>.debug_line</name>
         <load_address>0x3587</load_address>
         <run_address>0x3587</run_address>
         <size>0xf23</size>
         <input_file_ref idref="fl-11"/>
      </object_component>
      <object_component id="oc-188">
         <name>.debug_line</name>
         <load_address>0x44aa</load_address>
         <run_address>0x44aa</run_address>
         <size>0x79</size>
         <input_file_ref idref="fl-11"/>
      </object_component>
      <object_component id="oc-238">
         <name>.debug_line</name>
         <load_address>0x4523</load_address>
         <run_address>0x4523</run_address>
         <size>0x72</size>
         <input_file_ref idref="fl-11"/>
      </object_component>
      <object_component id="oc-2c3">
         <name>.debug_line</name>
         <load_address>0x4595</load_address>
         <run_address>0x4595</run_address>
         <size>0x1f5</size>
         <input_file_ref idref="fl-12"/>
      </object_component>
      <object_component id="oc-2bf">
         <name>.debug_line</name>
         <load_address>0x478a</load_address>
         <run_address>0x478a</run_address>
         <size>0x73</size>
         <input_file_ref idref="fl-12"/>
      </object_component>
      <object_component id="oc-2c1">
         <name>.debug_line</name>
         <load_address>0x47fd</load_address>
         <run_address>0x47fd</run_address>
         <size>0x73</size>
         <input_file_ref idref="fl-12"/>
      </object_component>
      <object_component id="oc-2bd">
         <name>.debug_line</name>
         <load_address>0x4870</load_address>
         <run_address>0x4870</run_address>
         <size>0x73</size>
         <input_file_ref idref="fl-12"/>
      </object_component>
      <object_component id="oc-2bb">
         <name>.debug_line</name>
         <load_address>0x48e3</load_address>
         <run_address>0x48e3</run_address>
         <size>0x73</size>
         <input_file_ref idref="fl-12"/>
      </object_component>
      <object_component id="oc-1a8">
         <name>.debug_line</name>
         <load_address>0x4956</load_address>
         <run_address>0x4956</run_address>
         <size>0x4f0</size>
         <input_file_ref idref="fl-12"/>
      </object_component>
      <object_component id="oc-26a">
         <name>.debug_line</name>
         <load_address>0x4e46</load_address>
         <run_address>0x4e46</run_address>
         <size>0x73</size>
         <input_file_ref idref="fl-12"/>
      </object_component>
      <object_component id="oc-264">
         <name>.debug_line</name>
         <load_address>0x4eb9</load_address>
         <run_address>0x4eb9</run_address>
         <size>0x7b</size>
         <input_file_ref idref="fl-12"/>
      </object_component>
      <object_component id="oc-1b7">
         <name>.debug_line</name>
         <load_address>0x4f34</load_address>
         <run_address>0x4f34</run_address>
         <size>0xe0</size>
         <input_file_ref idref="fl-13"/>
      </object_component>
      <object_component id="oc-18b">
         <name>.debug_line</name>
         <load_address>0x5014</load_address>
         <run_address>0x5014</run_address>
         <size>0x87</size>
         <input_file_ref idref="fl-13"/>
      </object_component>
      <object_component id="oc-1b5">
         <name>.debug_line</name>
         <load_address>0x509b</load_address>
         <run_address>0x509b</run_address>
         <size>0x87</size>
         <input_file_ref idref="fl-13"/>
      </object_component>
      <object_component id="oc-77">
         <name>.debug_line</name>
         <load_address>0x5122</load_address>
         <run_address>0x5122</run_address>
         <size>0x226</size>
         <input_file_ref idref="fl-13"/>
      </object_component>
      <object_component id="oc-6e">
         <name>.debug_line</name>
         <load_address>0x5348</load_address>
         <run_address>0x5348</run_address>
         <size>0x11c</size>
         <input_file_ref idref="fl-14"/>
      </object_component>
      <object_component id="oc-99">
         <name>.debug_line</name>
         <load_address>0x5464</load_address>
         <run_address>0x5464</run_address>
         <size>0x79</size>
         <input_file_ref idref="fl-ce"/>
      </object_component>
      <object_component id="oc-38">
         <name>.debug_line</name>
         <load_address>0x54dd</load_address>
         <run_address>0x54dd</run_address>
         <size>0x88</size>
         <input_file_ref idref="fl-cf"/>
      </object_component>
      <object_component id="oc-11f">
         <name>.debug_line</name>
         <load_address>0x5565</load_address>
         <run_address>0x5565</run_address>
         <size>0x92</size>
         <input_file_ref idref="fl-d0"/>
      </object_component>
      <object_component id="oc-4a">
         <name>.debug_line</name>
         <load_address>0x55f7</load_address>
         <run_address>0x55f7</run_address>
         <size>0x53</size>
         <input_file_ref idref="fl-d0"/>
      </object_component>
      <object_component id="oc-95">
         <name>.debug_line</name>
         <load_address>0x564a</load_address>
         <run_address>0x564a</run_address>
         <size>0x34</size>
         <input_file_ref idref="fl-d0"/>
      </object_component>
      <object_component id="oc-90">
         <name>.debug_line</name>
         <load_address>0x567e</load_address>
         <run_address>0x567e</run_address>
         <size>0x20</size>
         <input_file_ref idref="fl-d1"/>
      </object_component>
      <object_component id="oc-1e">
         <name>.debug_line</name>
         <load_address>0x569e</load_address>
         <run_address>0x569e</run_address>
         <size>0x55</size>
         <input_file_ref idref="fl-d1"/>
      </object_component>
      <object_component id="oc-40">
         <name>.debug_line</name>
         <load_address>0x56f3</load_address>
         <run_address>0x56f3</run_address>
         <size>0x3a</size>
         <input_file_ref idref="fl-d1"/>
      </object_component>
      <object_component id="oc-8d">
         <name>.debug_line</name>
         <load_address>0x572d</load_address>
         <run_address>0x572d</run_address>
         <size>0x92</size>
         <input_file_ref idref="fl-d1"/>
      </object_component>
      <object_component id="oc-118">
         <name>.debug_line</name>
         <load_address>0x57bf</load_address>
         <run_address>0x57bf</run_address>
         <size>0x20</size>
         <input_file_ref idref="fl-d2"/>
      </object_component>
      <object_component id="oc-1c">
         <name>.debug_line</name>
         <load_address>0x57df</load_address>
         <run_address>0x57df</run_address>
         <size>0xa9</size>
         <input_file_ref idref="fl-d2"/>
      </object_component>
      <object_component id="oc-30">
         <name>.debug_line</name>
         <load_address>0x5888</load_address>
         <run_address>0x5888</run_address>
         <size>0x3a</size>
         <input_file_ref idref="fl-d2"/>
      </object_component>
      <object_component id="oc-115">
         <name>.debug_line</name>
         <load_address>0x58c2</load_address>
         <run_address>0x58c2</run_address>
         <size>0x9a</size>
         <input_file_ref idref="fl-d2"/>
      </object_component>
      <object_component id="oc-86">
         <name>.debug_line</name>
         <load_address>0x595c</load_address>
         <run_address>0x595c</run_address>
         <size>0x96</size>
         <input_file_ref idref="fl-d2"/>
      </object_component>
[...]
      </symbol>
      <symbol id="sm-6e4">
         <name>xTaskGenericNotifyFromISR</name>
         <value>0x1ca9</value>
         <object_component_ref idref="oc-c3"/>
      </symbol>
      <symbol id="sm-6e5">
         <name>vTaskGetInfo</name>
         <value>0x1531</value>
         <object_component_ref idref="oc-c3"/>
      </symbol>
      <symbol id="sm-6e6">
         <name>uxTaskPriorityGet</name>
         <value>0x5f7</value>
         <object_component_ref idref="oc-c3"/>
      </symbol>
      <symbol id="sm-6e7">
         <name>vTaskStepTick</name>
         <value>0xcc5</value>
         <object_component_ref idref="oc-c3"/>
      </symbol>
      <symbol id="sm-6e8">
         <name>xTaskResumeAll</name>
         <value>0xa75</value>
         <object_component_ref idref="oc-c3"/>
      </symbol>
      <symbol id="sm-6e9">
         <name>vTaskSetApplicationTaskTag</name>
         <value>0xe81</value>
         <object_component_ref idref="oc-c3"/>
      </symbol>
      <symbol id="sm-6ea">
         <name>xTaskGetTickCount</name>
         <value>0xb77</value>
         <object_component_ref idref="oc-c3"/>
      </symbol>
      <symbol id="sm-6eb">
         <name>ulTaskNotifyValueClear</name>
         <value>0x1f2b</value>
         <object_component_ref idref="oc-c3"/>
      </symbol>
      <symbol id="sm-6ec">
         <name>uxTaskGetSystemState</name>
         <value>0xbe9</value>
         <object_component_ref idref="oc-c3"/>
      </symbol>
      <symbol id="sm-6ed">
         <name>vTaskDelete</name>
         <value>0x32d</value>
         <object_component_ref idref="oc-c3"/>
      </symbol>
      <symbol id="sm-6ee">
         <name>xTaskGetApplicationTaskTag</name>
         <value>0xea7</value>
         <object_component_ref idref="oc-c3"/>
      </symbol>
      <symbol id="sm-6ef">
         <name>xTaskCallApplicationTaskHook</name>
         <value>0xf19</value>
         <object_component_ref idref="oc-c3"/>
      </symbol>
      <symbol id="sm-6f0">
         <name>pxCurrentTCB</name>
         <value>0x20008190</value>
         <object_component_ref idref="oc-bd"/>
      </symbol>
      <symbol id="sm-6f1">
         <name>vTaskNotifyGiveFromISR</name>
         <value>0x1e09</value>
         <object_component_ref idref="oc-c3"/>
      </symbol>
      <symbol id="sm-6f2">
         <name>eTaskGetState</name>
         <value>0x541</value>
         <object_component_ref idref="oc-c3"/>
      </symbol>
      <symbol id="sm-6f3">
         <name>vTaskSuspend</name>
         <value>0x7a1</value>
         <object_component_ref idref="oc-c3"/>
      </symbol>
      <symbol id="sm-6f4">
         <name>xTaskGetTickCountFromISR</name>
         <value>0xb87</value>
         <object_component_ref idref="oc-c3"/>
      </symbol>
      <symbol id="sm-6f5">
         <name>vTaskResume</name>
         <value>0x8e5</value>
         <object_component_ref idref="oc-c3"/>
      </symbol>
      <symbol id="sm-6f6">
         <name>vTaskPlaceOnEventListRestricted</name>
         <value>0x10c5</value>
         <object_component_ref idref="oc-c3"/>
      </symbol>
      <symbol id="sm-6f7">
         <name>vTaskSetTimeOutState</name>
         <value>0x122b</value>
         <object_component_ref idref="oc-c3"/>
      </symbol>
      <symbol id="sm-6f8">
         <name>xTaskIncrementTick</name>
         <value>0xd55</value>
         <object_component_ref idref="oc-c3"/>
      </symbol>
      <symbol id="sm-6f9">
         <name>vTaskSwitchContext</name>
         <value>0xf59</value>
         <object_component_ref idref="oc-c3"/>
      </symbol>
      <symbol id="sm-6fa">
         <name>uxTaskResetEventItemValue</name>
         <value>0x1a0b</value>
         <object_component_ref idref="oc-c3"/>
      </symbol>
      <symbol id="sm-6fb">
         <name>xTaskGetSchedulerState</name>
         <value>0x171d</value>
         <object_component_ref idref="oc-c3"/>
      </symbol>
      <symbol id="sm-6fc">
         <name>xTaskGetCurrentTaskHandle</name>
         <value>0x170d</value>
         <object_component_ref idref="oc-c3"/>
      </symbol>
      <symbol id="sm-6fd">
         <name>vTaskPlaceOnUnorderedEventList</name>
         <value>0x1059</value>
         <object_component_ref idref="oc-c3"/>
      </symbol>
      <symbol id="sm-6fe">
         <name>xTaskRemoveFromEventList</name>
         <value>0x1105</value>
         <object_component_ref idref="oc-c3"/>
      </symbol>
      <symbol id="sm-6ff">
         <name>eTaskConfirmSleepModeStatus</name>
         <value>0x13c5</value>
         <object_component_ref idref="oc-c3"/>
      </symbol>
      <symbol id="sm-700">
         <name>xTaskPriorityInherit</name>
         <value>0x1769</value>
         <object_component_ref idref="oc-c3"/>
      </symbol>
      <symbol id="sm-7bd">
         <name>vTimerSetTimerNumber</name>
         <value>0x380b</value>
         <object_component_ref idref="oc-1a4"/>
      </symbol>
      <symbol id="sm-7be">
         <name>xTimerGetTimerDaemonTaskHandle</name>
         <value>0x31ef</value>
         <object_component_ref idref="oc-1a4"/>
      </symbol>
      <symbol id="sm-7bf">
         <name>pcTimerGetName</name>
         <value>0x32e7</value>
         <object_component_ref idref="oc-1a4"/>
      </symbol>
      <symbol id="sm-7c0">
         <name>xTimerCreateTimerTask</name>
         <value>0x308d</value>
         <object_component_ref idref="oc-1a4"/>
      </symbol>
      <symbol id="sm-7c1">
         <name>xTimerGetExpiryTime</name>
         <value>0x32bd</value>
         <object_component_ref idref="oc-1a4"/>
      </symbol>
      <symbol id="sm-7c2">
         <name>uxTimerGetTimerNumber</name>
         <value>0x37fd</value>
         <object_component_ref idref="oc-1a4"/>
      </symbol>
      <symbol id="sm-7c3">
         <name>xTimerIsTimerActive</name>
         <value>0x3765</value>
         <object_component_ref idref="oc-1a4"/>
      </symbol>
      <symbol id="sm-7c4">
         <name>xTimerGetPeriod</name>
         <value>0x3211</value>
         <object_component_ref idref="oc-1a4"/>
      </symbol>
      <symbol id="sm-7c5">
         <name>xTimerCreate</name>
         <value>0x30cd</value>
         <object_component_ref idref="oc-1a4"/>
      </symbol>
      <symbol id="sm-7c6">
         <name>vTimerSetReloadMode</name>
         <value>0x3237</value>
         <object_component_ref idref="oc-1a4"/>
      </symbol>
      <symbol id="sm-7c7">
         <name>xTimerGenericCommand</name>
         <value>0x316f</value>
         <object_component_ref idref="oc-1a4"/>
      </symbol>
      <symbol id="sm-7c8">
         <name>uxTimerGetReloadMode</name>
         <value>0x3281</value>
         <object_component_ref idref="oc-1a4"/>
      </symbol>
      <symbol id="sm-7c9">
         <name>pvTimerGetTimerID</name>
         <value>0x37a1</value>
         <object_component_ref idref="oc-1a4"/>
      </symbol>
      <symbol id="sm-7ca">
         <name>vTimerSetTimerID</name>
         <value>0x37cf</value>
         <object_component_ref idref="oc-1a4"/>
      </symbol>
      <symbol id="sm-832">
         <name>ulMaxSyscallInterruptPriority</name>
         <value>0x5cd8</value>
         <object_component_ref idref="oc-c0"/>
      </symbol>
      <symbol id="sm-833">
         <name>vPortSetupTimerInterrupt</name>
         <value>0x4c89</value>
         <object_component_ref idref="oc-72"/>
      </symbol>
      <symbol id="sm-834">
         <name>vPortEndScheduler</name>
         <value>0x4a71</value>
         <object_component_ref idref="oc-72"/>
      </symbol>
      <symbol id="sm-835">
         <name>vPortSuppressTicksAndSleep</name>
         <value>0x4b31</value>
         <object_component_ref idref="oc-72"/>
      </symbol>
      <symbol id="sm-836">
         <name>xPortSysTickHandler</name>
         <value>0x4b03</value>
         <object_component_ref idref="oc-72"/>
      </symbol>
      <symbol id="sm-837">
         <name>vPortValidateInterruptPriority</name>
         <value>0x4cd1</value>
         <object_component_ref idref="oc-72"/>
      </symbol>
      <symbol id="sm-838">
         <name>pxPortInitialiseStack</name>
         <value>0x492d</value>
         <object_component_ref idref="oc-72"/>
      </symbol>
      <symbol id="sm-839">
         <name>vPortExitCritical</name>
         <value>0x4ad7</value>
         <object_component_ref idref="oc-72"/>
      </symbol>
      <symbol id="sm-83a">
         <name>xPortStartScheduler</name>
         <value>0x49b9</value>
         <object_component_ref idref="oc-72"/>
      </symbol>
      <symbol id="sm-83b">
         <name>vPortEnterCritical</name>
         <value>0x4a95</value>
         <object_component_ref idref="oc-72"/>
      </symbol>
      <symbol id="sm-84a">
         <name>vPortStartFirstTask</name>
         <value>0x59a9</value>
         <object_component_ref idref="oc-6d"/>
      </symbol>
      <symbol id="sm-84b">
         <name>ulPortGetIPSR</name>
         <value>0x5911</value>
         <object_component_ref idref="oc-6d"/>
      </symbol>
      <symbol id="sm-84c">
         <name>vPortEnableVFP</name>
         <value>0x59cd</value>
         <object_component_ref idref="oc-6d"/>
      </symbol>
      <symbol id="sm-84d">
         <name>xPortPendSVHandler</name>
         <value>0x5929</value>
         <object_component_ref idref="oc-6d"/>
      </symbol>
      <symbol id="sm-84e">
         <name>vPortSVCHandler</name>
         <value>0x5989</value>
         <object_component_ref idref="oc-6d"/>
      </symbol>
      <symbol id="sm-85d">
         <name>__aeabi_memset</name>
         <value>0x5b1b</value>
         <object_component_ref idref="oc-98"/>
      </symbol>
      <symbol id="sm-85e">
         <name>memset</name>
         <value>0x5b21</value>
         <object_component_ref idref="oc-98"/>
      </symbol>
      <symbol id="sm-85f">
         <name>__aeabi_memset8</name>
         <value>0x5b1b</value>
         <object_component_ref idref="oc-98"/>
      </symbol>
      <symbol id="sm-860">
         <name>__aeabi_memset4</name>
         <value>0x5b1b</value>
         <object_component_ref idref="oc-98"/>
      </symbol>
      <symbol id="sm-861">
         <name>__aeabi_memclr8</name>
         <value>0x5b19</value>
         <object_component_ref idref="oc-98"/>
      </symbol>
      <symbol id="sm-862">
         <name>__aeabi_memclr4</name>
         <value>0x5b19</value>
         <object_component_ref idref="oc-98"/>
      </symbol>
      <symbol id="sm-863">
         <name>__aeabi_memclr</name>
         <value>0x5b19</value>
         <object_component_ref idref="oc-98"/>
      </symbol>
      <symbol id="sm-87e">
         <name>memcpy</name>
         <value>0x5a7d</value>
         <object_component_ref idref="oc-37"/>
      </symbol>
      <symbol id="sm-87f">
         <name>__aeabi_memcpy</name>
         <value>0x5a7d</value>
         <object_component_ref idref="oc-37"/>
      </symbol>
      <symbol id="sm-880">
         <name>__aeabi_memcpy8</name>
         <value>0x5a7d</value>
         <object_component_ref idref="oc-37"/>
      </symbol>
      <symbol id="sm-881">
         <name>__aeabi_memcpy4</name>
         <value>0x5a7d</value>
         <object_component_ref idref="oc-37"/>
      </symbol>
      <symbol id="sm-893">
         <name>__TI_zero_init</name>
         <value>0x5cc5</value>
         <object_component_ref idref="oc-49"/>
      </symbol>
      <symbol id="sm-8aa">
         <name>__TI_decompress_none</name>
         <value>0x5ca9</value>
         <object_component_ref idref="oc-1d"/>
      </symbol>
      <symbol id="sm-8cd">
         <name>__TI_decompress_lzss</name>
         <value>0x5b93</value>
         <object_component_ref idref="oc-17"/>
      </symbol>
      <symbol id="sm-8e3">
         <name>rand</name>
         <value>0x5c75</value>
         <object_component_ref idref="oc-200"/>
      </symbol>
      <symbol id="sm-8f6">
         <name>__stack</name>
         <value>0x2000fe00</value>
         <object_component_ref idref="oc-29"/>
      </symbol>
      <symbol id="sm-8f7">
         <name>_c_int00_noargs</name>
         <value>0x5c41</value>
         <object_component_ref idref="oc-55"/>
      </symbol>
      <symbol id="sm-91f">
         <name>__TI_auto_init_nobinit_nopinit</name>
         <value>0x5bfd</value>
         <object_component_ref idref="oc-14c"/>
      </symbol>
      <symbol id="sm-929">
         <name>_system_pre_init</name>
         <value>0x5cd1</value>
         <object_component_ref idref="oc-9e"/>
      </symbol>
      <symbol id="sm-935">
         <name>C$$EXIT</name>
         <value>0x5cd5</value>
         <object_component_ref idref="oc-140"/>
      </symbol>
      <symbol id="sm-936">
         <name>abort</name>
         <value>0x5cd5</value>
         <object_component_ref idref="oc-140"/>
      </symbol>
      <symbol id="sm-94b">
         <name>_nop</name>
         <value>0x57f3</value>
         <object_component_ref idref="oc-287"/>
      </symbol>
      <symbol id="sm-94c">
         <name>_lock</name>
         <value>0x2000820c</value>
         <object_component_ref idref="oc-210"/>
      </symbol>
      <symbol id="sm-94d">
         <name>_unlock</name>
         <value>0x20008210</value>
         <object_component_ref idref="oc-210"/>
      </symbol>
      <symbol id="sm-94f">
         <name>__TI_static_base__</name>
         <value>0x0</value>
      </symbol>
      <symbol id="sm-952">
         <name>__mpu_init</name>
         <value>0x0</value>
      </symbol>
      <symbol id="sm-953">
         <name>_system_post_cinit</name>
         <value>0x0</value>
      </symbol>
      <symbol id="sm-954">
         <name>NMI_Handler</name>
         <value>0x5cc3</value>
      </symbol>
      <symbol id="sm-955">
         <name>HardFault_Handler</name>
         <value>0x5cc3</value>
      </symbol>
      <symbol id="sm-956">
         <name>MemManage_Handler</name>
         <value>0x5cc3</value>
      </symbol>
      <symbol id="sm-957">
         <name>BusFault_Handler</name>
         <value>0x5cc3</value>
      </symbol>
      <symbol id="sm-958">
         <name>UsageFault_Handler</name>
         <value>0x5cc3</value>
      </symbol>
      <symbol id="sm-959">
         <name>SVC_Handler</name>
         <value>0x5cc3</value>
      </symbol>
      <symbol id="sm-95a">
         <name>DebugMon_Handler</name>
         <value>0x5cc3</value>
      </symbol>
      <symbol id="sm-95b">
         <name>PendSV_Handler</name>
         <value>0x5cc3</value>
      </symbol>
      <symbol id="sm-95c">
         <name>SysTick_Handler</name>
         <value>0x5cc3</value>
      </symbol>
      <symbol id="sm-95d">
         <name>PSS_IRQHandler</name>
         <value>0x5cc3</value>
      </symbol>
      <symbol id="sm-95e">
         <name>CS_IRQHandler</name>
         <value>0x5cc3</value>
      </symbol>
      <symbol id="sm-95f">
         <name>PCM_IRQHandler</name>
         <value>0x5cc3</value>
      </symbol>
      <symbol id="sm-960">
         <name>WDT_A_IRQHandler</name>
         <value>0x5cc3</value>
      </symbol>
      <symbol id="sm-961">
         <name>FPU_IRQHandler</name>
         <value>0x5cc3</value>
      </symbol>
      <symbol id="sm-962">
         <name>FLCTL_IRQHandler</name>
         <value>0x5cc3</value>
      </symbol>
      <symbol id="sm-963">
         <name>COMP_E0_IRQHandler</name>
         <value>0x5cc3</value>
      </symbol>
      <symbol id="sm-964">
         <name>COMP_E1_IRQHandler</name>
         <value>0x5cc3</value>
      </symbol>
      <symbol id="sm-965">
         <name>TA0_0_IRQHandler</name>
         <value>0x5cc3</value>
      </symbol>
      <symbol id="sm-966">
         <name>TA0_N_IRQHandler</name>
         <value>0x5cc3</value>
      </symbol>
      <symbol id="sm-967">
         <name>TA1_0_IRQHandler</name>
         <value>0x5cc3</value>
      </symbol>
      <symbol id="sm-968">
         <name>TA1_N_IRQHandler</name>
         <value>0x5cc3</value>
      </symbol>
      <symbol id="sm-969">
         <name>TA2_0_IRQHandler</name>
         <value>0x5cc3</value>
      </symbol>
      <symbol id="sm-96a">
         <name>TA2_N_IRQHandler</name>
         <value>0x5cc3</value>
      </symbol>
      <symbol id="sm-96b">
         <name>TA3_0_IRQHandler</name>
         <value>0x5cc3</value>
      </symbol>
      <symbol id="sm-96c">
         <name>TA3_N_IRQHandler</name>
         <value>0x5cc3</value>
      </symbol>
      <symbol id="sm-96d">
         <name>EUSCIA0_IRQHandler</name>
         <value>0x5cc3</value>
      </symbol>
      <symbol id="sm-96e">
         <name>EUSCIA1_IRQHandler</name>
         <value>0x5cc3</value>
      </symbol>
      <symbol id="sm-96f">
         <name>EUSCIA2_IRQHandler</name>
         <value>0x5cc3</value>
      </symbol>
      <symbol id="sm-970">
         <name>EUSCIA3_IRQHandler</name>
         <value>0x5cc3</value>
      </symbol>
      <symbol id="sm-971">
         <name>EUSCIB0_IRQHandler</name>
         <value>0x5cc3</value>
      </symbol>
      <symbol id="sm-972">
         <name>EUSCIB1_IRQHandler</name>
         <value>0x5cc3</value>
      </symbol>
      <symbol id="sm-973">
         <name>EUSCIB2_IRQHandler</name>
         <value>0x5cc3</value>
      </symbol>
      <symbol id="sm-974">
         <name>EUSCIB3_IRQHandler</name>
         <value>0x5cc3</value>
      </symbol>
      <symbol id="sm-975">
         <name>ADC14_IRQHandler</name>
         <value>0x4361</value>
      </symbol>
      <symbol id="sm-976">
         <name>T32_INT1_IRQHandler</name>
         <value>0x5cc3</value>
      </symbol>
      <symbol id="sm-977">
         <name>T32_INT2_IRQHandler</name>
         <value>0x5cc3</value>
      </symbol>
      <symbol id="sm-978">
         <name>T32_INTC_IRQHandler</name>
         <value>0x5cc3</value>
      </symbol>
      <symbol id="sm-979">
         <name>AES256_IRQHandler</name>
         <value>0x5cc3</value>
      </symbol>
      <symbol id="sm-97a">
         <name>RTC_C_IRQHandler</name>
         <value>0x5cc3</value>
      </symbol>
      <symbol id="sm-97b">
         <name>DMA_ERR_IRQHandler</name>
         <value>0x5cc3</value>
      </symbol>
      <symbol id="sm-97c">
         <name>DMA_INT3_IRQHandler</name>
         <value>0x5cc3</value>
      </symbol>
      <symbol id="sm-97d">
         <name>DMA_INT2_IRQHandler</name>
         <value>0x5cc3</value>
      </symbol>
      <symbol id="sm-97e">
         <name>DMA_INT1_IRQHandler</name>
         <value>0x5cc3</value>
      </symbol>
      <symbol id="sm-97f">
         <name>DMA_INT0_IRQHandler</name>
         <value>0x5cc3</value>
      </symbol>
      <symbol id="sm-980">
         <name>PORT1_IRQHandler</name>
         <value>0x5cc3</value>
      </symbol>
      <symbol id="sm-981">
         <name>PORT2_IRQHandler</name>
         <value>0x5cc3</value>
      </symbol>
      <symbol id="sm-982">
         <name>PORT3_IRQHandler</name>
         <value>0x5cc3</value>
      </symbol>
      <symbol id="sm-983">
         <name>PORT4_IRQHandler</name>
         <value>0x5cc3</value>
      </symbol>
      <symbol id="sm-984">
         <name>PORT5_IRQHandler</name>
         <value>0x5cc3</value>
      </symbol>
      <symbol id="sm-985">
         <name>PORT6_IRQHandler</name>
         <value>0x5cc3</value>
      </symbol>
   </symbol_table>
   <title>Link successful</title>
</link_info>
