******************************************************************************
                  TI ARM Linker PC v20.2.1                     
******************************************************************************
>> Linked Wed Nov 25 22:44:21 2020

OUTPUT FILE NAME:   <ProjectMaze2.out>
ENTRY POINT SYMBOL: "_c_int00_noargs"  address: 00005c41


MEMORY CONFIGURATION

         name            origin    length      used     unused   attr    fill
----------------------  --------  ---------  --------  --------  ----  --------
  MAIN                  00000000   00040000  00005d28  0003a2d8  R  X
  INFO                  00200000   00004000  00000000  00004000  R  X
  SRAM_CODE             01000000   00010000  0000841d  00007be3  RW X
  SRAM_DATA             20000000   00010000  0000841d  00007be3  RW  


SEGMENT ALLOCATION MAP

run origin  load origin   length   init length attrs members
----------  ----------- ---------- ----------- ----- -------
00000000    00000000    00005d28   00005d28    r-x
  00000000    00000000    000000e4   000000e4    r-- .intvecs
  000000e4    000000e4    00005bf4   00005bf4    r-x .text
  00005cd8    00005cd8    00000008   00000008    r-- .const
  00005ce0    00005ce0    00000048   00000048    r-- .cinit
20000000    20000000    0000821d   00000000    rw-
  20000000    20000000    00008190   00000000    rw- .bss
  20008190    20008190    0000008d   00000000    rw- .data
2000fe00    2000fe00    00000200   00000000    rw-
  2000fe00    2000fe00    00000200   00000000    rw- .stack


SECTION ALLOCATION MAP

 output                                  attributes/
section   page    origin      length       input sections
--------  ----  ----------  ----------   ----------------
.intvecs   0    00000000    000000e4     
                  00000000    000000e4     startup_msp432p401r_ccs.obj (.intvecs:retain)

.text      0    000000e4    00005bf4     
                  000000e4    00001f3c     tasks.obj (.text)
                  00002020    0000106c     queue.obj (.text)
                  0000308c    000007a4     timers.obj (.text)
                  00003830    000005e0     lcd.obj (.text)
                  00003e10    000005ac     task_joystick.obj (.text)
                  000043bc    00000570     task_GenMaze.obj (.text)
                  0000492c    00000438     port.obj (.text)
                  00004d64    0000042c     heap_4.obj (.text)
                  00005190    00000354     system_msp432p401r.obj (.text)
                  000054e4    000001e4     task_maze.obj (.text)
                  000056c8    0000012a     list.obj (.text)
                  000057f2    00000002     rtsv7M4_T_le_v4SPD16_eabi.lib : _lock.c.obj (.text:_nop)
                  000057f4    0000010c     main.obj (.text)
                  00005900    000000da     portasm.obj (.text)
                  000059da    00000002     --HOLE-- [fill = 0]
                  000059dc    000000a0     task_main.obj (.text)
                  00005a7c    0000009c     rtsv7M4_T_le_v4SPD16_eabi.lib : memcpy_t2.asm.obj (.text)
                  00005b18    0000007a                                   : memset_t2.asm.obj (.text)
                  00005b92    00000068                                   : copy_decompress_lzss.c.obj (.text:decompress:lzss:__TI_decompress_lzss)
                  00005bfa    00000002     --HOLE-- [fill = 0]
                  00005bfc    00000044                                   : autoinit.c.obj (.text:__TI_auto_init_nobinit_nopinit:__TI_auto_init_nobinit_nopinit)
                  00005c40    00000034                                   : boot_cortex_m.c.obj (.text:_c_int00_noargs:_c_int00_noargs)
                  00005c74    00000034                                   : rand.c.obj (.text:rand)
                  00005ca8    0000000e                                   : copy_decompress_none.c.obj (.text:decompress:none:__TI_decompress_none)
                  00005cb6    0000000e     startup_msp432p401r_ccs.obj (.text)
                  00005cc4    0000000c     rtsv7M4_T_le_v4SPD16_eabi.lib : copy_zero_init.c.obj (.text:decompress:ZI:__TI_zero_init)
                  00005cd0    00000004                                   : pre_init.c.obj (.text:_system_pre_init)
                  00005cd4    00000004                                   : exit.c.obj (.text:abort:abort)

.const     0    00005cd8    00000008     
                  00005cd8    00000008     port.obj (.const)

.cinit     0    00005ce0    00000048     
                  00005ce0    00000022     (.cinit..data.load) [load image, compression = lzss]
                  00005d02    00000002     --HOLE-- [fill = 0]
                  00005d04    0000000c     (__TI_handler_table)
                  00005d10    00000008     (.cinit..bss.load) [load image, compression = zero_init]
                  00005d18    00000010     (__TI_cinit_table)

.init_array 
*          0    00000000    00000000     UNINITIALIZED

.binit     0    00000000    00000000     

.bss       0    20000000    00008190     UNINITIALIZED
                  20000000    00008000     heap_4.obj (.bss:ucHeap)
                  20008000    000000c8     tasks.obj (.bss:pxReadyTasksLists)
                  200080c8    00000014     timers.obj (.bss:xActiveTimerList1)
                  200080dc    00000014     timers.obj (.bss:xActiveTimerList2)
                  200080f0    00000014     tasks.obj (.bss:xDelayedTaskList1)
                  20008104    00000014     tasks.obj (.bss:xDelayedTaskList2)
                  20008118    00000014     tasks.obj (.bss:xPendingReadyList)
                  2000812c    00000014     tasks.obj (.bss:xSuspendedTaskList)
                  20008140    00000014     tasks.obj (.bss:xTasksWaitingTermination)
                  20008154    00000008     tasks.obj (.bss)
                  2000815c    00000008     timers.obj (.bss)
                  20008164    00000008     heap_4.obj (.bss:xStart)
                  2000816c    00000004     (.common:Queue_Generated_Maze)
                  20008170    00000004     (.common:Queue_Maze)
                  20008174    00000004     (.common:Queue_Player)
                  20008178    00000004     (.common:Task_Gen_Maze_Handle)
                  2000817c    00000004     (.common:Task_Joystick_Handle)
                  20008180    00000004     (.common:Task_Joystick_Timer_Handle)
                  20008184    00000004     (.common:Task_Main_Handle)
                  20008188    00000004     (.common:Task_Maze_Handle)
                  2000818c    00000002     (.common:Lcd_ScreenHeigth)
                  2000818e    00000002     (.common:Lcd_ScreenWidth)

.data      0    20008190    0000008d     UNINITIALIZED
                  20008190    00000034     tasks.obj (.data)
                  200081c4    00000018     heap_4.obj (.data)
                  200081dc    00000018     port.obj (.data)
                  200081f4    0000000c     task_joystick.obj (.data)
                  20008200    0000000c     timers.obj (.data)
                  2000820c    00000008     rtsv7M4_T_le_v4SPD16_eabi.lib : _lock.c.obj (.data:$O1$$)
                  20008214    00000004                                   : rand.c.obj (.data)
                  20008218    00000004     system_msp432p401r.obj (.data)
                  2000821c    00000001     lcd.obj (.data)

.stack     0    2000fe00    00000200     UNINITIALIZED
                  2000fe00    00000004     rtsv7M4_T_le_v4SPD16_eabi.lib : boot_cortex_m.c.obj (.stack)
                  2000fe04    000001fc     --HOLE--

__llvm_prf_cnts 
*          0    20000000    00000000     UNINITIALIZED

MODULE SUMMARY

       Module                        code    ro data   rw data
       ------                        ----    -------   -------
    .\
       lcd.obj                       1504    0         10     
       task_joystick.obj             1452    0         40     
       task_GenMaze.obj              1392    0         16     
       system_msp432p401r.obj        852     0         8      
       task_maze.obj                 484     0         8      
       main.obj                      268     0         0      
       startup_msp432p401r_ccs.obj   14      228       0      
       task_main.obj                 160     0         24     
    +--+-----------------------------+-------+---------+---------+
       Total:                        6126    228       106    
                                                              
    .\FreeRTOS\
       heap_4.obj                    1068    0         65600  
       tasks.obj                     7996    0         720    
       queue.obj                     4204    0         0      
       timers.obj                    1956    0         120    
       list.obj                      298     0         0      
    +--+-----------------------------+-------+---------+---------+
       Total:                        15522   0         66440  
                                                              
    .\FreeRTOS\portable\
       port.obj                      1080    8         48     
       portasm.obj                   218     0         0      
    +--+-----------------------------+-------+---------+---------+
       Total:                        1298    8         48     
                                                              
    C:\ti\ccs1010\ccs\tools\compiler\ti-cgt-arm_20.2.1.LTS\lib\rtsv7M4_T_le_v4SPD16_eabi.lib
       memcpy_t2.asm.obj             156     0         0      
       memset_t2.asm.obj             122     0         0      
       copy_decompress_lzss.c.obj    104     0         0      
       autoinit.c.obj                68      0         0      
       rand.c.obj                    52      0         8      
       boot_cortex_m.c.obj           52      0         0      
       _lock.c.obj                   2       0         16     
       copy_decompress_none.c.obj    14      0         0      
       copy_zero_init.c.obj          12      0         0      
       exit.c.obj                    4       0         0      
       pre_init.c.obj                4       0         0      
    +--+-----------------------------+-------+---------+---------+
       Total:                        590     0         24     
                                                              
       Stack:                        0       0         1024   
       Linker Generated:             0       70        0      
    +--+-----------------------------+-------+---------+---------+
       Grand Total:                  23536   306       67642  


LINKER GENERATED COPY TABLES

__TI_cinit_table @ 00005d18 records: 2, size/record: 8, table size: 16
	.data: load addr=00005ce0, load size=00000022 bytes, run addr=20008190, run size=0000008d bytes, compression=lzss
	.bss: load addr=00005d10, load size=00000008 bytes, run addr=20000000, run size=00008190 bytes, compression=zero_init


LINKER GENERATED HANDLER TABLE

__TI_handler_table @ 00005d04 records: 3, size/record: 4, table size: 12
	index: 0, handler: __TI_decompress_lzss
	index: 1, handler: __TI_decompress_none
	index: 2, handler: __TI_zero_init


GLOBAL SYMBOLS: SORTED ALPHABETICALLY BY Name 

address   name                               
-------   ----                               
00004361  ADC14_IRQHandler                   
00004361  ADC14_IRQHandler                   
00005cc3  AES256_IRQHandler                  
00005cc3  BusFault_Handler                   
00005cd5  C$$EXIT                            
00005cc3  COMP_E0_IRQHandler                 
00005cc3  COMP_E1_IRQHandler                 
00005cc3  CS_IRQHandler                      
00003a37  Crystalfontz128x128_Init           
00003909  Crystalfontz128x128_SetDrawFrame   
00005cc3  DMA_ERR_IRQHandler                 
00005cc3  DMA_INT0_IRQHandler                
00005cc3  DMA_INT1_IRQHandler                
00005cc3  DMA_INT2_IRQHandler                
00005cc3  DMA_INT3_IRQHandler                
00005cc3  DebugMon_Handler                   
00005cc3  Default_Handler                    
00005cc3  EUSCIA0_IRQHandler                 
00005cc3  EUSCIA1_IRQHandler                 
00005cc3  EUSCIA2_IRQHandler                 
00005cc3  EUSCIA3_IRQHandler                 
00005cc3  EUSCIB0_IRQHandler                 
00005cc3  EUSCIB1_IRQHandler                 
00005cc3  EUSCIB2_IRQHandler                 
00005cc3  EUSCIB3_IRQHandler                 
00005cc3  FLCTL_IRQHandler                   
00005cc3  FPU_IRQHandler                     
00003831  HAL_LCD_PortInit                   
00003879  HAL_LCD_SpiInit                    
000038ad  HAL_LCD_writeCommand               
000038e5  HAL_LCD_writeData                  
00005cc3  HardFault_Handler                  
00005a11  Init_Main                          
000059dd  Init_Queue                         
200081f8  JOYSTICK_X_DIR                     
200081fc  JOYSTICK_Y_DIR                     
2000821c  Lcd_Orientation                    
2000818c  Lcd_ScreenHeigth                   
2000818e  Lcd_ScreenWidth                    
00005cc3  MemManage_Handler                  
00005cc3  NMI_Handler                        
00005cc3  PCM_IRQHandler                     
00005cc3  PORT1_IRQHandler                   
00005cc3  PORT2_IRQHandler                   
00005cc3  PORT3_IRQHandler                   
00005cc3  PORT4_IRQHandler                   
00005cc3  PORT5_IRQHandler                   
00005cc3  PORT6_IRQHandler                   
00005cc3  PSS_IRQHandler                     
00005cc3  PendSV_Handler                     
2000816c  Queue_Generated_Maze               
20008170  Queue_Maze                         
20008174  Queue_Player                       
00005cc3  RTC_C_IRQHandler                   
00005cb7  Reset_Handler                      
00005cc3  SVC_Handler                        
00005cc3  SysTick_Handler                    
20008218  SystemCoreClock                    
00005191  SystemCoreClockUpdate              
00005409  SystemInit                         
00005cc3  T32_INT1_IRQHandler                
00005cc3  T32_INT2_IRQHandler                
00005cc3  T32_INTC_IRQHandler                
00005cc3  TA0_0_IRQHandler                   
00005cc3  TA0_N_IRQHandler                   
00005cc3  TA1_0_IRQHandler                   
00005cc3  TA1_N_IRQHandler                   
00005cc3  TA2_0_IRQHandler                   
00005cc3  TA2_N_IRQHandler                   
00005cc3  TA3_0_IRQHandler                   
00005cc3  TA3_N_IRQHandler                   
20008178  Task_Gen_Maze_Handle               
00003f31  Task_Joystick_Bottom_Half          
2000817c  Task_Joystick_Handle               
00003e7b  Task_Joystick_Init                 
00003ee9  Task_Joystick_Timer                
20008180  Task_Joystick_Timer_Handle         
00005a21  Task_Main                          
20008184  Task_Main_Handle                   
000054e5  Task_Maze                          
20008188  Task_Maze_Handle                   
00005cc3  UsageFault_Handler                 
4000480c  WDTCTL_SYM                         
00005cc3  WDT_A_IRQHandler                   
20010000  __STACK_END                        
00000200  __STACK_SIZE                       
00005d18  __TI_CINIT_Base                    
00005d28  __TI_CINIT_Limit                   
00005d04  __TI_Handler_Table_Base            
00005d10  __TI_Handler_Table_Limit           
00005bfd  __TI_auto_init_nobinit_nopinit     
00005b93  __TI_decompress_lzss               
00005ca9  __TI_decompress_none               
ffffffff  __TI_pprof_out_hndl                
ffffffff  __TI_prof_data_size                
ffffffff  __TI_prof_data_start               
00000000  __TI_static_base__                 
00005cc5  __TI_zero_init                     
00005b19  __aeabi_memclr                     
00005b19  __aeabi_memclr4                    
00005b19  __aeabi_memclr8                    
00005a7d  __aeabi_memcpy                     
00005a7d  __aeabi_memcpy4                    
00005a7d  __aeabi_memcpy8                    
00005b1b  __aeabi_memset                     
00005b1b  __aeabi_memset4                    
00005b1b  __aeabi_memset8                    
ffffffff  __binit__                          
ffffffff  __c_args__                         
UNDEFED   __mpu_init                         
2000fe00  __stack                            
20000000  __start___llvm_prf_cnts            
20000000  __stop___llvm_prf_cnts             
00005c41  _c_int00_noargs                    
2000820c  _lock                              
000057f3  _nop                               
UNDEFED   _system_post_cinit                 
00005cd1  _system_pre_init                   
20008210  _unlock                            
00005cd5  abort                              
ffffffff  binit                              
000043bd  cellHasNeighboors                  
000013c5  eTaskConfirmSleepModeStatus        
00000541  eTaskGetState                      
00000000  interruptVectors                   
00003c89  lcd_draw_image                     
00003b8d  lcd_draw_rectangle                 
000057f5  main                               
00005a7d  memcpy                             
00005b21  memset                             
00000ba1  pcTaskGetName                      
000032e7  pcTimerGetName                     
200081f4  posX                               
200081f5  posY                               
00004d65  pvPortMalloc                       
0000145d  pvTaskGetThreadLocalStoragePointer 
00001a2d  pvTaskIncrementMutexHeldCount      
000037a1  pvTimerGetTimerID                  
20008190  pxCurrentTCB                       
0000492d  pxPortInitialiseStack              
00005c75  rand                               
00004471  randDir                            
00004487  task_generateMaze                  
00002da3  ucQueueGetQueueType                
00005cd8  ulMaxSyscallInterruptPriority      
00005911  ulPortGetIPSR                      
00001a4d  ulTaskNotifyTake                   
00001f2b  ulTaskNotifyValueClear             
000057ab  uxListRemove                       
00002d83  uxQueueGetQueueNumber              
00002cd3  uxQueueMessagesWaiting             
00002d35  uxQueueMessagesWaitingFromISR      
00002d01  uxQueueSpacesAvailable             
00000b9b  uxTaskGetNumberOfTasks             
00000be9  uxTaskGetSystemState               
00001329  uxTaskGetTaskNumber                
000005f7  uxTaskPriorityGet                  
00000629  uxTaskPriorityGetFromISR           
00001a0b  uxTaskResetEventItemValue          
00003281  uxTimerGetReloadMode               
000037fd  uxTimerGetTimerNumber              
00005877  vApplicationMallocFailedHook       
00005879  vApplicationStackOverflowHook      
000056c9  vListInitialise                    
000056f9  vListInitialiseItem                
00005745  vListInsert                        
00005709  vListInsertEnd                     
000059cd  vPortEnableVFP                     
00004a71  vPortEndScheduler                  
00004a95  vPortEnterCritical                 
00004ad7  vPortExitCritical                  
00004ecf  vPortFree                          
000050d1  vPortGetHeapStats                  
00004f75  vPortInitialiseBlocks              
00005989  vPortSVCHandler                    
00004c89  vPortSetupTimerInterrupt           
000059a9  vPortStartFirstTask                
00004b31  vPortSuppressTicksAndSleep         
00004cd1  vPortValidateInterruptPriority     
00002d5f  vQueueDelete                       
00002d91  vQueueSetQueueNumber               
00003031  vQueueWaitForMessageRestricted     
000004d9  vTaskDelay                         
000003f7  vTaskDelayUntil                    
0000032d  vTaskDelete                        
000009ef  vTaskEndScheduler                  
00001531  vTaskGetInfo                       
0000125d  vTaskInternalSetTimeOutState       
00001321  vTaskMissedYield                   
00001e09  vTaskNotifyGiveFromISR             
00001029  vTaskPlaceOnEventList              
000010c5  vTaskPlaceOnEventListRestricted    
00001059  vTaskPlaceOnUnorderedEventList     
00001911  vTaskPriorityDisinheritAfterTimeout
0000066d  vTaskPrioritySet                   
00001195  vTaskRemoveFromUnorderedEventList  
000008e5  vTaskResume                        
00000e81  vTaskSetApplicationTaskTag         
00001349  vTaskSetTaskNumber                 
00001415  vTaskSetThreadLocalStoragePointer  
0000122b  vTaskSetTimeOutState               
00000979  vTaskStartScheduler                
00000cc5  vTaskStepTick                      
000007a1  vTaskSuspend                       
00000a0b  vTaskSuspendAll                    
00000f59  vTaskSwitchContext                 
00003237  vTimerSetReloadMode                
000037cf  vTimerSetTimerID                   
0000380b  vTimerSetTimerNumber               
00004f69  xPortGetFreeHeapSize               
00004f6f  xPortGetMinimumEverFreeHeapSize    
00005929  xPortPendSVHandler                 
000049b9  xPortStartScheduler                
00004b03  xPortSysTickHandler                
00002277  xQueueCreateCountingSemaphore      
000021a3  xQueueCreateMutex                  
000020d5  xQueueGenericCreate                
00002021  xQueueGenericReset                 
000022d5  xQueueGenericSend                  
00002489  xQueueGenericSendFromISR           
00002599  xQueueGiveFromISR                  
000021cf  xQueueGiveMutexRecursive           
00002f9d  xQueueIsQueueEmptyFromISR          
00002ff7  xQueueIsQueueFullFromISR           
000029d1  xQueuePeek                         
00002c27  xQueuePeekFromISR                  
00002689  xQueueReceive                      
00002b4f  xQueueReceiveFromISR               
00002801  xQueueSemaphoreTake                
0000221f  xQueueTakeMutexRecursive           
00000f19  xTaskCallApplicationTaskHook       
00000cff  xTaskCatchUpTicks                  
00001277  xTaskCheckForTimeOut               
000000e5  xTaskCreate                        
00001b63  xTaskGenericNotify                 
00001ca9  xTaskGenericNotifyFromISR          
00000ea7  xTaskGetApplicationTaskTag         
00000ed5  xTaskGetApplicationTaskTagFromISR  
0000170d  xTaskGetCurrentTaskHandle          
0000171d  xTaskGetSchedulerState             
00000b77  xTaskGetTickCount                  
00000b87  xTaskGetTickCountFromISR           
00000d55  xTaskIncrementTick                 
00001ef1  xTaskNotifyStateClear              
00001ac3  xTaskNotifyWait                    
00001831  xTaskPriorityDisinherit            
00001769  xTaskPriorityInherit               
00001105  xTaskRemoveFromEventList           
00000a75  xTaskResumeAll                     
000030cd  xTimerCreate                       
0000308d  xTimerCreateTimerTask              
0000316f  xTimerGenericCommand               
000032bd  xTimerGetExpiryTime                
00003211  xTimerGetPeriod                    
000031ef  xTimerGetTimerDaemonTaskHandle     
00003765  xTimerIsTimerActive                


GLOBAL SYMBOLS: SORTED BY Symbol Address 

address   name                               
-------   ----                               
00000000  __TI_static_base__                 
00000000  interruptVectors                   
000000e5  xTaskCreate                        
00000200  __STACK_SIZE                       
0000032d  vTaskDelete                        
000003f7  vTaskDelayUntil                    
000004d9  vTaskDelay                         
00000541  eTaskGetState                      
000005f7  uxTaskPriorityGet                  
00000629  uxTaskPriorityGetFromISR           
0000066d  vTaskPrioritySet                   
000007a1  vTaskSuspend                       
000008e5  vTaskResume                        
00000979  vTaskStartScheduler                
000009ef  vTaskEndScheduler                  
00000a0b  vTaskSuspendAll                    
00000a75  xTaskResumeAll                     
00000b77  xTaskGetTickCount                  
00000b87  xTaskGetTickCountFromISR           
00000b9b  uxTaskGetNumberOfTasks             
00000ba1  pcTaskGetName                      
00000be9  uxTaskGetSystemState               
00000cc5  vTaskStepTick                      
00000cff  xTaskCatchUpTicks                  
00000d55  xTaskIncrementTick                 
00000e81  vTaskSetApplicationTaskTag         
00000ea7  xTaskGetApplicationTaskTag         
00000ed5  xTaskGetApplicationTaskTagFromISR  
00000f19  xTaskCallApplicationTaskHook       
00000f59  vTaskSwitchContext                 
00001029  vTaskPlaceOnEventList              
00001059  vTaskPlaceOnUnorderedEventList     
000010c5  vTaskPlaceOnEventListRestricted    
00001105  xTaskRemoveFromEventList           
00001195  vTaskRemoveFromUnorderedEventList  
0000122b  vTaskSetTimeOutState               
0000125d  vTaskInternalSetTimeOutState       
00001277  xTaskCheckForTimeOut               
00001321  vTaskMissedYield                   
00001329  uxTaskGetTaskNumber                
00001349  vTaskSetTaskNumber                 
000013c5  eTaskConfirmSleepModeStatus        
00001415  vTaskSetThreadLocalStoragePointer  
0000145d  pvTaskGetThreadLocalStoragePointer 
00001531  vTaskGetInfo                       
0000170d  xTaskGetCurrentTaskHandle          
0000171d  xTaskGetSchedulerState             
00001769  xTaskPriorityInherit               
00001831  xTaskPriorityDisinherit            
00001911  vTaskPriorityDisinheritAfterTimeout
00001a0b  uxTaskResetEventItemValue          
00001a2d  pvTaskIncrementMutexHeldCount      
00001a4d  ulTaskNotifyTake                   
00001ac3  xTaskNotifyWait                    
00001b63  xTaskGenericNotify                 
00001ca9  xTaskGenericNotifyFromISR          
00001e09  vTaskNotifyGiveFromISR             
00001ef1  xTaskNotifyStateClear              
00001f2b  ulTaskNotifyValueClear             
00002021  xQueueGenericReset                 
000020d5  xQueueGenericCreate                
000021a3  xQueueCreateMutex                  
000021cf  xQueueGiveMutexRecursive           
0000221f  xQueueTakeMutexRecursive           
00002277  xQueueCreateCountingSemaphore      
000022d5  xQueueGenericSend                  
00002489  xQueueGenericSendFromISR           
00002599  xQueueGiveFromISR                  
00002689  xQueueReceive                      
00002801  xQueueSemaphoreTake                
000029d1  xQueuePeek                         
00002b4f  xQueueReceiveFromISR               
00002c27  xQueuePeekFromISR                  
00002cd3  uxQueueMessagesWaiting             
00002d01  uxQueueSpacesAvailable             
00002d35  uxQueueMessagesWaitingFromISR      
00002d5f  vQueueDelete                       
00002d83  uxQueueGetQueueNumber              
00002d91  vQueueSetQueueNumber               
00002da3  ucQueueGetQueueType                
00002f9d  xQueueIsQueueEmptyFromISR          
00002ff7  xQueueIsQueueFullFromISR           
00003031  vQueueWaitForMessageRestricted     
0000308d  xTimerCreateTimerTask              
000030cd  xTimerCreate                       
0000316f  xTimerGenericCommand               
000031ef  xTimerGetTimerDaemonTaskHandle     
00003211  xTimerGetPeriod                    
00003237  vTimerSetReloadMode                
00003281  uxTimerGetReloadMode               
000032bd  xTimerGetExpiryTime                
000032e7  pcTimerGetName                     
00003765  xTimerIsTimerActive                
000037a1  pvTimerGetTimerID                  
000037cf  vTimerSetTimerID                   
000037fd  uxTimerGetTimerNumber              
0000380b  vTimerSetTimerNumber               
00003831  HAL_LCD_PortInit                   
00003879  HAL_LCD_SpiInit                    
000038ad  HAL_LCD_writeCommand               
000038e5  HAL_LCD_writeData                  
00003909  Crystalfontz128x128_SetDrawFrame   
00003a37  Crystalfontz128x128_Init           
00003b8d  lcd_draw_rectangle                 
00003c89  lcd_draw_image                     
00003e7b  Task_Joystick_Init                 
00003ee9  Task_Joystick_Timer                
00003f31  Task_Joystick_Bottom_Half          
00004361  ADC14_IRQHandler                   
00004361  ADC14_IRQHandler                   
000043bd  cellHasNeighboors                  
00004471  randDir                            
00004487  task_generateMaze                  
0000492d  pxPortInitialiseStack              
000049b9  xPortStartScheduler                
00004a71  vPortEndScheduler                  
00004a95  vPortEnterCritical                 
00004ad7  vPortExitCritical                  
00004b03  xPortSysTickHandler                
00004b31  vPortSuppressTicksAndSleep         
00004c89  vPortSetupTimerInterrupt           
00004cd1  vPortValidateInterruptPriority     
00004d65  pvPortMalloc                       
00004ecf  vPortFree                          
00004f69  xPortGetFreeHeapSize               
00004f6f  xPortGetMinimumEverFreeHeapSize    
00004f75  vPortInitialiseBlocks              
000050d1  vPortGetHeapStats                  
00005191  SystemCoreClockUpdate              
00005409  SystemInit                         
000054e5  Task_Maze                          
000056c9  vListInitialise                    
000056f9  vListInitialiseItem                
00005709  vListInsertEnd                     
00005745  vListInsert                        
000057ab  uxListRemove                       
000057f3  _nop                               
000057f5  main                               
00005877  vApplicationMallocFailedHook       
00005879  vApplicationStackOverflowHook      
00005911  ulPortGetIPSR                      
00005929  xPortPendSVHandler                 
00005989  vPortSVCHandler                    
000059a9  vPortStartFirstTask                
000059cd  vPortEnableVFP                     
000059dd  Init_Queue                         
00005a11  Init_Main                          
00005a21  Task_Main                          
00005a7d  __aeabi_memcpy                     
00005a7d  __aeabi_memcpy4                    
00005a7d  __aeabi_memcpy8                    
00005a7d  memcpy                             
00005b19  __aeabi_memclr                     
00005b19  __aeabi_memclr4                    
00005b19  __aeabi_memclr8                    
00005b1b  __aeabi_memset                     
00005b1b  __aeabi_memset4                    
00005b1b  __aeabi_memset8                    
00005b21  memset                             
00005b93  __TI_decompress_lzss               
00005bfd  __TI_auto_init_nobinit_nopinit     
00005c41  _c_int00_noargs                    
00005c75  rand                               
00005ca9  __TI_decompress_none               
00005cb7  Reset_Handler                      
00005cc3  AES256_IRQHandler                  
00005cc3  BusFault_Handler                   
00005cc3  COMP_E0_IRQHandler                 
00005cc3  COMP_E1_IRQHandler                 
00005cc3  CS_IRQHandler                      
00005cc3  DMA_ERR_IRQHandler                 
00005cc3  DMA_INT0_IRQHandler                
00005cc3  DMA_INT1_IRQHandler                
00005cc3  DMA_INT2_IRQHandler                
00005cc3  DMA_INT3_IRQHandler                
00005cc3  DebugMon_Handler                   
00005cc3  Default_Handler                    
00005cc3  EUSCIA0_IRQHandler                 
00005cc3  EUSCIA1_IRQHandler                 
00005cc3  EUSCIA2_IRQHandler                 
00005cc3  EUSCIA3_IRQHandler                 
00005cc3  EUSCIB0_IRQHandler                 
00005cc3  EUSCIB1_IRQHandler                 
00005cc3  EUSCIB2_IRQHandler                 
00005cc3  EUSCIB3_IRQHandler                 
00005cc3  FLCTL_IRQHandler                   
00005cc3  FPU_IRQHandler                     
00005cc3  HardFault_Handler                  
00005cc3  MemManage_Handler                  
00005cc3  NMI_Handler                        
00005cc3  PCM_IRQHandler                     
00005cc3  PORT1_IRQHandler                   
00005cc3  PORT2_IRQHandler                   
00005cc3  PORT3_IRQHandler                   
00005cc3  PORT4_IRQHandler                   
00005cc3  PORT5_IRQHandler                   
00005cc3  PORT6_IRQHandler                   
00005cc3  PSS_IRQHandler                     
00005cc3  PendSV_Handler                     
00005cc3  RTC_C_IRQHandler                   
00005cc3  SVC_Handler                        
00005cc3  SysTick_Handler                    
00005cc3  T32_INT1_IRQHandler                
00005cc3  T32_INT2_IRQHandler                
00005cc3  T32_INTC_IRQHandler                
00005cc3  TA0_0_IRQHandler                   
00005cc3  TA0_N_IRQHandler                   
00005cc3  TA1_0_IRQHandler                   
00005cc3  TA1_N_IRQHandler                   
00005cc3  TA2_0_IRQHandler                   
00005cc3  TA2_N_IRQHandler                   
00005cc3  TA3_0_IRQHandler                   
00005cc3  TA3_N_IRQHandler                   
00005cc3  UsageFault_Handler                 
00005cc3  WDT_A_IRQHandler                   
00005cc5  __TI_zero_init                     
00005cd1  _system_pre_init                   
00005cd5  C$$EXIT                            
00005cd5  abort                              
00005cd8  ulMaxSyscallInterruptPriority      
00005d04  __TI_Handler_Table_Base            
00005d10  __TI_Handler_Table_Limit           
00005d18  __TI_CINIT_Base                    
00005d28  __TI_CINIT_Limit                   
20000000  __start___llvm_prf_cnts            
20000000  __stop___llvm_prf_cnts             
2000816c  Queue_Generated_Maze               
20008170  Queue_Maze                         
20008174  Queue_Player                       
20008178  Task_Gen_Maze_Handle               
2000817c  Task_Joystick_Handle               
20008180  Task_Joystick_Timer_Handle         
20008184  Task_Main_Handle                   
20008188  Task_Maze_Handle                   
2000818c  Lcd_ScreenHeigth                   
2000818e  Lcd_ScreenWidth                    
20008190  pxCurrentTCB                       
200081f4  posX                               
200081f5  posY                               
200081f8  JOYSTICK_X_DIR                     
200081fc  JOYSTICK_Y_DIR                     
2000820c  _lock                              
20008210  _unlock                            
20008218  SystemCoreClock                    
2000821c  Lcd_Orientation                    
2000fe00  __stack                            
20010000  __STACK_END                        
4000480c  WDTCTL_SYM                         
ffffffff  __TI_pprof_out_hndl                
ffffffff  __TI_prof_data_size                
ffffffff  __TI_prof_data_start               
ffffffff  __binit__                          
ffffffff  __c_args__                         
ffffffff  binit                              
UNDEFED   __mpu_init                         
UNDEFED   _system_post_cinit                 

[256 symbols]
