<?xml version="1.0" encoding="ISO-8859-1" ?>
<link_info>
   <banner>TI ARM Linker PC v20.2.1.LTS</banner>
   <copyright>Copyright (c) 1996-2018 Texas Instruments Incorporated</copyright>
   <link_time>0x5fbf2a28</link_time>
   <link_errors>0x0</link_errors>
   <output_file>ProjectMaze.out</output_file>
   <entry_point>
      <name>_c_int00_noargs</name>
      <address>0x5bb5</address>
   </entry_point>
   <input_file_list>
      <input_file id="fl-2">
         <path>.\</path>
         <kind>object</kind>
         <file>ece353.obj</file>
         <name>ece353.obj</name>
      </input_file>
      <input_file id="fl-3">
         <path>.\</path>
         <kind>object</kind>
         <file>lcd.obj</file>
         <name>lcd.obj</name>
      </input_file>
      <input_file id="fl-4">
         <path>.\</path>
         <kind>object</kind>
         <file>main.obj</file>
         <name>main.obj</name>
      </input_file>
      <input_file id="fl-5">
         <path>.\</path>
         <kind>object</kind>
         <file>startup_msp432p401r_ccs.obj</file>
         <name>startup_msp432p401r_ccs.obj</name>
      </input_file>
      <input_file id="fl-6">
         <path>.\</path>
         <kind>object</kind>
         <file>system_msp432p401r.obj</file>
         <name>system_msp432p401r.obj</name>
      </input_file>
      <input_file id="fl-7">
         <path>.\</path>
         <kind>object</kind>
         <file>task_GenMaze.obj</file>
         <name>task_GenMaze.obj</name>
      </input_file>
      <input_file id="fl-8">
         <path>.\</path>
         <kind>object</kind>
         <file>task_joystick.obj</file>
         <name>task_joystick.obj</name>
      </input_file>
      <input_file id="fl-9">
         <path>.\</path>
         <kind>object</kind>
         <file>task_main.obj</file>
         <name>task_main.obj</name>
      </input_file>
      <input_file id="fl-a">
         <path>.\FreeRTOS\</path>
         <kind>object</kind>
         <file>croutine.obj</file>
         <name>croutine.obj</name>
      </input_file>
      <input_file id="fl-b">
         <path>.\FreeRTOS\</path>
         <kind>object</kind>
         <file>event_groups.obj</file>
         <name>event_groups.obj</name>
      </input_file>
      <input_file id="fl-c">
         <path>.\FreeRTOS\</path>
         <kind>object</kind>
         <file>heap_4.obj</file>
         <name>heap_4.obj</name>
      </input_file>
      <input_file id="fl-d">
         <path>.\FreeRTOS\</path>
         <kind>object</kind>
         <file>list.obj</file>
         <name>list.obj</name>
      </input_file>
      <input_file id="fl-e">
         <path>.\FreeRTOS\</path>
         <kind>object</kind>
         <file>queue.obj</file>
         <name>queue.obj</name>
      </input_file>
      <input_file id="fl-f">
         <path>.\FreeRTOS\</path>
         <kind>object</kind>
         <file>stream_buffer.obj</file>
         <name>stream_buffer.obj</name>
      </input_file>
      <input_file id="fl-10">
         <path>.\FreeRTOS\</path>
         <kind>object</kind>
         <file>tasks.obj</file>
         <name>tasks.obj</name>
      </input_file>
      <input_file id="fl-11">
         <path>.\FreeRTOS\</path>
         <kind>object</kind>
         <file>timers.obj</file>
         <name>timers.obj</name>
      </input_file>
      <input_file id="fl-12">
         <path>.\FreeRTOS\portable\</path>
         <kind>object</kind>
         <file>port.obj</file>
         <name>port.obj</name>
      </input_file>
      <input_file id="fl-13">
         <path>.\FreeRTOS\portable\</path>
         <kind>object</kind>
         <file>portasm.obj</file>
         <name>portasm.obj</name>
      </input_file>
      <input_file id="fl-14">
         <path>.\targetConfigs\</path>
         <kind>object</kind>
         <file>task_maze.obj</file>
         <name>task_maze.obj</name>
      </input_file>
      <input_file id="fl-18">
         <kind>object</kind>
         <file>&lt;internal&gt;</file>
         <name>&lt;internal&gt;</name>
      </input_file>
      <input_file id="fl-ce">
         <path>C:\ti\ccs1010\ccs\tools\compiler\ti-cgt-arm_20.2.1.LTS\lib\</path>
         <kind>archive</kind>
         <file>rtsv7M4_T_le_v4SPD16_eabi.lib</file>
         <name>memset_t2.asm.obj</name>
      </input_file>
      <input_file id="fl-cf">
         <path>C:\ti\ccs1010\ccs\tools\compiler\ti-cgt-arm_20.2.1.LTS\lib\</path>
         <kind>archive</kind>
         <file>rtsv7M4_T_le_v4SPD16_eabi.lib</file>
         <name>memcpy_t2.asm.obj</name>
      </input_file>
      <input_file id="fl-d0">
         <path>C:\ti\ccs1010\ccs\tools\compiler\ti-cgt-arm_20.2.1.LTS\lib\</path>
         <kind>archive</kind>
         <file>rtsv7M4_T_le_v4SPD16_eabi.lib</file>
         <name>copy_zero_init.c.obj</name>
      </input_file>
      <input_file id="fl-d1">
         <path>C:\ti\ccs1010\ccs\tools\compiler\ti-cgt-arm_20.2.1.LTS\lib\</path>
         <kind>archive</kind>
         <file>rtsv7M4_T_le_v4SPD16_eabi.lib</file>
         <name>copy_decompress_none.c.obj</name>
      </input_file>
      <input_file id="fl-d2">
         <path>C:\ti\ccs1010\ccs\tools\compiler\ti-cgt-arm_20.2.1.LTS\lib\</path>
         <kind>archive</kind>
         <file>rtsv7M4_T_le_v4SPD16_eabi.lib</file>
         <name>copy_decompress_lzss.c.obj</name>
      </input_file>
      <input_file id="fl-d3">
         <path>C:\ti\ccs1010\ccs\tools\compiler\ti-cgt-arm_20.2.1.LTS\lib\</path>
         <kind>archive</kind>
         <file>rtsv7M4_T_le_v4SPD16_eabi.lib</file>
         <name>rand.c.obj</name>
      </input_file>
      <input_file id="fl-d4">
         <path>C:\ti\ccs1010\ccs\tools\compiler\ti-cgt-arm_20.2.1.LTS\lib\</path>
         <kind>archive</kind>
         <file>rtsv7M4_T_le_v4SPD16_eabi.lib</file>
         <name>boot_cortex_m.c.obj</name>
      </input_file>
      <input_file id="fl-d5">
         <path>C:\ti\ccs1010\ccs\tools\compiler\ti-cgt-arm_20.2.1.LTS\lib\</path>
         <kind>archive</kind>
         <file>rtsv7M4_T_le_v4SPD16_eabi.lib</file>
         <name>autoinit.c.obj</name>
      </input_file>
      <input_file id="fl-d6">
         <path>C:\ti\ccs1010\ccs\tools\compiler\ti-cgt-arm_20.2.1.LTS\lib\</path>
         <kind>archive</kind>
         <file>rtsv7M4_T_le_v4SPD16_eabi.lib</file>
         <name>pre_init.c.obj</name>
      </input_file>
      <input_file id="fl-d7">
         <path>C:\ti\ccs1010\ccs\tools\compiler\ti-cgt-arm_20.2.1.LTS\lib\</path>
         <kind>archive</kind>
         <file>rtsv7M4_T_le_v4SPD16_eabi.lib</file>
         <name>cpy_tbl.c.obj</name>
      </input_file>
      <input_file id="fl-d8">
         <path>C:\ti\ccs1010\ccs\tools\compiler\ti-cgt-arm_20.2.1.LTS\lib\</path>
         <kind>archive</kind>
         <file>rtsv7M4_T_le_v4SPD16_eabi.lib</file>
         <name>exit.c.obj</name>
      </input_file>
      <input_file id="fl-d9">
         <path>C:\ti\ccs1010\ccs\tools\compiler\ti-cgt-arm_20.2.1.LTS\lib\</path>
         <kind>archive</kind>
         <file>rtsv7M4_T_le_v4SPD16_eabi.lib</file>
         <name>_lock.c.obj</name>
      </input_file>
      <input_file id="fl-da">
         <path>C:\ti\ccs1010\ccs\tools\compiler\ti-cgt-arm_20.2.1.LTS\lib\</path>
         <kind>archive</kind>
         <file>rtsv7M4_T_le_v4SPD16_eabi.lib</file>
         <name>args_main.c.obj</name>
      </input_file>
   </input_file_list>
   <object_component_list>
      <object_component id="oc-26">
         <name>.intvecs:retain</name>
         <load_address>0x0</load_address>
         <run_address>0x0</run_address>
         <size>0xe4</size>
         <input_file_ref idref="fl-5"/>
      </object_component>
      <object_component id="oc-c3">
         <name>.text</name>
         <load_address>0xe4</load_address>
         <run_address>0xe4</run_address>
         <size>0x1f3c</size>
         <input_file_ref idref="fl-10"/>
      </object_component>
      <object_component id="oc-245">
         <name>.text</name>
         <load_address>0x2020</load_address>
         <run_address>0x2020</run_address>
         <size>0x106c</size>
         <input_file_ref idref="fl-e"/>
      </object_component>
      <object_component id="oc-199">
         <name>.text</name>
         <load_address>0x308c</load_address>
         <run_address>0x308c</run_address>
         <size>0x7a4</size>
         <input_file_ref idref="fl-11"/>
      </object_component>
      <object_component id="oc-de">
         <name>.text</name>
         <load_address>0x3830</load_address>
         <run_address>0x3830</run_address>
         <size>0x5e0</size>
         <input_file_ref idref="fl-3"/>
      </object_component>
      <object_component id="oc-78">
         <name>.text</name>
         <load_address>0x3e10</load_address>
         <run_address>0x3e10</run_address>
         <size>0x5a0</size>
         <input_file_ref idref="fl-8"/>
      </object_component>
      <object_component id="oc-11b">
         <name>.text</name>
         <load_address>0x43b0</load_address>
         <run_address>0x43b0</run_address>
         <size>0x56c</size>
         <input_file_ref idref="fl-7"/>
      </object_component>
      <object_component id="oc-72">
         <name>.text</name>
         <load_address>0x491c</load_address>
         <run_address>0x491c</run_address>
         <size>0x438</size>
         <input_file_ref idref="fl-12"/>
      </object_component>
      <object_component id="oc-181">
         <name>.text</name>
         <load_address>0x4d54</load_address>
         <run_address>0x4d54</run_address>
         <size>0x42c</size>
         <input_file_ref idref="fl-c"/>
      </object_component>
      <object_component id="oc-b6">
         <name>.text</name>
         <load_address>0x5180</load_address>
         <run_address>0x5180</run_address>
         <size>0x354</size>
         <input_file_ref idref="fl-6"/>
      </object_component>
      <object_component id="oc-124">
         <name>.text</name>
         <load_address>0x54d4</load_address>
         <run_address>0x54d4</run_address>
         <size>0x1c8</size>
         <input_file_ref idref="fl-14"/>
      </object_component>
      <object_component id="oc-187">
         <name>.text</name>
         <load_address>0x569c</load_address>
         <run_address>0x569c</run_address>
         <size>0x12a</size>
         <input_file_ref idref="fl-d"/>
      </object_component>
      <object_component id="oc-276">
         <name>.text:_nop</name>
         <load_address>0x57c6</load_address>
         <run_address>0x57c6</run_address>
         <size>0x2</size>
         <input_file_ref idref="fl-d9"/>
      </object_component>
      <object_component id="oc-a4">
         <name>.text</name>
         <load_address>0x57c8</load_address>
         <run_address>0x57c8</run_address>
         <size>0x10c</size>
         <input_file_ref idref="fl-4"/>
      </object_component>
      <object_component id="oc-6d">
         <name>.text</name>
         <load_address>0x58d4</load_address>
         <run_address>0x58d4</run_address>
         <size>0xda</size>
         <input_file_ref idref="fl-13"/>
      </object_component>
      <object_component id="oc-37">
         <name>.text</name>
         <load_address>0x59ae</load_address>
         <run_address>0x59ae</run_address>
         <size>0x9c</size>
         <input_file_ref idref="fl-cf"/>
      </object_component>
      <object_component id="oc-98">
         <name>.text</name>
         <load_address>0x5a4a</load_address>
         <run_address>0x5a4a</run_address>
         <size>0x7a</size>
         <input_file_ref idref="fl-ce"/>
      </object_component>
      <object_component id="oc-17">
         <name>.text:decompress:lzss:__TI_decompress_lzss</name>
         <load_address>0x5ac4</load_address>
         <run_address>0x5ac4</run_address>
         <size>0x68</size>
         <input_file_ref idref="fl-d2"/>
      </object_component>
      <object_component id="oc-141">
         <name>.text:__TI_auto_init_nobinit_nopinit:__TI_auto_init_nobinit_nopinit</name>
         <load_address>0x5b2c</load_address>
         <run_address>0x5b2c</run_address>
         <size>0x44</size>
         <input_file_ref idref="fl-d5"/>
      </object_component>
      <object_component id="oc-115">
         <name>.text</name>
         <load_address>0x5b70</load_address>
         <run_address>0x5b70</run_address>
         <size>0x44</size>
         <input_file_ref idref="fl-9"/>
      </object_component>
      <object_component id="oc-55">
         <name>.text:_c_int00_noargs:_c_int00_noargs</name>
         <load_address>0x5bb4</load_address>
         <run_address>0x5bb4</run_address>
         <size>0x34</size>
         <input_file_ref idref="fl-d4"/>
      </object_component>
      <object_component id="oc-1ea">
         <name>.text:rand</name>
         <load_address>0x5be8</load_address>
         <run_address>0x5be8</run_address>
         <size>0x34</size>
         <input_file_ref idref="fl-d3"/>
      </object_component>
      <object_component id="oc-1d">
         <name>.text:decompress:none:__TI_decompress_none</name>
         <load_address>0x5c1c</load_address>
         <run_address>0x5c1c</run_address>
         <size>0xe</size>
         <input_file_ref idref="fl-d1"/>
      </object_component>
      <object_component id="oc-67">
         <name>.text</name>
         <load_address>0x5c2a</load_address>
         <run_address>0x5c2a</run_address>
         <size>0xe</size>
         <input_file_ref idref="fl-5"/>
      </object_component>
      <object_component id="oc-49">
         <name>.text:decompress:ZI:__TI_zero_init</name>
         <load_address>0x5c38</load_address>
         <run_address>0x5c38</run_address>
         <size>0xc</size>
         <input_file_ref idref="fl-d0"/>
      </object_component>
      <object_component id="oc-9e">
         <name>.text:_system_pre_init</name>
         <load_address>0x5c44</load_address>
         <run_address>0x5c44</run_address>
         <size>0x4</size>
         <input_file_ref idref="fl-d6"/>
      </object_component>
      <object_component id="oc-135">
         <name>.text:abort:abort</name>
         <load_address>0x5c48</load_address>
         <run_address>0x5c48</run_address>
         <size>0x4</size>
         <input_file_ref idref="fl-d8"/>
      </object_component>
      <object_component id="oc-c0">
         <name>.const</name>
         <load_address>0x5c4c</load_address>
         <run_address>0x5c4c</run_address>
         <size>0x8</size>
         <input_file_ref idref="fl-12"/>
      </object_component>
      <object_component id="oc-317">
         <name>.cinit..data.load</name>
         <load_address>0x5c58</load_address>
         <run_address>0x5c58</run_address>
         <size>0x22</size>
      </object_component>
      <object_component id="oc-315">
         <name>__TI_handler_table</name>
         <load_address>0x5c7c</load_address>
         <run_address>0x5c7c</run_address>
         <size>0xc</size>
      </object_component>
      <object_component id="oc-318">
         <name>.cinit..bss.load</name>
         <load_address>0x5c88</load_address>
         <run_address>0x5c88</run_address>
         <size>0x8</size>
      </object_component>
      <object_component id="oc-316">
         <name>__TI_cinit_table</name>
         <load_address>0x5c90</load_address>
         <run_address>0x5c90</run_address>
         <size>0x10</size>
      </object_component>
      <object_component id="oc-2e9">
         <name>.binit</name>
         <load_address>0x0</load_address>
         <run_address>0x0</run_address>
         <size>0x0</size>
      </object_component>
      <object_component id="oc-1c1">
         <name>.data</name>
         <load_address>0x20008404</load_address>
         <run_address>0x20008404</run_address>
         <size>0x1</size>
         <input_file_ref idref="fl-3"/>
      </object_component>
      <object_component id="oc-173">
         <name>.data</name>
         <load_address>0x20008400</load_address>
         <run_address>0x20008400</run_address>
         <size>0x4</size>
         <input_file_ref idref="fl-6"/>
      </object_component>
      <object_component id="oc-e4">
         <name>.data</name>
         <load_address>0x200083dc</load_address>
         <run_address>0x200083dc</run_address>
         <size>0xc</size>
         <input_file_ref idref="fl-8"/>
      </object_component>
      <object_component id="oc-230">
         <name>.data</name>
         <load_address>0x200083ac</load_address>
         <run_address>0x200083ac</run_address>
         <size>0x18</size>
         <input_file_ref idref="fl-c"/>
      </object_component>
      <object_component id="oc-bd">
         <name>.data</name>
         <load_address>0x20008378</load_address>
         <run_address>0x20008378</run_address>
         <size>0x34</size>
         <input_file_ref idref="fl-10"/>
      </object_component>
      <object_component id="oc-24b">
         <name>.data</name>
         <load_address>0x200083e8</load_address>
         <run_address>0x200083e8</run_address>
         <size>0xc</size>
         <input_file_ref idref="fl-11"/>
      </object_component>
      <object_component id="oc-ca">
         <name>.data</name>
         <load_address>0x200083c4</load_address>
         <run_address>0x200083c4</run_address>
         <size>0x18</size>
         <input_file_ref idref="fl-12"/>
      </object_component>
      <object_component id="oc-270">
         <name>.data</name>
         <load_address>0x200083fc</load_address>
         <run_address>0x200083fc</run_address>
         <size>0x4</size>
         <input_file_ref idref="fl-d3"/>
      </object_component>
      <object_component id="oc-1fc">
         <name>.data:$O1$$</name>
         <load_address>0x200083f4</load_address>
         <run_address>0x200083f4</run_address>
         <size>0x8</size>
         <input_file_ref idref="fl-d9"/>
      </object_component>
      <object_component id="oc-236">
         <name>.bss:ucHeap</name>
         <uninitialized>true</uninitialized>
         <run_address>0x20000000</run_address>
         <size>0x8000</size>
         <input_file_ref idref="fl-c"/>
      </object_component>
      <object_component id="oc-233">
         <name>.bss:xStart</name>
         <uninitialized>true</uninitialized>
         <run_address>0x20008358</run_address>
         <size>0x8</size>
         <input_file_ref idref="fl-c"/>
      </object_component>
      <object_component id="oc-18d">
         <name>.bss:pxReadyTasksLists</name>
         <uninitialized>true</uninitialized>
         <run_address>0x200081f4</run_address>
         <size>0xc8</size>
         <input_file_ref idref="fl-10"/>
      </object_component>
      <object_component id="oc-1a2">
         <name>.bss:xDelayedTaskList1</name>
         <uninitialized>true</uninitialized>
         <run_address>0x200082e4</run_address>
         <size>0x14</size>
         <input_file_ref idref="fl-10"/>
      </object_component>
      <object_component id="oc-1a5">
         <name>.bss:xDelayedTaskList2</name>
         <uninitialized>true</uninitialized>
         <run_address>0x200082f8</run_address>
         <size>0x14</size>
         <input_file_ref idref="fl-10"/>
      </object_component>
      <object_component id="oc-193">
         <name>.bss</name>
         <uninitialized>true</uninitialized>
         <run_address>0x20008348</run_address>
         <size>0x8</size>
         <input_file_ref idref="fl-10"/>
      </object_component>
      <object_component id="oc-19f">
         <name>.bss:xPendingReadyList</name>
         <uninitialized>true</uninitialized>
         <run_address>0x2000830c</run_address>
         <size>0x14</size>
         <input_file_ref idref="fl-10"/>
      </object_component>
      <object_component id="oc-190">
         <name>.bss:xTasksWaitingTermination</name>
         <uninitialized>true</uninitialized>
         <run_address>0x20008334</run_address>
         <size>0x14</size>
         <input_file_ref idref="fl-10"/>
      </object_component>
      <object_component id="oc-196">
         <name>.bss:xSuspendedTaskList</name>
         <uninitialized>true</uninitialized>
         <run_address>0x20008320</run_address>
         <size>0x14</size>
         <input_file_ref idref="fl-10"/>
      </object_component>
      <object_component id="oc-251">
         <name>.bss:xActiveTimerList1</name>
         <uninitialized>true</uninitialized>
         <run_address>0x200082bc</run_address>
         <size>0x14</size>
         <input_file_ref idref="fl-11"/>
      </object_component>
      <object_component id="oc-254">
         <name>.bss:xActiveTimerList2</name>
         <uninitialized>true</uninitialized>
         <run_address>0x200082d0</run_address>
         <size>0x14</size>
         <input_file_ref idref="fl-11"/>
      </object_component>
      <object_component id="oc-24e">
         <name>.bss</name>
         <uninitialized>true</uninitialized>
         <run_address>0x20008350</run_address>
         <size>0x8</size>
         <input_file_ref idref="fl-11"/>
      </object_component>
      <object_component id="oc-1c4">
         <name>.common:Lcd_ScreenWidth</name>
         <uninitialized>true</uninitialized>
         <run_address>0x20008376</run_address>
         <size>0x2</size>
      </object_component>
      <object_component id="oc-1c7">
         <name>.common:Lcd_ScreenHeigth</name>
         <uninitialized>true</uninitialized>
         <run_address>0x20008374</run_address>
         <size>0x2</size>
      </object_component>
      <object_component id="oc-e7">
         <name>.common:maze</name>
         <uninitialized>true</uninitialized>
         <run_address>0x20008000</run_address>
         <size>0x1f4</size>
      </object_component>
      <object_component id="oc-ea">
         <name>.common:Task_Gen_Maze_Handle</name>
         <uninitialized>true</uninitialized>
         <run_address>0x20008360</run_address>
         <size>0x4</size>
      </object_component>
      <object_component id="oc-eb">
         <name>.common:Task_Joystick_Handle</name>
         <uninitialized>true</uninitialized>
         <run_address>0x20008364</run_address>
         <size>0x4</size>
      </object_component>
      <object_component id="oc-12d">
         <name>.common:Task_Joystick_Timer_Handle</name>
         <uninitialized>true</uninitialized>
         <run_address>0x20008368</run_address>
         <size>0x4</size>
      </object_component>
      <object_component id="oc-12a">
         <name>.common:Task_Main_Handle</name>
         <uninitialized>true</uninitialized>
         <run_address>0x2000836c</run_address>
         <size>0x4</size>
      </object_component>
      <object_component id="oc-121">
         <name>.common:Task_Maze_Handle</name>
         <uninitialized>true</uninitialized>
         <run_address>0x20008370</run_address>
         <size>0x4</size>
      </object_component>
      <object_component id="oc-29">
         <name>.stack</name>
         <uninitialized>true</uninitialized>
         <run_address>0x2000fe00</run_address>
         <size>0x4</size>
         <input_file_ref idref="fl-d4"/>
      </object_component>
      <object_component id="oc-31a">
         <name>.stack</name>
         <uninitialized>true</uninitialized>
         <run_address>0x2000fe00</run_address>
         <size>0x0</size>
      </object_component>
      <object_component id="oc-1e8">
         <name>.debug_info</name>
         <load_address>0x0</load_address>
         <run_address>0x0</run_address>
         <size>0x545</size>
         <input_file_ref idref="fl-2"/>
      </object_component>
      <object_component id="oc-1cd">
         <name>.debug_info</name>
         <load_address>0x545</load_address>
         <run_address>0x545</run_address>
         <size>0x1055</size>
         <input_file_ref idref="fl-2"/>
      </object_component>
      <object_component id="oc-f9">
         <name>.debug_info</name>
         <load_address>0x159a</load_address>
         <run_address>0x159a</run_address>
         <size>0x37e2</size>
         <input_file_ref idref="fl-2"/>
      </object_component>
      <object_component id="oc-100">
         <name>.debug_info</name>
         <load_address>0x4d7c</load_address>
         <run_address>0x4d7c</run_address>
         <size>0x26b</size>
         <input_file_ref idref="fl-2"/>
      </object_component>
      <object_component id="oc-f4">
         <name>.debug_info</name>
         <load_address>0x4fe7</load_address>
         <run_address>0x4fe7</run_address>
         <size>0x8b</size>
         <input_file_ref idref="fl-2"/>
      </object_component>
      <object_component id="oc-1bc">
         <name>.debug_info</name>
         <load_address>0x5072</load_address>
         <run_address>0x5072</run_address>
         <size>0x2a4</size>
         <input_file_ref idref="fl-2"/>
      </object_component>
      <object_component id="oc-d9">
         <name>.debug_info</name>
         <load_address>0x5316</load_address>
         <run_address>0x5316</run_address>
         <size>0xbb</size>
         <input_file_ref idref="fl-2"/>
      </object_component>
      <object_component id="oc-1c5">
         <name>.debug_info</name>
         <load_address>0x53d1</load_address>
         <run_address>0x53d1</run_address>
         <size>0x583</size>
         <input_file_ref idref="fl-3"/>
      </object_component>
      <object_component id="oc-1c2">
         <name>.debug_info</name>
         <load_address>0x5954</load_address>
         <run_address>0x5954</run_address>
         <size>0xcf</size>
         <input_file_ref idref="fl-3"/>
      </object_component>
      <object_component id="oc-df">
         <name>.debug_info</name>
         <load_address>0x5a23</load_address>
         <run_address>0x5a23</run_address>
         <size>0xbb4</size>
         <input_file_ref idref="fl-3"/>
      </object_component>
      <object_component id="oc-32">
         <name>.debug_info</name>
         <load_address>0x65d7</load_address>
         <run_address>0x65d7</run_address>
         <size>0x84</size>
         <input_file_ref idref="fl-3"/>
      </object_component>
      <object_component id="oc-134">
         <name>.debug_info</name>
         <load_address>0x665b</load_address>
         <run_address>0x665b</run_address>
         <size>0x939</size>
         <input_file_ref idref="fl-4"/>
      </object_component>
      <object_component id="oc-a6">
         <name>.debug_info</name>
         <load_address>0x6f94</load_address>
         <run_address>0x6f94</run_address>
         <size>0x293</size>
         <input_file_ref idref="fl-4"/>
      </object_component>
      <object_component id="oc-12f">
         <name>.debug_info</name>
         <load_address>0x7227</load_address>
         <run_address>0x7227</run_address>
         <size>0x315</size>
         <input_file_ref idref="fl-4"/>
      </object_component>
      <object_component id="oc-1e1">
         <name>.debug_info</name>
         <load_address>0x753c</load_address>
         <run_address>0x753c</run_address>
         <size>0x48b</size>
         <input_file_ref idref="fl-4"/>
      </object_component>
      <object_component id="oc-1d2">
         <name>.debug_info</name>
         <load_address>0x79c7</load_address>
         <run_address>0x79c7</run_address>
         <size>0xc3</size>
         <input_file_ref idref="fl-4"/>
      </object_component>
      <object_component id="oc-1d7">
         <name>.debug_info</name>
         <load_address>0x7a8a</load_address>
         <run_address>0x7a8a</run_address>
         <size>0x4f</size>
         <input_file_ref idref="fl-4"/>
      </object_component>
      <object_component id="oc-cf">
         <name>.debug_info</name>
         <load_address>0x7ad9</load_address>
         <run_address>0x7ad9</run_address>
         <size>0x2c</size>
         <input_file_ref idref="fl-4"/>
      </object_component>
      <object_component id="oc-d4">
         <name>.debug_info</name>
         <load_address>0x7b05</load_address>
         <run_address>0x7b05</run_address>
         <size>0x53</size>
         <input_file_ref idref="fl-4"/>
      </object_component>
      <object_component id="oc-1dc">
         <name>.debug_info</name>
         <load_address>0x7b58</load_address>
         <run_address>0x7b58</run_address>
         <size>0xcc</size>
         <input_file_ref idref="fl-4"/>
      </object_component>
      <object_component id="oc-ef">
         <name>.debug_info</name>
         <load_address>0x7c24</load_address>
         <run_address>0x7c24</run_address>
         <size>0x5a</size>
         <input_file_ref idref="fl-4"/>
      </object_component>
      <object_component id="oc-1b2">
         <name>.debug_info</name>
         <load_address>0x7c7e</load_address>
         <run_address>0x7c7e</run_address>
         <size>0x14c</size>
         <input_file_ref idref="fl-4"/>
      </object_component>
      <object_component id="oc-80">
         <name>.debug_info</name>
         <load_address>0x7dca</load_address>
         <run_address>0x7dca</run_address>
         <size>0x339</size>
         <input_file_ref idref="fl-5"/>
      </object_component>
      <object_component id="oc-27">
         <name>.debug_info</name>
         <load_address>0x8103</load_address>
         <run_address>0x8103</run_address>
         <size>0xe5</size>
         <input_file_ref idref="fl-5"/>
      </object_component>
      <object_component id="oc-69">
         <name>.debug_info</name>
         <load_address>0x81e8</load_address>
         <run_address>0x81e8</run_address>
         <size>0x1ac</size>
         <input_file_ref idref="fl-5"/>
      </object_component>
      <object_component id="oc-174">
         <name>.debug_info</name>
         <load_address>0x8394</load_address>
         <run_address>0x8394</run_address>
         <size>0xde</size>
         <input_file_ref idref="fl-6"/>
      </object_component>
      <object_component id="oc-b9">
         <name>.debug_info</name>
         <load_address>0x8472</load_address>
         <run_address>0x8472</run_address>
         <size>0x250</size>
         <input_file_ref idref="fl-6"/>
      </object_component>
      <object_component id="oc-e8">
         <name>.debug_info</name>
         <load_address>0x86c2</load_address>
         <run_address>0x86c2</run_address>
         <size>0x7b7</size>
         <input_file_ref idref="fl-7"/>
      </object_component>
      <object_component id="oc-11d">
         <name>.debug_info</name>
         <load_address>0x8e79</load_address>
         <run_address>0x8e79</run_address>
         <size>0x454</size>
         <input_file_ref idref="fl-7"/>
      </object_component>
      <object_component id="oc-ec">
         <name>.debug_info</name>
         <load_address>0x92cd</load_address>
         <run_address>0x92cd</run_address>
         <size>0x862</size>
         <input_file_ref idref="fl-8"/>
      </object_component>
      <object_component id="oc-e5">
         <name>.debug_info</name>
         <load_address>0x9b2f</load_address>
         <run_address>0x9b2f</run_address>
         <size>0x136</size>
         <input_file_ref idref="fl-8"/>
      </object_component>
      <object_component id="oc-7a">
         <name>.debug_info</name>
         <load_address>0x9c65</load_address>
         <run_address>0x9c65</run_address>
         <size>0x72e</size>
         <input_file_ref idref="fl-8"/>
      </object_component>
      <object_component id="oc-12b">
         <name>.debug_info</name>
         <load_address>0xa393</load_address>
         <run_address>0xa393</run_address>
         <size>0x7db</size>
         <input_file_ref idref="fl-9"/>
      </object_component>
      <object_component id="oc-116">
         <name>.debug_info</name>
         <load_address>0xab6e</load_address>
         <run_address>0xab6e</run_address>
         <size>0x229</size>
         <input_file_ref idref="fl-9"/>
      </object_component>
      <object_component id="oc-269">
         <name>.debug_info</name>
         <load_address>0xad97</load_address>
         <run_address>0xad97</run_address>
         <size>0x249</size>
         <input_file_ref idref="fl-a"/>
      </object_component>
      <object_component id="oc-1b7">
         <name>.debug_info</name>
         <load_address>0xafe0</load_address>
         <run_address>0xafe0</run_address>
         <size>0x48b</size>
         <input_file_ref idref="fl-a"/>
      </object_component>
      <object_component id="oc-2bd">
         <name>.debug_info</name>
         <load_address>0xb46b</load_address>
         <run_address>0xb46b</run_address>
         <size>0xcc</size>
         <input_file_ref idref="fl-a"/>
      </object_component>
      <object_component id="oc-1ad">
         <name>.debug_info</name>
         <load_address>0xb537</load_address>
         <run_address>0xb537</run_address>
         <size>0x53</size>
         <input_file_ref idref="fl-a"/>
      </object_component>
      <object_component id="oc-295">
         <name>.debug_info</name>
         <load_address>0xb58a</load_address>
         <run_address>0xb58a</run_address>
         <size>0x6a4</size>
         <input_file_ref idref="fl-b"/>
      </object_component>
      <object_component id="oc-221">
         <name>.debug_info</name>
         <load_address>0xbc2e</load_address>
         <run_address>0xbc2e</run_address>
         <size>0x110</size>
         <input_file_ref idref="fl-b"/>
      </object_component>
      <object_component id="oc-22b">
         <name>.debug_info</name>
         <load_address>0xbd3e</load_address>
         <run_address>0xbd3e</run_address>
         <size>0x48b</size>
         <input_file_ref idref="fl-b"/>
      </object_component>
      <object_component id="oc-2d5">
         <name>.debug_info</name>
         <load_address>0xc1c9</load_address>
         <run_address>0xc1c9</run_address>
         <size>0x76</size>
         <input_file_ref idref="fl-b"/>
      </object_component>
      <object_component id="oc-2da">
         <name>.debug_info</name>
         <load_address>0xc23f</load_address>
         <run_address>0xc23f</run_address>
         <size>0x39</size>
         <input_file_ref idref="fl-b"/>
      </object_component>
      <object_component id="oc-2a3">
         <name>.debug_info</name>
         <load_address>0xc278</load_address>
         <run_address>0xc278</run_address>
         <size>0x109</size>
         <input_file_ref idref="fl-b"/>
      </object_component>
      <object_component id="oc-21c">
         <name>.debug_info</name>
         <load_address>0xc381</load_address>
         <run_address>0xc381</run_address>
         <size>0x4f</size>
         <input_file_ref idref="fl-b"/>
      </object_component>
      <object_component id="oc-23a">
         <name>.debug_info</name>
         <load_address>0xc3d0</load_address>
         <run_address>0xc3d0</run_address>
         <size>0x4e3</size>
         <input_file_ref idref="fl-c"/>
      </object_component>
      <object_component id="oc-237">
         <name>.debug_info</name>
         <load_address>0xc8b3</load_address>
         <run_address>0xc8b3</run_address>
         <size>0x114</size>
         <input_file_ref idref="fl-c"/>
      </object_component>
      <object_component id="oc-234">
         <name>.debug_info</name>
         <load_address>0xc9c7</load_address>
         <run_address>0xc9c7</run_address>
         <size>0x114</size>
         <input_file_ref idref="fl-c"/>
      </object_component>
      <object_component id="oc-231">
         <name>.debug_info</name>
         <load_address>0xcadb</load_address>
         <run_address>0xcadb</run_address>
         <size>0x254</size>
         <input_file_ref idref="fl-c"/>
      </object_component>
      <object_component id="oc-182">
         <name>.debug_info</name>
         <load_address>0xcd2f</load_address>
         <run_address>0xcd2f</run_address>
         <size>0xd29</size>
         <input_file_ref idref="fl-c"/>
      </object_component>
      <object_component id="oc-29a">
         <name>.debug_info</name>
         <load_address>0xda58</load_address>
         <run_address>0xda58</run_address>
         <size>0x62</size>
         <input_file_ref idref="fl-c"/>
      </object_component>
      <object_component id="oc-23c">
         <name>.debug_info</name>
         <load_address>0xdaba</load_address>
         <run_address>0xdaba</run_address>
         <size>0x39d</size>
         <input_file_ref idref="fl-d"/>
      </object_component>
      <object_component id="oc-189">
         <name>.debug_info</name>
         <load_address>0xde57</load_address>
         <run_address>0xde57</run_address>
         <size>0x723</size>
         <input_file_ref idref="fl-d"/>
      </object_component>
      <object_component id="oc-2b0">
         <name>.debug_info</name>
         <load_address>0xe57a</load_address>
         <run_address>0xe57a</run_address>
         <size>0x908</size>
         <input_file_ref idref="fl-e"/>
      </object_component>
      <object_component id="oc-247">
         <name>.debug_info</name>
         <load_address>0xee82</load_address>
         <run_address>0xee82</run_address>
         <size>0x43fb</size>
         <input_file_ref idref="fl-e"/>
      </object_component>
      <object_component id="oc-2e1">
         <name>.debug_info</name>
         <load_address>0x1327d</load_address>
         <run_address>0x1327d</run_address>
         <size>0x1ef</size>
         <input_file_ref idref="fl-e"/>
      </object_component>
      <object_component id="oc-2ab">
         <name>.debug_info</name>
         <load_address>0x1346c</load_address>
         <run_address>0x1346c</run_address>
         <size>0x46</size>
         <input_file_ref idref="fl-e"/>
      </object_component>
      <object_component id="oc-10c">
         <name>.debug_info</name>
         <load_address>0x134b2</load_address>
         <run_address>0x134b2</run_address>
         <size>0x2c</size>
         <input_file_ref idref="fl-f"/>
      </object_component>
      <object_component id="oc-179">
         <name>.debug_info</name>
         <load_address>0x134de</load_address>
         <run_address>0x134de</run_address>
         <size>0x88c</size>
         <input_file_ref idref="fl-10"/>
      </object_component>
      <object_component id="oc-be">
         <name>.debug_info</name>
         <load_address>0x13d6a</load_address>
         <run_address>0x13d6a</run_address>
         <size>0x370</size>
         <input_file_ref idref="fl-10"/>
      </object_component>
      <object_component id="oc-18e">
         <name>.debug_info</name>
         <load_address>0x140da</load_address>
         <run_address>0x140da</run_address>
         <size>0x119</size>
         <input_file_ref idref="fl-10"/>
      </object_component>
      <object_component id="oc-1a3">
         <name>.debug_info</name>
         <load_address>0x141f3</load_address>
         <run_address>0x141f3</run_address>
         <size>0x119</size>
         <input_file_ref idref="fl-10"/>
      </object_component>
      <object_component id="oc-1a6">
         <name>.debug_info</name>
         <load_address>0x1430c</load_address>
         <run_address>0x1430c</run_address>
         <size>0x119</size>
         <input_file_ref idref="fl-10"/>
      </object_component>
      <object_component id="oc-194">
         <name>.debug_info</name>
         <load_address>0x14425</load_address>
         <run_address>0x14425</run_address>
         <size>0x15c</size>
         <input_file_ref idref="fl-10"/>
      </object_component>
      <object_component id="oc-1a0">
         <name>.debug_info</name>
         <load_address>0x14581</load_address>
         <run_address>0x14581</run_address>
         <size>0x119</size>
         <input_file_ref idref="fl-10"/>
      </object_component>
      <object_component id="oc-191">
         <name>.debug_info</name>
         <load_address>0x1469a</load_address>
         <run_address>0x1469a</run_address>
         <size>0x127</size>
         <input_file_ref idref="fl-10"/>
      </object_component>
      <object_component id="oc-197">
         <name>.debug_info</name>
         <load_address>0x147c1</load_address>
         <run_address>0x147c1</run_address>
         <size>0x11b</size>
         <input_file_ref idref="fl-10"/>
      </object_component>
      <object_component id="oc-c6">
         <name>.debug_info</name>
         <load_address>0x148dc</load_address>
         <run_address>0x148dc</run_address>
         <size>0x759b</size>
         <input_file_ref idref="fl-10"/>
      </object_component>
      <object_component id="oc-17a">
         <name>.debug_info</name>
         <load_address>0x1be77</load_address>
         <run_address>0x1be77</run_address>
         <size>0x30c</size>
         <input_file_ref idref="fl-10"/>
      </object_component>
      <object_component id="oc-226">
         <name>.debug_info</name>
         <load_address>0x1c183</load_address>
         <run_address>0x1c183</run_address>
         <size>0x16e</size>
         <input_file_ref idref="fl-10"/>
      </object_component>
      <object_component id="oc-25d">
         <name>.debug_info</name>
         <load_address>0x1c2f1</load_address>
         <run_address>0x1c2f1</run_address>
         <size>0x83e</size>
         <input_file_ref idref="fl-11"/>
      </object_component>
      <object_component id="oc-252">
         <name>.debug_info</name>
         <load_address>0x1cb2f</load_address>
         <run_address>0x1cb2f</run_address>
         <size>0x119</size>
         <input_file_ref idref="fl-11"/>
      </object_component>
      <object_component id="oc-255">
         <name>.debug_info</name>
         <load_address>0x1cc48</load_address>
         <run_address>0x1cc48</run_address>
         <size>0x119</size>
         <input_file_ref idref="fl-11"/>
      </object_component>
      <object_component id="oc-24f">
         <name>.debug_info</name>
         <load_address>0x1cd61</load_address>
         <run_address>0x1cd61</run_address>
         <size>0x151</size>
         <input_file_ref idref="fl-11"/>
      </object_component>
      <object_component id="oc-24c">
         <name>.debug_info</name>
         <load_address>0x1ceb2</load_address>
         <run_address>0x1ceb2</run_address>
         <size>0x13d</size>
         <input_file_ref idref="fl-11"/>
      </object_component>
      <object_component id="oc-19b">
         <name>.debug_info</name>
         <load_address>0x1cfef</load_address>
         <run_address>0x1cfef</run_address>
         <size>0x29a5</size>
         <input_file_ref idref="fl-11"/>
      </object_component>
      <object_component id="oc-25e">
         <name>.debug_info</name>
         <load_address>0x1f994</load_address>
         <run_address>0x1f994</run_address>
         <size>0x1ce</size>
         <input_file_ref idref="fl-11"/>
      </object_component>
      <object_component id="oc-258">
         <name>.debug_info</name>
         <load_address>0x1fb62</load_address>
         <run_address>0x1fb62</run_address>
         <size>0x46</size>
         <input_file_ref idref="fl-11"/>
      </object_component>
      <object_component id="oc-ce">
         <name>.debug_info</name>
         <load_address>0x1fba8</load_address>
         <run_address>0x1fba8</run_address>
         <size>0x52c</size>
         <input_file_ref idref="fl-12"/>
      </object_component>
      <object_component id="oc-c1">
         <name>.debug_info</name>
         <load_address>0x200d4</load_address>
         <run_address>0x200d4</run_address>
         <size>0x18e</size>
         <input_file_ref idref="fl-12"/>
      </object_component>
      <object_component id="oc-cb">
         <name>.debug_info</name>
         <load_address>0x20262</load_address>
         <run_address>0x20262</run_address>
         <size>0x269</size>
         <input_file_ref idref="fl-12"/>
      </object_component>
      <object_component id="oc-73">
         <name>.debug_info</name>
         <load_address>0x204cb</load_address>
         <run_address>0x204cb</run_address>
         <size>0xf92</size>
         <input_file_ref idref="fl-12"/>
      </object_component>
      <object_component id="oc-6f">
         <name>.debug_info</name>
         <load_address>0x2145d</load_address>
         <run_address>0x2145d</run_address>
         <size>0x27b</size>
         <input_file_ref idref="fl-13"/>
      </object_component>
      <object_component id="oc-122">
         <name>.debug_info</name>
         <load_address>0x216d8</load_address>
         <run_address>0x216d8</run_address>
         <size>0x7a1</size>
         <input_file_ref idref="fl-14"/>
      </object_component>
      <object_component id="oc-125">
         <name>.debug_info</name>
         <load_address>0x21e79</load_address>
         <run_address>0x21e79</run_address>
         <size>0x279</size>
         <input_file_ref idref="fl-14"/>
      </object_component>
      <object_component id="oc-9a">
         <name>.debug_info</name>
         <load_address>0x220f2</load_address>
         <run_address>0x220f2</run_address>
         <size>0x147</size>
         <input_file_ref idref="fl-ce"/>
      </object_component>
      <object_component id="oc-39">
         <name>.debug_info</name>
         <load_address>0x22239</load_address>
         <run_address>0x22239</run_address>
         <size>0x119</size>
         <input_file_ref idref="fl-cf"/>
      </object_component>
      <object_component id="oc-97">
         <name>.debug_info</name>
         <load_address>0x22352</load_address>
         <run_address>0x22352</run_address>
         <size>0x2d4</size>
         <input_file_ref idref="fl-d0"/>
      </object_component>
      <object_component id="oc-4a">
         <name>.debug_info</name>
         <load_address>0x22626</load_address>
         <run_address>0x22626</run_address>
         <size>0x1b5</size>
         <input_file_ref idref="fl-d0"/>
      </object_component>
      <object_component id="oc-92">
         <name>.debug_info</name>
         <load_address>0x227db</load_address>
         <run_address>0x227db</run_address>
         <size>0x46</size>
         <input_file_ref idref="fl-d0"/>
      </object_component>
      <object_component id="oc-42">
         <name>.debug_info</name>
         <load_address>0x22821</load_address>
         <run_address>0x22821</run_address>
         <size>0x2a8</size>
         <input_file_ref idref="fl-d1"/>
      </object_component>
      <object_component id="oc-21">
         <name>.debug_info</name>
         <load_address>0x22ac9</load_address>
         <run_address>0x22ac9</run_address>
         <size>0x1ea</size>
         <input_file_ref idref="fl-d1"/>
      </object_component>
      <object_component id="oc-3d">
         <name>.debug_info</name>
         <load_address>0x22cb3</load_address>
         <run_address>0x22cb3</run_address>
         <size>0x46</size>
         <input_file_ref idref="fl-d1"/>
      </object_component>
      <object_component id="oc-8a">
         <name>.debug_info</name>
         <load_address>0x22cf9</load_address>
         <run_address>0x22cf9</run_address>
         <size>0x2c</size>
         <input_file_ref idref="fl-d1"/>
      </object_component>
      <object_component id="oc-88">
         <name>.debug_info</name>
         <load_address>0x22d25</load_address>
         <run_address>0x22d25</run_address>
         <size>0x29e</size>
         <input_file_ref idref="fl-d2"/>
      </object_component>
      <object_component id="oc-1a">
         <name>.debug_info</name>
         <load_address>0x22fc3</load_address>
         <run_address>0x22fc3</run_address>
         <size>0x250</size>
         <input_file_ref idref="fl-d2"/>
      </object_component>
      <object_component id="oc-2d">
         <name>.debug_info</name>
         <load_address>0x23213</load_address>
         <run_address>0x23213</run_address>
         <size>0x60</size>
         <input_file_ref idref="fl-d2"/>
      </object_component>
      <object_component id="oc-105">
         <name>.debug_info</name>
         <load_address>0x23273</load_address>
         <run_address>0x23273</run_address>
         <size>0x46</size>
         <input_file_ref idref="fl-d2"/>
      </object_component>
      <object_component id="oc-83">
         <name>.debug_info</name>
         <load_address>0x232b9</load_address>
         <run_address>0x232b9</run_address>
         <size>0x39</size>
         <input_file_ref idref="fl-d2"/>
      </object_component>
      <object_component id="oc-271">
         <name>.debug_info</name>
         <load_address>0x232f2</load_address>
         <run_address>0x232f2</run_address>
         <size>0xfb</size>
         <input_file_ref idref="fl-d3"/>
      </object_component>
      <object_component id="oc-1eb">
         <name>.debug_info</name>
         <load_address>0x233ed</load_address>
         <run_address>0x233ed</run_address>
         <size>0x13d</size>
         <input_file_ref idref="fl-d3"/>
      </object_component>
      <object_component id="oc-2a">
         <name>.debug_info</name>
         <load_address>0x2352a</load_address>
         <run_address>0x2352a</run_address>
         <size>0x10b</size>
         <input_file_ref idref="fl-d4"/>
      </object_component>
      <object_component id="oc-56">
         <name>.debug_info</name>
         <load_address>0x23635</load_address>
         <run_address>0x23635</run_address>
         <size>0x1a9</size>
         <input_file_ref idref="fl-d4"/>
      </object_component>
      <object_component id="oc-203">
         <name>.debug_info</name>
         <load_address>0x237de</load_address>
         <run_address>0x237de</run_address>
         <size>0x4b3</size>
         <input_file_ref idref="fl-d5"/>
      </object_component>
      <object_component id="oc-145">
         <name>.debug_info</name>
         <load_address>0x23c91</load_address>
         <run_address>0x23c91</run_address>
         <size>0x1a6</size>
         <input_file_ref idref="fl-d5"/>
      </object_component>
      <object_component id="oc-284">
         <name>.debug_info</name>
         <load_address>0x23e37</load_address>
         <run_address>0x23e37</run_address>
         <size>0x39</size>
         <input_file_ref idref="fl-d5"/>
      </object_component>
      <object_component id="oc-2c7">
         <name>.debug_info</name>
         <load_address>0x23e70</load_address>
         <run_address>0x23e70</run_address>
         <size>0x39</size>
         <input_file_ref idref="fl-d5"/>
      </object_component>
      <object_component id="oc-289">
         <name>.debug_info</name>
         <load_address>0x23ea9</load_address>
         <run_address>0x23ea9</run_address>
         <size>0x39</size>
         <input_file_ref idref="fl-d5"/>
      </object_component>
      <object_component id="oc-28e">
         <name>.debug_info</name>
         <load_address>0x23ee2</load_address>
         <run_address>0x23ee2</run_address>
         <size>0xcd</size>
         <input_file_ref idref="fl-d5"/>
      </object_component>
      <object_component id="oc-a0">
         <name>.debug_info</name>
         <load_address>0x23faf</load_address>
         <run_address>0x23faf</run_address>
         <size>0x153</size>
         <input_file_ref idref="fl-d6"/>
      </object_component>
      <object_component id="oc-136">
         <name>.debug_info</name>
         <load_address>0x24102</load_address>
         <run_address>0x24102</run_address>
         <size>0x122</size>
         <input_file_ref idref="fl-d8"/>
      </object_component>
      <object_component id="oc-27e">
         <name>.debug_info</name>
         <load_address>0x24224</load_address>
         <run_address>0x24224</run_address>
         <size>0x2c9</size>
         <input_file_ref idref="fl-d9"/>
      </object_component>
      <object_component id="oc-1fd">
         <name>.debug_info</name>
         <load_address>0x244ed</load_address>
         <run_address>0x244ed</run_address>
         <size>0x11e</size>
         <input_file_ref idref="fl-d9"/>
      </object_component>
      <object_component id="oc-277">
         <name>.debug_info</name>
         <load_address>0x2460b</load_address>
         <run_address>0x2460b</run_address>
         <size>0x12e</size>
         <input_file_ref idref="fl-d9"/>
      </object_component>
      <object_component id="oc-31b">
         <name>.debug_info</name>
         <load_address>0x24739</load_address>
         <run_address>0x24739</run_address>
         <size>0x91</size>
      </object_component>
      <object_component id="oc-26f">
         <name>.debug_line</name>
         <load_address>0x0</load_address>
         <run_address>0x0</run_address>
         <size>0x5f</size>
         <input_file_ref idref="fl-2"/>
      </object_component>
      <object_component id="oc-1d0">
         <name>.debug_line</name>
         <load_address>0x5f</load_address>
         <run_address>0x5f</run_address>
         <size>0x5b</size>
         <input_file_ref idref="fl-2"/>
      </object_component>
      <object_component id="oc-fc">
         <name>.debug_line</name>
         <load_address>0xba</load_address>
         <run_address>0xba</run_address>
         <size>0x58</size>
         <input_file_ref idref="fl-2"/>
      </object_component>
      <object_component id="oc-103">
         <name>.debug_line</name>
         <load_address>0x112</load_address>
         <run_address>0x112</run_address>
         <size>0x6f</size>
         <input_file_ref idref="fl-2"/>
      </object_component>
      <object_component id="oc-f7">
         <name>.debug_line</name>
         <load_address>0x181</load_address>
         <run_address>0x181</run_address>
         <size>0x20</size>
         <input_file_ref idref="fl-2"/>
      </object_component>
      <object_component id="oc-1bf">
         <name>.debug_line</name>
         <load_address>0x1a1</load_address>
         <run_address>0x1a1</run_address>
         <size>0x73</size>
         <input_file_ref idref="fl-2"/>
      </object_component>
      <object_component id="oc-dc">
         <name>.debug_line</name>
         <load_address>0x214</load_address>
         <run_address>0x214</run_address>
         <size>0x70</size>
         <input_file_ref idref="fl-2"/>
      </object_component>
      <object_component id="oc-26d">
         <name>.debug_line</name>
         <load_address>0x284</load_address>
         <run_address>0x284</run_address>
         <size>0x2c</size>
         <input_file_ref idref="fl-3"/>
      </object_component>
      <object_component id="oc-26b">
         <name>.debug_line</name>
         <load_address>0x2b0</load_address>
         <run_address>0x2b0</run_address>
         <size>0x2c</size>
         <input_file_ref idref="fl-3"/>
      </object_component>
      <object_component id="oc-e3">
         <name>.debug_line</name>
         <load_address>0x2dc</load_address>
         <run_address>0x2dc</run_address>
         <size>0x206</size>
         <input_file_ref idref="fl-3"/>
      </object_component>
      <object_component id="oc-35">
         <name>.debug_line</name>
         <load_address>0x4e2</load_address>
         <run_address>0x4e2</run_address>
         <size>0x20</size>
         <input_file_ref idref="fl-3"/>
      </object_component>
      <object_component id="oc-1f7">
         <name>.debug_line</name>
         <load_address>0x502</load_address>
         <run_address>0x502</run_address>
         <size>0x130</size>
         <input_file_ref idref="fl-4"/>
      </object_component>
      <object_component id="oc-a5">
         <name>.debug_line</name>
         <load_address>0x632</load_address>
         <run_address>0x632</run_address>
         <size>0x7b</size>
         <input_file_ref idref="fl-4"/>
      </object_component>
      <object_component id="oc-132">
         <name>.debug_line</name>
         <load_address>0x6ad</load_address>
         <run_address>0x6ad</run_address>
         <size>0x79</size>
         <input_file_ref idref="fl-4"/>
      </object_component>
      <object_component id="oc-1e4">
         <name>.debug_line</name>
         <load_address>0x726</load_address>
         <run_address>0x726</run_address>
         <size>0x7d</size>
         <input_file_ref idref="fl-4"/>
      </object_component>
      <object_component id="oc-1d5">
         <name>.debug_line</name>
         <load_address>0x7a3</load_address>
         <run_address>0x7a3</run_address>
         <size>0x4f</size>
         <input_file_ref idref="fl-4"/>
      </object_component>
      <object_component id="oc-1da">
         <name>.debug_line</name>
         <load_address>0x7f2</load_address>
         <run_address>0x7f2</run_address>
         <size>0x7a</size>
         <input_file_ref idref="fl-4"/>
      </object_component>
      <object_component id="oc-d2">
         <name>.debug_line</name>
         <load_address>0x86c</load_address>
         <run_address>0x86c</run_address>
         <size>0x7d</size>
         <input_file_ref idref="fl-4"/>
      </object_component>
      <object_component id="oc-d7">
         <name>.debug_line</name>
         <load_address>0x8e9</load_address>
         <run_address>0x8e9</run_address>
         <size>0x8c</size>
         <input_file_ref idref="fl-4"/>
      </object_component>
      <object_component id="oc-1df">
         <name>.debug_line</name>
         <load_address>0x975</load_address>
         <run_address>0x975</run_address>
         <size>0x6a</size>
         <input_file_ref idref="fl-4"/>
      </object_component>
      <object_component id="oc-f2">
         <name>.debug_line</name>
         <load_address>0x9df</load_address>
         <run_address>0x9df</run_address>
         <size>0x50</size>
         <input_file_ref idref="fl-4"/>
      </object_component>
      <object_component id="oc-1b5">
         <name>.debug_line</name>
         <load_address>0xa2f</load_address>
         <run_address>0xa2f</run_address>
         <size>0x79</size>
         <input_file_ref idref="fl-4"/>
      </object_component>
      <object_component id="oc-ff">
         <name>.debug_line</name>
         <load_address>0xaa8</load_address>
         <run_address>0xaa8</run_address>
         <size>0x40</size>
         <input_file_ref idref="fl-5"/>
      </object_component>
      <object_component id="oc-7f">
         <name>.debug_line</name>
         <load_address>0xae8</load_address>
         <run_address>0xae8</run_address>
         <size>0x40</size>
         <input_file_ref idref="fl-5"/>
      </object_component>
      <object_component id="oc-6b">
         <name>.debug_line</name>
         <load_address>0xb28</load_address>
         <run_address>0xb28</run_address>
         <size>0x71</size>
         <input_file_ref idref="fl-5"/>
      </object_component>
      <object_component id="oc-219">
         <name>.debug_line</name>
         <load_address>0xb99</load_address>
         <run_address>0xb99</run_address>
         <size>0x3b</size>
         <input_file_ref idref="fl-6"/>
      </object_component>
      <object_component id="oc-b8">
         <name>.debug_line</name>
         <load_address>0xbd4</load_address>
         <run_address>0xbd4</run_address>
         <size>0x13a</size>
         <input_file_ref idref="fl-6"/>
      </object_component>
      <object_component id="oc-1cc">
         <name>.debug_line</name>
         <load_address>0xd0e</load_address>
         <run_address>0xd0e</run_address>
         <size>0xeb</size>
         <input_file_ref idref="fl-7"/>
      </object_component>
      <object_component id="oc-11c">
         <name>.debug_line</name>
         <load_address>0xdf9</load_address>
         <run_address>0xdf9</run_address>
         <size>0x1fd</size>
         <input_file_ref idref="fl-7"/>
      </object_component>
      <object_component id="oc-1e7">
         <name>.debug_line</name>
         <load_address>0xff6</load_address>
         <run_address>0xff6</run_address>
         <size>0xe4</size>
         <input_file_ref idref="fl-8"/>
      </object_component>
      <object_component id="oc-1ca">
         <name>.debug_line</name>
         <load_address>0x10da</load_address>
         <run_address>0x10da</run_address>
         <size>0x36</size>
         <input_file_ref idref="fl-8"/>
      </object_component>
      <object_component id="oc-79">
         <name>.debug_line</name>
         <load_address>0x1110</load_address>
         <run_address>0x1110</run_address>
         <size>0x24e</size>
         <input_file_ref idref="fl-8"/>
      </object_component>
      <object_component id="oc-1f5">
         <name>.debug_line</name>
         <load_address>0x135e</load_address>
         <run_address>0x135e</run_address>
         <size>0xdc</size>
         <input_file_ref idref="fl-9"/>
      </object_component>
      <object_component id="oc-119">
         <name>.debug_line</name>
         <load_address>0x143a</load_address>
         <run_address>0x143a</run_address>
         <size>0x65</size>
         <input_file_ref idref="fl-9"/>
      </object_component>
      <object_component id="oc-2bc">
         <name>.debug_line</name>
         <load_address>0x149f</load_address>
         <run_address>0x149f</run_address>
         <size>0x20</size>
         <input_file_ref idref="fl-a"/>
      </object_component>
      <object_component id="oc-1ba">
         <name>.debug_line</name>
         <load_address>0x14bf</load_address>
         <run_address>0x14bf</run_address>
         <size>0x7d</size>
         <input_file_ref idref="fl-a"/>
      </object_component>
      <object_component id="oc-2c0">
         <name>.debug_line</name>
         <load_address>0x153c</load_address>
         <run_address>0x153c</run_address>
         <size>0x7d</size>
         <input_file_ref idref="fl-a"/>
      </object_component>
      <object_component id="oc-1b0">
         <name>.debug_line</name>
         <load_address>0x15b9</load_address>
         <run_address>0x15b9</run_address>
         <size>0x6b</size>
         <input_file_ref idref="fl-a"/>
      </object_component>
      <object_component id="oc-2d4">
         <name>.debug_line</name>
         <load_address>0x1624</load_address>
         <run_address>0x1624</run_address>
         <size>0x19b</size>
         <input_file_ref idref="fl-b"/>
      </object_component>
      <object_component id="oc-224">
         <name>.debug_line</name>
         <load_address>0x17bf</load_address>
         <run_address>0x17bf</run_address>
         <size>0x6b</size>
         <input_file_ref idref="fl-b"/>
      </object_component>
      <object_component id="oc-22e">
         <name>.debug_line</name>
         <load_address>0x182a</load_address>
         <run_address>0x182a</run_address>
         <size>0x7d</size>
         <input_file_ref idref="fl-b"/>
      </object_component>
      <object_component id="oc-2d8">
         <name>.debug_line</name>
         <load_address>0x18a7</load_address>
         <run_address>0x18a7</run_address>
         <size>0x79</size>
         <input_file_ref idref="fl-b"/>
      </object_component>
      <object_component id="oc-2dd">
         <name>.debug_line</name>
         <load_address>0x1920</load_address>
         <run_address>0x1920</run_address>
         <size>0x81</size>
         <input_file_ref idref="fl-b"/>
      </object_component>
      <object_component id="oc-2a6">
         <name>.debug_line</name>
         <load_address>0x19a1</load_address>
         <run_address>0x19a1</run_address>
         <size>0x7d</size>
         <input_file_ref idref="fl-b"/>
      </object_component>
      <object_component id="oc-21f">
         <name>.debug_line</name>
         <load_address>0x1a1e</load_address>
         <run_address>0x1a1e</run_address>
         <size>0x7b</size>
         <input_file_ref idref="fl-b"/>
      </object_component>
      <object_component id="oc-2a2">
         <name>.debug_line</name>
         <load_address>0x1a99</load_address>
         <run_address>0x1a99</run_address>
         <size>0x149</size>
         <input_file_ref idref="fl-c"/>
      </object_component>
      <object_component id="oc-2a0">
         <name>.debug_line</name>
         <load_address>0x1be2</load_address>
         <run_address>0x1be2</run_address>
         <size>0x84</size>
         <input_file_ref idref="fl-c"/>
      </object_component>
      <object_component id="oc-299">
         <name>.debug_line</name>
         <load_address>0x1c66</load_address>
         <run_address>0x1c66</run_address>
         <size>0x84</size>
         <input_file_ref idref="fl-c"/>
      </object_component>
      <object_component id="oc-297">
         <name>.debug_line</name>
         <load_address>0x1cea</load_address>
         <run_address>0x1cea</run_address>
         <size>0x84</size>
         <input_file_ref idref="fl-c"/>
      </object_component>
      <object_component id="oc-185">
         <name>.debug_line</name>
         <load_address>0x1d6e</load_address>
         <run_address>0x1d6e</run_address>
         <size>0x230</size>
         <input_file_ref idref="fl-c"/>
      </object_component>
      <object_component id="oc-29d">
         <name>.debug_line</name>
         <load_address>0x1f9e</load_address>
         <run_address>0x1f9e</run_address>
         <size>0x84</size>
         <input_file_ref idref="fl-c"/>
      </object_component>
      <object_component id="oc-2a9">
         <name>.debug_line</name>
         <load_address>0x2022</load_address>
         <run_address>0x2022</run_address>
         <size>0x20</size>
         <input_file_ref idref="fl-d"/>
      </object_component>
      <object_component id="oc-188">
         <name>.debug_line</name>
         <load_address>0x2042</load_address>
         <run_address>0x2042</run_address>
         <size>0x123</size>
         <input_file_ref idref="fl-d"/>
      </object_component>
      <object_component id="oc-2e0">
         <name>.debug_line</name>
         <load_address>0x2165</load_address>
         <run_address>0x2165</run_address>
         <size>0x19b</size>
         <input_file_ref idref="fl-e"/>
      </object_component>
      <object_component id="oc-24a">
         <name>.debug_line</name>
         <load_address>0x2300</load_address>
         <run_address>0x2300</run_address>
         <size>0x87e</size>
         <input_file_ref idref="fl-e"/>
      </object_component>
      <object_component id="oc-2e4">
         <name>.debug_line</name>
         <load_address>0x2b7e</load_address>
         <run_address>0x2b7e</run_address>
         <size>0x72</size>
         <input_file_ref idref="fl-e"/>
      </object_component>
      <object_component id="oc-2ae">
         <name>.debug_line</name>
         <load_address>0x2bf0</load_address>
         <run_address>0x2bf0</run_address>
         <size>0x7a</size>
         <input_file_ref idref="fl-e"/>
      </object_component>
      <object_component id="oc-10f">
         <name>.debug_line</name>
         <load_address>0x2c6a</load_address>
         <run_address>0x2c6a</run_address>
         <size>0x6b</size>
         <input_file_ref idref="fl-f"/>
      </object_component>
      <object_component id="oc-21b">
         <name>.debug_line</name>
         <load_address>0x2cd5</load_address>
         <run_address>0x2cd5</run_address>
         <size>0x23a</size>
         <input_file_ref idref="fl-10"/>
      </object_component>
      <object_component id="oc-178">
         <name>.debug_line</name>
         <load_address>0x2f0f</load_address>
         <run_address>0x2f0f</run_address>
         <size>0x72</size>
         <input_file_ref idref="fl-10"/>
      </object_component>
      <object_component id="oc-23e">
         <name>.debug_line</name>
         <load_address>0x2f81</load_address>
         <run_address>0x2f81</run_address>
         <size>0x72</size>
         <input_file_ref idref="fl-10"/>
      </object_component>
      <object_component id="oc-266">
         <name>.debug_line</name>
         <load_address>0x2ff3</load_address>
         <run_address>0x2ff3</run_address>
         <size>0x72</size>
         <input_file_ref idref="fl-10"/>
      </object_component>
      <object_component id="oc-268">
         <name>.debug_line</name>
         <load_address>0x3065</load_address>
         <run_address>0x3065</run_address>
         <size>0x72</size>
         <input_file_ref idref="fl-10"/>
      </object_component>
      <object_component id="oc-242">
         <name>.debug_line</name>
         <load_address>0x30d7</load_address>
         <run_address>0x30d7</run_address>
         <size>0x72</size>
         <input_file_ref idref="fl-10"/>
      </object_component>
      <object_component id="oc-264">
         <name>.debug_line</name>
         <load_address>0x3149</load_address>
         <run_address>0x3149</run_address>
         <size>0x72</size>
         <input_file_ref idref="fl-10"/>
      </object_component>
      <object_component id="oc-240">
         <name>.debug_line</name>
         <load_address>0x31bb</load_address>
         <run_address>0x31bb</run_address>
         <size>0x72</size>
         <input_file_ref idref="fl-10"/>
      </object_component>
      <object_component id="oc-244">
         <name>.debug_line</name>
         <load_address>0x322d</load_address>
         <run_address>0x322d</run_address>
         <size>0x72</size>
         <input_file_ref idref="fl-10"/>
      </object_component>
      <object_component id="oc-c5">
         <name>.debug_line</name>
         <load_address>0x329f</load_address>
         <run_address>0x329f</run_address>
         <size>0xf23</size>
         <input_file_ref idref="fl-10"/>
      </object_component>
      <object_component id="oc-17d">
         <name>.debug_line</name>
         <load_address>0x41c2</load_address>
         <run_address>0x41c2</run_address>
         <size>0x79</size>
         <input_file_ref idref="fl-10"/>
      </object_component>
      <object_component id="oc-229">
         <name>.debug_line</name>
         <load_address>0x423b</load_address>
         <run_address>0x423b</run_address>
         <size>0x72</size>
         <input_file_ref idref="fl-10"/>
      </object_component>
      <object_component id="oc-2ba">
         <name>.debug_line</name>
         <load_address>0x42ad</load_address>
         <run_address>0x42ad</run_address>
         <size>0x1f5</size>
         <input_file_ref idref="fl-11"/>
      </object_component>
      <object_component id="oc-2b6">
         <name>.debug_line</name>
         <load_address>0x44a2</load_address>
         <run_address>0x44a2</run_address>
         <size>0x73</size>
         <input_file_ref idref="fl-11"/>
      </object_component>
      <object_component id="oc-2b8">
         <name>.debug_line</name>
         <load_address>0x4515</load_address>
         <run_address>0x4515</run_address>
         <size>0x73</size>
         <input_file_ref idref="fl-11"/>
      </object_component>
      <object_component id="oc-2b4">
         <name>.debug_line</name>
         <load_address>0x4588</load_address>
         <run_address>0x4588</run_address>
         <size>0x73</size>
         <input_file_ref idref="fl-11"/>
      </object_component>
      <object_component id="oc-2b2">
         <name>.debug_line</name>
         <load_address>0x45fb</load_address>
         <run_address>0x45fb</run_address>
         <size>0x73</size>
         <input_file_ref idref="fl-11"/>
      </object_component>
      <object_component id="oc-19a">
         <name>.debug_line</name>
         <load_address>0x466e</load_address>
         <run_address>0x466e</run_address>
         <size>0x4f0</size>
         <input_file_ref idref="fl-11"/>
      </object_component>
      <object_component id="oc-261">
         <name>.debug_line</name>
         <load_address>0x4b5e</load_address>
         <run_address>0x4b5e</run_address>
         <size>0x73</size>
         <input_file_ref idref="fl-11"/>
      </object_component>
      <object_component id="oc-25b">
         <name>.debug_line</name>
         <load_address>0x4bd1</load_address>
         <run_address>0x4bd1</run_address>
         <size>0x7b</size>
         <input_file_ref idref="fl-11"/>
      </object_component>
      <object_component id="oc-1ac">
         <name>.debug_line</name>
         <load_address>0x4c4c</load_address>
         <run_address>0x4c4c</run_address>
         <size>0xe0</size>
         <input_file_ref idref="fl-12"/>
      </object_component>
      <object_component id="oc-180">
         <name>.debug_line</name>
         <load_address>0x4d2c</load_address>
         <run_address>0x4d2c</run_address>
         <size>0x87</size>
         <input_file_ref idref="fl-12"/>
      </object_component>
      <object_component id="oc-1aa">
         <name>.debug_line</name>
         <load_address>0x4db3</load_address>
         <run_address>0x4db3</run_address>
         <size>0x87</size>
         <input_file_ref idref="fl-12"/>
      </object_component>
      <object_component id="oc-77">
         <name>.debug_line</name>
         <load_address>0x4e3a</load_address>
         <run_address>0x4e3a</run_address>
         <size>0x226</size>
         <input_file_ref idref="fl-12"/>
      </object_component>
      <object_component id="oc-71">
         <name>.debug_line</name>
         <load_address>0x5060</load_address>
         <run_address>0x5060</run_address>
         <size>0x11c</size>
         <input_file_ref idref="fl-13"/>
      </object_component>
      <object_component id="oc-1f2">
         <name>.debug_line</name>
         <load_address>0x517c</load_address>
         <run_address>0x517c</run_address>
         <size>0xee</size>
         <input_file_ref idref="fl-14"/>
      </object_component>
      <object_component id="oc-128">
         <name>.debug_line</name>
         <load_address>0x526a</load_address>
         <run_address>0x526a</run_address>
         <size>0xc4</size>
         <input_file_ref idref="fl-14"/>
      </object_component>
      <object_component id="oc-9c">
         <name>.debug_line</name>
         <load_address>0x532e</load_address>
         <run_address>0x532e</run_address>
         <size>0x79</size>
         <input_file_ref idref="fl-ce"/>
      </object_component>
      <object_component id="oc-38">
         <name>.debug_line</name>
         <load_address>0x53a7</load_address>
         <run_address>0x53a7</run_address>
         <size>0x88</size>
         <input_file_ref idref="fl-cf"/>
      </object_component>
      <object_component id="oc-112">
         <name>.debug_line</name>
         <load_address>0x542f</load_address>
         <run_address>0x542f</run_address>
         <size>0x92</size>
         <input_file_ref idref="fl-d0"/>
      </object_component>
      <object_component id="oc-4d">
         <name>.debug_line</name>
         <load_address>0x54c1</load_address>
         <run_address>0x54c1</run_address>
         <size>0x53</size>
         <input_file_ref idref="fl-d0"/>
      </object_component>
      <object_component id="oc-95">
         <name>.debug_line</name>
         <load_address>0x5514</load_address>
         <run_address>0x5514</run_address>
         <size>0x34</size>
         <input_file_ref idref="fl-d0"/>
      </object_component>
      <object_component id="oc-90">
         <name>.debug_line</name>
         <load_address>0x5548</load_address>
         <run_address>0x5548</run_address>
         <size>0x20</size>
         <input_file_ref idref="fl-d1"/>
      </object_component>
      <object_component id="oc-1e">
         <name>.debug_line</name>
         <load_address>0x5568</load_address>
         <run_address>0x5568</run_address>
         <size>0x55</size>
         <input_file_ref idref="fl-d1"/>
      </object_component>
      <object_component id="oc-40">
         <name>.debug_line</name>
         <load_address>0x55bd</load_address>
         <run_address>0x55bd</run_address>
         <size>0x3a</size>
         <input_file_ref idref="fl-d1"/>
      </object_component>
      <object_component id="oc-8d">
         <name>.debug_line</name>
         <load_address>0x55f7</load_address>
         <run_address>0x55f7</run_address>
         <size>0x92</size>
         <input_file_ref idref="fl-d1"/>
      </object_component>
      <object_component id="oc-10b">
         <name>.debug_line</name>
         <load_address>0x5689</load_address>
         <run_address>0x5689</run_address>
         <size>0x20</size>
         <input_file_ref idref="fl-d2"/>
      </object_component>
      <object_component id="oc-1c">
         <name>.debug_line</name>
         <load_address>0x56a9</load_address>
         <run_address>0x56a9</run_address>
         <size>0xa9</size>
         <input_file_ref idref="fl-d2"/>
      </object_component>
      <object_component id="oc-30">
         <name>.debug_line</name>
         <load_address>0x5752</load_address>
         <run_address>0x5752</run_address>
         <size>0x3a</size>
         <input_file_ref idref="fl-d2"/>
      </object_component>
      <object_component id="oc-108">
         <name>.debug_line</name>
         <load_address>0x578c</load_address>
         <run_address>0x578c</run_address>
         <size>0x9a</size>
         <input_file_ref idref="fl-d2"/>
      </object_component>
      <object_component id="oc-86">
         <name>.debug_line</name>
         <load_address>0x5826</load_address>
         <run_address>0x5826</run_address>
         <size>0x96</size>
         <input_file_ref idref="fl-d2"/>
      </object_component>
      <object_component id="oc-2c3">
         <name>.debug_line</name>
         <load_address>0x58bc</load_address>
         <run_address>0x58bc</run_address>
         <size>0x2a</size>
         <input_file_ref idref="fl-d3"/>
      </object_component>
      <object_component id="oc-1ee">
         <name>.debug_line</name>
         <load_address>0x58e6</load_address>
         <run_address>0x58e6</run_address>
         <size>0x45</size>
[...]
         <object_component_ref idref="oc-c3"/>
      </symbol>
      <symbol id="sm-6cc">
         <name>uxTaskPriorityGet</name>
         <value>0x5f7</value>
         <object_component_ref idref="oc-c3"/>
      </symbol>
      <symbol id="sm-6cd">
         <name>vTaskStepTick</name>
         <value>0xcc5</value>
         <object_component_ref idref="oc-c3"/>
      </symbol>
      <symbol id="sm-6ce">
         <name>xTaskResumeAll</name>
         <value>0xa75</value>
         <object_component_ref idref="oc-c3"/>
      </symbol>
      <symbol id="sm-6cf">
         <name>vTaskSetApplicationTaskTag</name>
         <value>0xe81</value>
         <object_component_ref idref="oc-c3"/>
      </symbol>
      <symbol id="sm-6d0">
         <name>xTaskGetTickCount</name>
         <value>0xb77</value>
         <object_component_ref idref="oc-c3"/>
      </symbol>
      <symbol id="sm-6d1">
         <name>ulTaskNotifyValueClear</name>
         <value>0x1f2b</value>
         <object_component_ref idref="oc-c3"/>
      </symbol>
      <symbol id="sm-6d2">
         <name>uxTaskGetSystemState</name>
         <value>0xbe9</value>
         <object_component_ref idref="oc-c3"/>
      </symbol>
      <symbol id="sm-6d3">
         <name>vTaskDelete</name>
         <value>0x32d</value>
         <object_component_ref idref="oc-c3"/>
      </symbol>
      <symbol id="sm-6d4">
         <name>xTaskGetApplicationTaskTag</name>
         <value>0xea7</value>
         <object_component_ref idref="oc-c3"/>
      </symbol>
      <symbol id="sm-6d5">
         <name>xTaskCallApplicationTaskHook</name>
         <value>0xf19</value>
         <object_component_ref idref="oc-c3"/>
      </symbol>
      <symbol id="sm-6d6">
         <name>pxCurrentTCB</name>
         <value>0x20008378</value>
         <object_component_ref idref="oc-bd"/>
      </symbol>
      <symbol id="sm-6d7">
         <name>vTaskNotifyGiveFromISR</name>
         <value>0x1e09</value>
         <object_component_ref idref="oc-c3"/>
      </symbol>
      <symbol id="sm-6d8">
         <name>eTaskGetState</name>
         <value>0x541</value>
         <object_component_ref idref="oc-c3"/>
      </symbol>
      <symbol id="sm-6d9">
         <name>vTaskSuspend</name>
         <value>0x7a1</value>
         <object_component_ref idref="oc-c3"/>
      </symbol>
      <symbol id="sm-6da">
         <name>xTaskGetTickCountFromISR</name>
         <value>0xb87</value>
         <object_component_ref idref="oc-c3"/>
      </symbol>
      <symbol id="sm-6db">
         <name>vTaskResume</name>
         <value>0x8e5</value>
         <object_component_ref idref="oc-c3"/>
      </symbol>
      <symbol id="sm-6dc">
         <name>vTaskPlaceOnEventListRestricted</name>
         <value>0x10c5</value>
         <object_component_ref idref="oc-c3"/>
      </symbol>
      <symbol id="sm-6dd">
         <name>vTaskSetTimeOutState</name>
         <value>0x122b</value>
         <object_component_ref idref="oc-c3"/>
      </symbol>
      <symbol id="sm-6de">
         <name>xTaskIncrementTick</name>
         <value>0xd55</value>
         <object_component_ref idref="oc-c3"/>
      </symbol>
      <symbol id="sm-6df">
         <name>vTaskSwitchContext</name>
         <value>0xf59</value>
         <object_component_ref idref="oc-c3"/>
      </symbol>
      <symbol id="sm-6e0">
         <name>uxTaskResetEventItemValue</name>
         <value>0x1a0b</value>
         <object_component_ref idref="oc-c3"/>
      </symbol>
      <symbol id="sm-6e1">
         <name>xTaskGetSchedulerState</name>
         <value>0x171d</value>
         <object_component_ref idref="oc-c3"/>
      </symbol>
      <symbol id="sm-6e2">
         <name>xTaskGetCurrentTaskHandle</name>
         <value>0x170d</value>
         <object_component_ref idref="oc-c3"/>
      </symbol>
      <symbol id="sm-6e3">
         <name>vTaskPlaceOnUnorderedEventList</name>
         <value>0x1059</value>
         <object_component_ref idref="oc-c3"/>
      </symbol>
      <symbol id="sm-6e4">
         <name>xTaskRemoveFromEventList</name>
         <value>0x1105</value>
         <object_component_ref idref="oc-c3"/>
      </symbol>
      <symbol id="sm-6e5">
         <name>eTaskConfirmSleepModeStatus</name>
         <value>0x13c5</value>
         <object_component_ref idref="oc-c3"/>
      </symbol>
      <symbol id="sm-6e6">
         <name>xTaskPriorityInherit</name>
         <value>0x1769</value>
         <object_component_ref idref="oc-c3"/>
      </symbol>
      <symbol id="sm-7a3">
         <name>vTimerSetTimerNumber</name>
         <value>0x380b</value>
         <object_component_ref idref="oc-199"/>
      </symbol>
      <symbol id="sm-7a4">
         <name>xTimerGetTimerDaemonTaskHandle</name>
         <value>0x31ef</value>
         <object_component_ref idref="oc-199"/>
      </symbol>
      <symbol id="sm-7a5">
         <name>pcTimerGetName</name>
         <value>0x32e7</value>
         <object_component_ref idref="oc-199"/>
      </symbol>
      <symbol id="sm-7a6">
         <name>xTimerCreateTimerTask</name>
         <value>0x308d</value>
         <object_component_ref idref="oc-199"/>
      </symbol>
      <symbol id="sm-7a7">
         <name>xTimerGetExpiryTime</name>
         <value>0x32bd</value>
         <object_component_ref idref="oc-199"/>
      </symbol>
      <symbol id="sm-7a8">
         <name>uxTimerGetTimerNumber</name>
         <value>0x37fd</value>
         <object_component_ref idref="oc-199"/>
      </symbol>
      <symbol id="sm-7a9">
         <name>xTimerIsTimerActive</name>
         <value>0x3765</value>
         <object_component_ref idref="oc-199"/>
      </symbol>
      <symbol id="sm-7aa">
         <name>xTimerGetPeriod</name>
         <value>0x3211</value>
         <object_component_ref idref="oc-199"/>
      </symbol>
      <symbol id="sm-7ab">
         <name>xTimerCreate</name>
         <value>0x30cd</value>
         <object_component_ref idref="oc-199"/>
      </symbol>
      <symbol id="sm-7ac">
         <name>vTimerSetReloadMode</name>
         <value>0x3237</value>
         <object_component_ref idref="oc-199"/>
      </symbol>
      <symbol id="sm-7ad">
         <name>xTimerGenericCommand</name>
         <value>0x316f</value>
         <object_component_ref idref="oc-199"/>
      </symbol>
      <symbol id="sm-7ae">
         <name>uxTimerGetReloadMode</name>
         <value>0x3281</value>
         <object_component_ref idref="oc-199"/>
      </symbol>
      <symbol id="sm-7af">
         <name>pvTimerGetTimerID</name>
         <value>0x37a1</value>
         <object_component_ref idref="oc-199"/>
      </symbol>
      <symbol id="sm-7b0">
         <name>vTimerSetTimerID</name>
         <value>0x37cf</value>
         <object_component_ref idref="oc-199"/>
      </symbol>
      <symbol id="sm-818">
         <name>ulMaxSyscallInterruptPriority</name>
         <value>0x5c4c</value>
         <object_component_ref idref="oc-c0"/>
      </symbol>
      <symbol id="sm-819">
         <name>vPortSetupTimerInterrupt</name>
         <value>0x4c79</value>
         <object_component_ref idref="oc-72"/>
      </symbol>
      <symbol id="sm-81a">
         <name>vPortEndScheduler</name>
         <value>0x4a61</value>
         <object_component_ref idref="oc-72"/>
      </symbol>
      <symbol id="sm-81b">
         <name>vPortSuppressTicksAndSleep</name>
         <value>0x4b21</value>
         <object_component_ref idref="oc-72"/>
      </symbol>
      <symbol id="sm-81c">
         <name>xPortSysTickHandler</name>
         <value>0x4af3</value>
         <object_component_ref idref="oc-72"/>
      </symbol>
      <symbol id="sm-81d">
         <name>vPortValidateInterruptPriority</name>
         <value>0x4cc1</value>
         <object_component_ref idref="oc-72"/>
      </symbol>
      <symbol id="sm-81e">
         <name>pxPortInitialiseStack</name>
         <value>0x491d</value>
         <object_component_ref idref="oc-72"/>
      </symbol>
      <symbol id="sm-81f">
         <name>vPortExitCritical</name>
         <value>0x4ac7</value>
         <object_component_ref idref="oc-72"/>
      </symbol>
      <symbol id="sm-820">
         <name>xPortStartScheduler</name>
         <value>0x49a9</value>
         <object_component_ref idref="oc-72"/>
      </symbol>
      <symbol id="sm-821">
         <name>vPortEnterCritical</name>
         <value>0x4a85</value>
         <object_component_ref idref="oc-72"/>
      </symbol>
      <symbol id="sm-830">
         <name>vPortStartFirstTask</name>
         <value>0x597d</value>
         <object_component_ref idref="oc-6d"/>
      </symbol>
      <symbol id="sm-831">
         <name>ulPortGetIPSR</name>
         <value>0x58e5</value>
         <object_component_ref idref="oc-6d"/>
      </symbol>
      <symbol id="sm-832">
         <name>vPortEnableVFP</name>
         <value>0x59a1</value>
         <object_component_ref idref="oc-6d"/>
      </symbol>
      <symbol id="sm-833">
         <name>xPortPendSVHandler</name>
         <value>0x58fd</value>
         <object_component_ref idref="oc-6d"/>
      </symbol>
      <symbol id="sm-834">
         <name>vPortSVCHandler</name>
         <value>0x595d</value>
         <object_component_ref idref="oc-6d"/>
      </symbol>
      <symbol id="sm-84d">
         <name>Task_Maze_Handle</name>
         <value>0x20008370</value>
      </symbol>
      <symbol id="sm-84e">
         <name>Task_Maze</name>
         <value>0x54d5</value>
         <object_component_ref idref="oc-124"/>
      </symbol>
      <symbol id="sm-85d">
         <name>__aeabi_memset</name>
         <value>0x5a4d</value>
         <object_component_ref idref="oc-98"/>
      </symbol>
      <symbol id="sm-85e">
         <name>memset</name>
         <value>0x5a53</value>
         <object_component_ref idref="oc-98"/>
      </symbol>
      <symbol id="sm-85f">
         <name>__aeabi_memset8</name>
         <value>0x5a4d</value>
         <object_component_ref idref="oc-98"/>
      </symbol>
      <symbol id="sm-860">
         <name>__aeabi_memset4</name>
         <value>0x5a4d</value>
         <object_component_ref idref="oc-98"/>
      </symbol>
      <symbol id="sm-861">
         <name>__aeabi_memclr8</name>
         <value>0x5a4b</value>
         <object_component_ref idref="oc-98"/>
      </symbol>
      <symbol id="sm-862">
         <name>__aeabi_memclr4</name>
         <value>0x5a4b</value>
         <object_component_ref idref="oc-98"/>
      </symbol>
      <symbol id="sm-863">
         <name>__aeabi_memclr</name>
         <value>0x5a4b</value>
         <object_component_ref idref="oc-98"/>
      </symbol>
      <symbol id="sm-87e">
         <name>memcpy</name>
         <value>0x59af</value>
         <object_component_ref idref="oc-37"/>
      </symbol>
      <symbol id="sm-87f">
         <name>__aeabi_memcpy</name>
         <value>0x59af</value>
         <object_component_ref idref="oc-37"/>
      </symbol>
      <symbol id="sm-880">
         <name>__aeabi_memcpy8</name>
         <value>0x59af</value>
         <object_component_ref idref="oc-37"/>
      </symbol>
      <symbol id="sm-881">
         <name>__aeabi_memcpy4</name>
         <value>0x59af</value>
         <object_component_ref idref="oc-37"/>
      </symbol>
      <symbol id="sm-893">
         <name>__TI_zero_init</name>
         <value>0x5c39</value>
         <object_component_ref idref="oc-49"/>
      </symbol>
      <symbol id="sm-8aa">
         <name>__TI_decompress_none</name>
         <value>0x5c1d</value>
         <object_component_ref idref="oc-1d"/>
      </symbol>
      <symbol id="sm-8cd">
         <name>__TI_decompress_lzss</name>
         <value>0x5ac5</value>
         <object_component_ref idref="oc-17"/>
      </symbol>
      <symbol id="sm-8e3">
         <name>rand</name>
         <value>0x5be9</value>
         <object_component_ref idref="oc-1ea"/>
      </symbol>
      <symbol id="sm-8f6">
         <name>__stack</name>
         <value>0x2000fe00</value>
         <object_component_ref idref="oc-29"/>
      </symbol>
      <symbol id="sm-8f7">
         <name>_c_int00_noargs</name>
         <value>0x5bb5</value>
         <object_component_ref idref="oc-55"/>
      </symbol>
      <symbol id="sm-91f">
         <name>__TI_auto_init_nobinit_nopinit</name>
         <value>0x5b2d</value>
         <object_component_ref idref="oc-141"/>
      </symbol>
      <symbol id="sm-929">
         <name>_system_pre_init</name>
         <value>0x5c45</value>
         <object_component_ref idref="oc-9e"/>
      </symbol>
      <symbol id="sm-935">
         <name>C$$EXIT</name>
         <value>0x5c49</value>
         <object_component_ref idref="oc-135"/>
      </symbol>
      <symbol id="sm-936">
         <name>abort</name>
         <value>0x5c49</value>
         <object_component_ref idref="oc-135"/>
      </symbol>
      <symbol id="sm-94b">
         <name>_nop</name>
         <value>0x57c7</value>
         <object_component_ref idref="oc-276"/>
      </symbol>
      <symbol id="sm-94c">
         <name>_lock</name>
         <value>0x200083f4</value>
         <object_component_ref idref="oc-1fc"/>
      </symbol>
      <symbol id="sm-94d">
         <name>_unlock</name>
         <value>0x200083f8</value>
         <object_component_ref idref="oc-1fc"/>
      </symbol>
      <symbol id="sm-94f">
         <name>__TI_static_base__</name>
         <value>0x0</value>
      </symbol>
      <symbol id="sm-952">
         <name>__mpu_init</name>
         <value>0x0</value>
      </symbol>
      <symbol id="sm-953">
         <name>_system_post_cinit</name>
         <value>0x0</value>
      </symbol>
      <symbol id="sm-954">
         <name>NMI_Handler</name>
         <value>0x5c37</value>
      </symbol>
      <symbol id="sm-955">
         <name>HardFault_Handler</name>
         <value>0x5c37</value>
      </symbol>
      <symbol id="sm-956">
         <name>MemManage_Handler</name>
         <value>0x5c37</value>
      </symbol>
      <symbol id="sm-957">
         <name>BusFault_Handler</name>
         <value>0x5c37</value>
      </symbol>
      <symbol id="sm-958">
         <name>UsageFault_Handler</name>
         <value>0x5c37</value>
      </symbol>
      <symbol id="sm-959">
         <name>SVC_Handler</name>
         <value>0x5c37</value>
      </symbol>
      <symbol id="sm-95a">
         <name>DebugMon_Handler</name>
         <value>0x5c37</value>
      </symbol>
      <symbol id="sm-95b">
         <name>PendSV_Handler</name>
         <value>0x5c37</value>
      </symbol>
      <symbol id="sm-95c">
         <name>SysTick_Handler</name>
         <value>0x5c37</value>
      </symbol>
      <symbol id="sm-95d">
         <name>PSS_IRQHandler</name>
         <value>0x5c37</value>
      </symbol>
      <symbol id="sm-95e">
         <name>CS_IRQHandler</name>
         <value>0x5c37</value>
      </symbol>
      <symbol id="sm-95f">
         <name>PCM_IRQHandler</name>
         <value>0x5c37</value>
      </symbol>
      <symbol id="sm-960">
         <name>WDT_A_IRQHandler</name>
         <value>0x5c37</value>
      </symbol>
      <symbol id="sm-961">
         <name>FPU_IRQHandler</name>
         <value>0x5c37</value>
      </symbol>
      <symbol id="sm-962">
         <name>FLCTL_IRQHandler</name>
         <value>0x5c37</value>
      </symbol>
      <symbol id="sm-963">
         <name>COMP_E0_IRQHandler</name>
         <value>0x5c37</value>
      </symbol>
      <symbol id="sm-964">
         <name>COMP_E1_IRQHandler</name>
         <value>0x5c37</value>
      </symbol>
      <symbol id="sm-965">
         <name>TA0_0_IRQHandler</name>
         <value>0x5c37</value>
      </symbol>
      <symbol id="sm-966">
         <name>TA0_N_IRQHandler</name>
         <value>0x5c37</value>
      </symbol>
      <symbol id="sm-967">
         <name>TA1_0_IRQHandler</name>
         <value>0x5c37</value>
      </symbol>
      <symbol id="sm-968">
         <name>TA1_N_IRQHandler</name>
         <value>0x5c37</value>
      </symbol>
      <symbol id="sm-969">
         <name>TA2_0_IRQHandler</name>
         <value>0x5c37</value>
      </symbol>
      <symbol id="sm-96a">
         <name>TA2_N_IRQHandler</name>
         <value>0x5c37</value>
      </symbol>
      <symbol id="sm-96b">
         <name>TA3_0_IRQHandler</name>
         <value>0x5c37</value>
      </symbol>
      <symbol id="sm-96c">
         <name>TA3_N_IRQHandler</name>
         <value>0x5c37</value>
      </symbol>
      <symbol id="sm-96d">
         <name>EUSCIA0_IRQHandler</name>
         <value>0x5c37</value>
      </symbol>
      <symbol id="sm-96e">
         <name>EUSCIA1_IRQHandler</name>
         <value>0x5c37</value>
      </symbol>
      <symbol id="sm-96f">
         <name>EUSCIA2_IRQHandler</name>
         <value>0x5c37</value>
      </symbol>
      <symbol id="sm-970">
         <name>EUSCIA3_IRQHandler</name>
         <value>0x5c37</value>
      </symbol>
      <symbol id="sm-971">
         <name>EUSCIB0_IRQHandler</name>
         <value>0x5c37</value>
      </symbol>
      <symbol id="sm-972">
         <name>EUSCIB1_IRQHandler</name>
         <value>0x5c37</value>
      </symbol>
      <symbol id="sm-973">
         <name>EUSCIB2_IRQHandler</name>
         <value>0x5c37</value>
      </symbol>
      <symbol id="sm-974">
         <name>EUSCIB3_IRQHandler</name>
         <value>0x5c37</value>
      </symbol>
      <symbol id="sm-975">
         <name>ADC14_IRQHandler</name>
         <value>0x4355</value>
      </symbol>
      <symbol id="sm-976">
         <name>T32_INT1_IRQHandler</name>
         <value>0x5c37</value>
      </symbol>
      <symbol id="sm-977">
         <name>T32_INT2_IRQHandler</name>
         <value>0x5c37</value>
      </symbol>
      <symbol id="sm-978">
         <name>T32_INTC_IRQHandler</name>
         <value>0x5c37</value>
      </symbol>
      <symbol id="sm-979">
         <name>AES256_IRQHandler</name>
         <value>0x5c37</value>
      </symbol>
      <symbol id="sm-97a">
         <name>RTC_C_IRQHandler</name>
         <value>0x5c37</value>
      </symbol>
      <symbol id="sm-97b">
         <name>DMA_ERR_IRQHandler</name>
         <value>0x5c37</value>
      </symbol>
      <symbol id="sm-97c">
         <name>DMA_INT3_IRQHandler</name>
         <value>0x5c37</value>
      </symbol>
      <symbol id="sm-97d">
         <name>DMA_INT2_IRQHandler</name>
         <value>0x5c37</value>
      </symbol>
      <symbol id="sm-97e">
         <name>DMA_INT1_IRQHandler</name>
         <value>0x5c37</value>
      </symbol>
      <symbol id="sm-97f">
         <name>DMA_INT0_IRQHandler</name>
         <value>0x5c37</value>
      </symbol>
      <symbol id="sm-980">
         <name>PORT1_IRQHandler</name>
         <value>0x5c37</value>
      </symbol>
      <symbol id="sm-981">
         <name>PORT2_IRQHandler</name>
         <value>0x5c37</value>
      </symbol>
      <symbol id="sm-982">
         <name>PORT3_IRQHandler</name>
         <value>0x5c37</value>
      </symbol>
      <symbol id="sm-983">
         <name>PORT4_IRQHandler</name>
         <value>0x5c37</value>
      </symbol>
      <symbol id="sm-984">
         <name>PORT5_IRQHandler</name>
         <value>0x5c37</value>
      </symbol>
      <symbol id="sm-985">
         <name>PORT6_IRQHandler</name>
         <value>0x5c37</value>
      </symbol>
   </symbol_table>
   <title>Link successful</title>
</link_info>
