******************************************************************************
                  TI ARM Linker PC v20.2.1                     
******************************************************************************
>> Linked Wed Nov 25 22:08:08 2020

OUTPUT FILE NAME:   <ProjectMaze.out>
ENTRY POINT SYMBOL: "_c_int00_noargs"  address: 00005bb5


MEMORY CONFIGURATION

         name            origin    length      used     unused   attr    fill
----------------------  --------  ---------  --------  --------  ----  --------
  MAIN                  00000000   00040000  00005c9c  0003a364  R  X
  INFO                  00200000   00004000  00000000  00004000  R  X
  SRAM_CODE             01000000   00010000  00008605  000079fb  RW X
  SRAM_DATA             20000000   00010000  00008605  000079fb  RW  


SEGMENT ALLOCATION MAP

run origin  load origin   length   init length attrs members
----------  ----------- ---------- ----------- ----- -------
00000000    00000000    00005ca0   00005ca0    r-x
  00000000    00000000    000000e4   000000e4    r-- .intvecs
  000000e4    000000e4    00005b68   00005b68    r-x .text
  00005c4c    00005c4c    00000008   00000008    r-- .const
  00005c58    00005c58    00000048   00000048    r-- .cinit
20000000    20000000    00008405   00000000    rw-
  20000000    20000000    00008378   00000000    rw- .bss
  20008378    20008378    0000008d   00000000    rw- .data
2000fe00    2000fe00    00000200   00000000    rw-
  2000fe00    2000fe00    00000200   00000000    rw- .stack


SECTION ALLOCATION MAP

 output                                  attributes/
section   page    origin      length       input sections
--------  ----  ----------  ----------   ----------------
.intvecs   0    00000000    000000e4     
                  00000000    000000e4     startup_msp432p401r_ccs.obj (.intvecs:retain)

.text      0    000000e4    00005b68     
                  000000e4    00001f3c     tasks.obj (.text)
                  00002020    0000106c     queue.obj (.text)
                  0000308c    000007a4     timers.obj (.text)
                  00003830    000005e0     lcd.obj (.text)
                  00003e10    000005a0     task_joystick.obj (.text)
                  000043b0    0000056c     task_GenMaze.obj (.text)
                  0000491c    00000438     port.obj (.text)
                  00004d54    0000042c     heap_4.obj (.text)
                  00005180    00000354     system_msp432p401r.obj (.text)
                  000054d4    000001c8     task_maze.obj (.text)
                  0000569c    0000012a     list.obj (.text)
                  000057c6    00000002     rtsv7M4_T_le_v4SPD16_eabi.lib : _lock.c.obj (.text:_nop)
                  000057c8    0000010c     main.obj (.text)
                  000058d4    000000da     portasm.obj (.text)
                  000059ae    0000009c     rtsv7M4_T_le_v4SPD16_eabi.lib : memcpy_t2.asm.obj (.text)
                  00005a4a    0000007a                                   : memset_t2.asm.obj (.text)
                  00005ac4    00000068                                   : copy_decompress_lzss.c.obj (.text:decompress:lzss:__TI_decompress_lzss)
                  00005b2c    00000044                                   : autoinit.c.obj (.text:__TI_auto_init_nobinit_nopinit:__TI_auto_init_nobinit_nopinit)
                  00005b70    00000044     task_main.obj (.text)
                  00005bb4    00000034     rtsv7M4_T_le_v4SPD16_eabi.lib : boot_cortex_m.c.obj (.text:_c_int00_noargs:_c_int00_noargs)
                  00005be8    00000034                                   : rand.c.obj (.text:rand)
                  00005c1c    0000000e                                   : copy_decompress_none.c.obj (.text:decompress:none:__TI_decompress_none)
                  00005c2a    0000000e     startup_msp432p401r_ccs.obj (.text)
                  00005c38    0000000c     rtsv7M4_T_le_v4SPD16_eabi.lib : copy_zero_init.c.obj (.text:decompress:ZI:__TI_zero_init)
                  00005c44    00000004                                   : pre_init.c.obj (.text:_system_pre_init)
                  00005c48    00000004                                   : exit.c.obj (.text:abort:abort)

.const     0    00005c4c    00000008     
                  00005c4c    00000008     port.obj (.const)

.cinit     0    00005c58    00000048     
                  00005c58    00000022     (.cinit..data.load) [load image, compression = lzss]
                  00005c7a    00000002     --HOLE-- [fill = 0]
                  00005c7c    0000000c     (__TI_handler_table)
                  00005c88    00000008     (.cinit..bss.load) [load image, compression = zero_init]
                  00005c90    00000010     (__TI_cinit_table)

.init_array 
*          0    00000000    00000000     UNINITIALIZED

.binit     0    00000000    00000000     

.bss       0    20000000    00008378     UNINITIALIZED
                  20000000    00008000     heap_4.obj (.bss:ucHeap)
                  20008000    000001f4     (.common:maze)
                  200081f4    000000c8     tasks.obj (.bss:pxReadyTasksLists)
                  200082bc    00000014     timers.obj (.bss:xActiveTimerList1)
                  200082d0    00000014     timers.obj (.bss:xActiveTimerList2)
                  200082e4    00000014     tasks.obj (.bss:xDelayedTaskList1)
                  200082f8    00000014     tasks.obj (.bss:xDelayedTaskList2)
                  2000830c    00000014     tasks.obj (.bss:xPendingReadyList)
                  20008320    00000014     tasks.obj (.bss:xSuspendedTaskList)
                  20008334    00000014     tasks.obj (.bss:xTasksWaitingTermination)
                  20008348    00000008     tasks.obj (.bss)
                  20008350    00000008     timers.obj (.bss)
                  20008358    00000008     heap_4.obj (.bss:xStart)
                  20008360    00000004     (.common:Task_Gen_Maze_Handle)
                  20008364    00000004     (.common:Task_Joystick_Handle)
                  20008368    00000004     (.common:Task_Joystick_Timer_Handle)
                  2000836c    00000004     (.common:Task_Main_Handle)
                  20008370    00000004     (.common:Task_Maze_Handle)
                  20008374    00000002     (.common:Lcd_ScreenHeigth)
                  20008376    00000002     (.common:Lcd_ScreenWidth)

.data      0    20008378    0000008d     UNINITIALIZED
                  20008378    00000034     tasks.obj (.data)
                  200083ac    00000018     heap_4.obj (.data)
                  200083c4    00000018     port.obj (.data)
                  200083dc    0000000c     task_joystick.obj (.data)
                  200083e8    0000000c     timers.obj (.data)
                  200083f4    00000008     rtsv7M4_T_le_v4SPD16_eabi.lib : _lock.c.obj (.data:$O1$$)
                  200083fc    00000004                                   : rand.c.obj (.data)
                  20008400    00000004     system_msp432p401r.obj (.data)
                  20008404    00000001     lcd.obj (.data)

.stack     0    2000fe00    00000200     UNINITIALIZED
                  2000fe00    00000004     rtsv7M4_T_le_v4SPD16_eabi.lib : boot_cortex_m.c.obj (.stack)
                  2000fe04    000001fc     --HOLE--

__llvm_prf_cnts 
*          0    20000000    00000000     UNINITIALIZED

MODULE SUMMARY

       Module                        code    ro data   rw data
       ------                        ----    -------   -------
    .\
       task_GenMaze.obj              1388    0         1008   
       lcd.obj                       1504    0         10     
       task_joystick.obj             1440    0         40     
       system_msp432p401r.obj        852     0         8      
       main.obj                      268     0         0      
       startup_msp432p401r_ccs.obj   14      228       0      
       task_main.obj                 68      0         8      
    +--+-----------------------------+-------+---------+---------+
       Total:                        5534    228       1074   
                                                              
    .\FreeRTOS\
       heap_4.obj                    1068    0         65600  
       tasks.obj                     7996    0         720    
       queue.obj                     4204    0         0      
       timers.obj                    1956    0         120    
       list.obj                      298     0         0      
    +--+-----------------------------+-------+---------+---------+
       Total:                        15522   0         66440  
                                                              
    .\FreeRTOS\portable\
       port.obj                      1080    8         48     
       portasm.obj                   218     0         0      
    +--+-----------------------------+-------+---------+---------+
       Total:                        1298    8         48     
                                                              
    .\targetConfigs\
       task_maze.obj                 456     0         8      
    +--+-----------------------------+-------+---------+---------+
       Total:                        456     0         8      
                                                              
    C:\ti\ccs1010\ccs\tools\compiler\ti-cgt-arm_20.2.1.LTS\lib\rtsv7M4_T_le_v4SPD16_eabi.lib
       memcpy_t2.asm.obj             156     0         0      
       memset_t2.asm.obj             122     0         0      
       copy_decompress_lzss.c.obj    104     0         0      
       autoinit.c.obj                68      0         0      
       rand.c.obj                    52      0         8      
       boot_cortex_m.c.obj           52      0         0      
       _lock.c.obj                   2       0         16     
       copy_decompress_none.c.obj    14      0         0      
       copy_zero_init.c.obj          12      0         0      
       exit.c.obj                    4       0         0      
       pre_init.c.obj                4       0         0      
    +--+-----------------------------+-------+---------+---------+
       Total:                        590     0         24     
                                                              
       Stack:                        0       0         1024   
       Linker Generated:             0       70        0      
    +--+-----------------------------+-------+---------+---------+
       Grand Total:                  23400   306       68618  


LINKER GENERATED COPY TABLES

__TI_cinit_table @ 00005c90 records: 2, size/record: 8, table size: 16
	.data: load addr=00005c58, load size=00000022 bytes, run addr=20008378, run size=0000008d bytes, compression=lzss
	.bss: load addr=00005c88, load size=00000008 bytes, run addr=20000000, run size=00008378 bytes, compression=zero_init


LINKER GENERATED HANDLER TABLE

__TI_handler_table @ 00005c7c records: 3, size/record: 4, table size: 12
	index: 0, handler: __TI_decompress_lzss
	index: 1, handler: __TI_decompress_none
	index: 2, handler: __TI_zero_init


GLOBAL SYMBOLS: SORTED ALPHABETICALLY BY Name 

address   name                               
-------   ----                               
00004355  ADC14_IRQHandler                   
00004355  ADC14_IRQHandler                   
00005c37  AES256_IRQHandler                  
00005c37  BusFault_Handler                   
00005c49  C$$EXIT                            
00005c37  COMP_E0_IRQHandler                 
00005c37  COMP_E1_IRQHandler                 
00005c37  CS_IRQHandler                      
00003a37  Crystalfontz128x128_Init           
00003909  Crystalfontz128x128_SetDrawFrame   
00005c37  DMA_ERR_IRQHandler                 
00005c37  DMA_INT0_IRQHandler                
00005c37  DMA_INT1_IRQHandler                
00005c37  DMA_INT2_IRQHandler                
00005c37  DMA_INT3_IRQHandler                
00005c37  DebugMon_Handler                   
00005c37  Default_Handler                    
00005c37  EUSCIA0_IRQHandler                 
00005c37  EUSCIA1_IRQHandler                 
00005c37  EUSCIA2_IRQHandler                 
00005c37  EUSCIA3_IRQHandler                 
00005c37  EUSCIB0_IRQHandler                 
00005c37  EUSCIB1_IRQHandler                 
00005c37  EUSCIB2_IRQHandler                 
00005c37  EUSCIB3_IRQHandler                 
00005c37  FLCTL_IRQHandler                   
00005c37  FPU_IRQHandler                     
00003831  HAL_LCD_PortInit                   
00003879  HAL_LCD_SpiInit                    
000038ad  HAL_LCD_writeCommand               
000038e5  HAL_LCD_writeData                  
00005c37  HardFault_Handler                  
00005b71  Init_Main                          
200083e0  JOYSTICK_X_DIR                     
200083e4  JOYSTICK_Y_DIR                     
20008404  Lcd_Orientation                    
20008374  Lcd_ScreenHeigth                   
20008376  Lcd_ScreenWidth                    
00005c37  MemManage_Handler                  
00005c37  NMI_Handler                        
00005c37  PCM_IRQHandler                     
00005c37  PORT1_IRQHandler                   
00005c37  PORT2_IRQHandler                   
00005c37  PORT3_IRQHandler                   
00005c37  PORT4_IRQHandler                   
00005c37  PORT5_IRQHandler                   
00005c37  PORT6_IRQHandler                   
00005c37  PSS_IRQHandler                     
00005c37  PendSV_Handler                     
00005c37  RTC_C_IRQHandler                   
00005c2b  Reset_Handler                      
00005c37  SVC_Handler                        
00005c37  SysTick_Handler                    
20008400  SystemCoreClock                    
00005181  SystemCoreClockUpdate              
000053f9  SystemInit                         
00005c37  T32_INT1_IRQHandler                
00005c37  T32_INT2_IRQHandler                
00005c37  T32_INTC_IRQHandler                
00005c37  TA0_0_IRQHandler                   
00005c37  TA0_N_IRQHandler                   
00005c37  TA1_0_IRQHandler                   
00005c37  TA1_N_IRQHandler                   
00005c37  TA2_0_IRQHandler                   
00005c37  TA2_N_IRQHandler                   
00005c37  TA3_0_IRQHandler                   
00005c37  TA3_N_IRQHandler                   
20008360  Task_Gen_Maze_Handle               
00003f31  Task_Joystick_Bottom_Half          
20008364  Task_Joystick_Handle               
00003e7b  Task_Joystick_Init                 
00003ee9  Task_Joystick_Timer                
20008368  Task_Joystick_Timer_Handle         
00005b7d  Task_Main                          
2000836c  Task_Main_Handle                   
000054d5  Task_Maze                          
20008370  Task_Maze_Handle                   
00005c37  UsageFault_Handler                 
4000480c  WDTCTL_SYM                         
00005c37  WDT_A_IRQHandler                   
20010000  __STACK_END                        
00000200  __STACK_SIZE                       
00005c90  __TI_CINIT_Base                    
00005ca0  __TI_CINIT_Limit                   
00005c7c  __TI_Handler_Table_Base            
00005c88  __TI_Handler_Table_Limit           
00005b2d  __TI_auto_init_nobinit_nopinit     
00005ac5  __TI_decompress_lzss               
00005c1d  __TI_decompress_none               
ffffffff  __TI_pprof_out_hndl                
ffffffff  __TI_prof_data_size                
ffffffff  __TI_prof_data_start               
00000000  __TI_static_base__                 
00005c39  __TI_zero_init                     
00005a4b  __aeabi_memclr                     
00005a4b  __aeabi_memclr4                    
00005a4b  __aeabi_memclr8                    
000059af  __aeabi_memcpy                     
000059af  __aeabi_memcpy4                    
000059af  __aeabi_memcpy8                    
00005a4d  __aeabi_memset                     
00005a4d  __aeabi_memset4                    
00005a4d  __aeabi_memset8                    
ffffffff  __binit__                          
ffffffff  __c_args__                         
UNDEFED   __mpu_init                         
2000fe00  __stack                            
20000000  __start___llvm_prf_cnts            
20000000  __stop___llvm_prf_cnts             
00005bb5  _c_int00_noargs                    
200083f4  _lock                              
000057c7  _nop                               
UNDEFED   _system_post_cinit                 
00005c45  _system_pre_init                   
200083f8  _unlock                            
00005c49  abort                              
ffffffff  binit                              
000043b1  cellHasNeighboors                  
000013c5  eTaskConfirmSleepModeStatus        
00000541  eTaskGetState                      
00000000  interruptVectors                   
00003c89  lcd_draw_image                     
00003b8d  lcd_draw_rectangle                 
000057c9  main                               
20008000  maze                               
000059af  memcpy                             
00005a53  memset                             
00000ba1  pcTaskGetName                      
000032e7  pcTimerGetName                     
200083dc  posX                               
200083dd  posY                               
00004d55  pvPortMalloc                       
0000145d  pvTaskGetThreadLocalStoragePointer 
00001a2d  pvTaskIncrementMutexHeldCount      
000037a1  pvTimerGetTimerID                  
20008378  pxCurrentTCB                       
0000491d  pxPortInitialiseStack              
00005be9  rand                               
00004463  randDir                            
00004479  task_generateMaze                  
00002da3  ucQueueGetQueueType                
00005c4c  ulMaxSyscallInterruptPriority      
000058e5  ulPortGetIPSR                      
00001a4d  ulTaskNotifyTake                   
00001f2b  ulTaskNotifyValueClear             
0000577f  uxListRemove                       
00002d83  uxQueueGetQueueNumber              
00002cd3  uxQueueMessagesWaiting             
00002d35  uxQueueMessagesWaitingFromISR      
00002d01  uxQueueSpacesAvailable             
00000b9b  uxTaskGetNumberOfTasks             
00000be9  uxTaskGetSystemState               
00001329  uxTaskGetTaskNumber                
000005f7  uxTaskPriorityGet                  
00000629  uxTaskPriorityGetFromISR           
00001a0b  uxTaskResetEventItemValue          
00003281  uxTimerGetReloadMode               
000037fd  uxTimerGetTimerNumber              
0000584b  vApplicationMallocFailedHook       
0000584d  vApplicationStackOverflowHook      
0000569d  vListInitialise                    
000056cd  vListInitialiseItem                
00005719  vListInsert                        
000056dd  vListInsertEnd                     
000059a1  vPortEnableVFP                     
00004a61  vPortEndScheduler                  
00004a85  vPortEnterCritical                 
00004ac7  vPortExitCritical                  
00004ebf  vPortFree                          
000050c1  vPortGetHeapStats                  
00004f65  vPortInitialiseBlocks              
0000595d  vPortSVCHandler                    
00004c79  vPortSetupTimerInterrupt           
0000597d  vPortStartFirstTask                
00004b21  vPortSuppressTicksAndSleep         
00004cc1  vPortValidateInterruptPriority     
00002d5f  vQueueDelete                       
00002d91  vQueueSetQueueNumber               
00003031  vQueueWaitForMessageRestricted     
000004d9  vTaskDelay                         
000003f7  vTaskDelayUntil                    
0000032d  vTaskDelete                        
000009ef  vTaskEndScheduler                  
00001531  vTaskGetInfo                       
0000125d  vTaskInternalSetTimeOutState       
00001321  vTaskMissedYield                   
00001e09  vTaskNotifyGiveFromISR             
00001029  vTaskPlaceOnEventList              
000010c5  vTaskPlaceOnEventListRestricted    
00001059  vTaskPlaceOnUnorderedEventList     
00001911  vTaskPriorityDisinheritAfterTimeout
0000066d  vTaskPrioritySet                   
00001195  vTaskRemoveFromUnorderedEventList  
000008e5  vTaskResume                        
00000e81  vTaskSetApplicationTaskTag         
00001349  vTaskSetTaskNumber                 
00001415  vTaskSetThreadLocalStoragePointer  
0000122b  vTaskSetTimeOutState               
00000979  vTaskStartScheduler                
00000cc5  vTaskStepTick                      
000007a1  vTaskSuspend                       
00000a0b  vTaskSuspendAll                    
00000f59  vTaskSwitchContext                 
00003237  vTimerSetReloadMode                
000037cf  vTimerSetTimerID                   
0000380b  vTimerSetTimerNumber               
00004f59  xPortGetFreeHeapSize               
00004f5f  xPortGetMinimumEverFreeHeapSize    
000058fd  xPortPendSVHandler                 
000049a9  xPortStartScheduler                
00004af3  xPortSysTickHandler                
00002277  xQueueCreateCountingSemaphore      
000021a3  xQueueCreateMutex                  
000020d5  xQueueGenericCreate                
00002021  xQueueGenericReset                 
000022d5  xQueueGenericSend                  
00002489  xQueueGenericSendFromISR           
00002599  xQueueGiveFromISR                  
000021cf  xQueueGiveMutexRecursive           
00002f9d  xQueueIsQueueEmptyFromISR          
00002ff7  xQueueIsQueueFullFromISR           
000029d1  xQueuePeek                         
00002c27  xQueuePeekFromISR                  
00002689  xQueueReceive                      
00002b4f  xQueueReceiveFromISR               
00002801  xQueueSemaphoreTake                
0000221f  xQueueTakeMutexRecursive           
00000f19  xTaskCallApplicationTaskHook       
00000cff  xTaskCatchUpTicks                  
00001277  xTaskCheckForTimeOut               
000000e5  xTaskCreate                        
00001b63  xTaskGenericNotify                 
00001ca9  xTaskGenericNotifyFromISR          
00000ea7  xTaskGetApplicationTaskTag         
00000ed5  xTaskGetApplicationTaskTagFromISR  
0000170d  xTaskGetCurrentTaskHandle          
0000171d  xTaskGetSchedulerState             
00000b77  xTaskGetTickCount                  
00000b87  xTaskGetTickCountFromISR           
00000d55  xTaskIncrementTick                 
00001ef1  xTaskNotifyStateClear              
00001ac3  xTaskNotifyWait                    
00001831  xTaskPriorityDisinherit            
00001769  xTaskPriorityInherit               
00001105  xTaskRemoveFromEventList           
00000a75  xTaskResumeAll                     
000030cd  xTimerCreate                       
0000308d  xTimerCreateTimerTask              
0000316f  xTimerGenericCommand               
000032bd  xTimerGetExpiryTime                
00003211  xTimerGetPeriod                    
000031ef  xTimerGetTimerDaemonTaskHandle     
00003765  xTimerIsTimerActive                


GLOBAL SYMBOLS: SORTED BY Symbol Address 

address   name                               
-------   ----                               
00000000  __TI_static_base__                 
00000000  interruptVectors                   
000000e5  xTaskCreate                        
00000200  __STACK_SIZE                       
0000032d  vTaskDelete                        
000003f7  vTaskDelayUntil                    
000004d9  vTaskDelay                         
00000541  eTaskGetState                      
000005f7  uxTaskPriorityGet                  
00000629  uxTaskPriorityGetFromISR           
0000066d  vTaskPrioritySet                   
000007a1  vTaskSuspend                       
000008e5  vTaskResume                        
00000979  vTaskStartScheduler                
000009ef  vTaskEndScheduler                  
00000a0b  vTaskSuspendAll                    
00000a75  xTaskResumeAll                     
00000b77  xTaskGetTickCount                  
00000b87  xTaskGetTickCountFromISR           
00000b9b  uxTaskGetNumberOfTasks             
00000ba1  pcTaskGetName                      
00000be9  uxTaskGetSystemState               
00000cc5  vTaskStepTick                      
00000cff  xTaskCatchUpTicks                  
00000d55  xTaskIncrementTick                 
00000e81  vTaskSetApplicationTaskTag         
00000ea7  xTaskGetApplicationTaskTag         
00000ed5  xTaskGetApplicationTaskTagFromISR  
00000f19  xTaskCallApplicationTaskHook       
00000f59  vTaskSwitchContext                 
00001029  vTaskPlaceOnEventList              
00001059  vTaskPlaceOnUnorderedEventList     
000010c5  vTaskPlaceOnEventListRestricted    
00001105  xTaskRemoveFromEventList           
00001195  vTaskRemoveFromUnorderedEventList  
0000122b  vTaskSetTimeOutState               
0000125d  vTaskInternalSetTimeOutState       
00001277  xTaskCheckForTimeOut               
00001321  vTaskMissedYield                   
00001329  uxTaskGetTaskNumber                
00001349  vTaskSetTaskNumber                 
000013c5  eTaskConfirmSleepModeStatus        
00001415  vTaskSetThreadLocalStoragePointer  
0000145d  pvTaskGetThreadLocalStoragePointer 
00001531  vTaskGetInfo                       
0000170d  xTaskGetCurrentTaskHandle          
0000171d  xTaskGetSchedulerState             
00001769  xTaskPriorityInherit               
00001831  xTaskPriorityDisinherit            
00001911  vTaskPriorityDisinheritAfterTimeout
00001a0b  uxTaskResetEventItemValue          
00001a2d  pvTaskIncrementMutexHeldCount      
00001a4d  ulTaskNotifyTake                   
00001ac3  xTaskNotifyWait                    
00001b63  xTaskGenericNotify                 
00001ca9  xTaskGenericNotifyFromISR          
00001e09  vTaskNotifyGiveFromISR             
00001ef1  xTaskNotifyStateClear              
00001f2b  ulTaskNotifyValueClear             
00002021  xQueueGenericReset                 
000020d5  xQueueGenericCreate                
000021a3  xQueueCreateMutex                  
000021cf  xQueueGiveMutexRecursive           
0000221f  xQueueTakeMutexRecursive           
00002277  xQueueCreateCountingSemaphore      
000022d5  xQueueGenericSend                  
00002489  xQueueGenericSendFromISR           
00002599  xQueueGiveFromISR                  
00002689  xQueueReceive                      
00002801  xQueueSemaphoreTake                
000029d1  xQueuePeek                         
00002b4f  xQueueReceiveFromISR               
00002c27  xQueuePeekFromISR                  
00002cd3  uxQueueMessagesWaiting             
00002d01  uxQueueSpacesAvailable             
00002d35  uxQueueMessagesWaitingFromISR      
00002d5f  vQueueDelete                       
00002d83  uxQueueGetQueueNumber              
00002d91  vQueueSetQueueNumber               
00002da3  ucQueueGetQueueType                
00002f9d  xQueueIsQueueEmptyFromISR          
00002ff7  xQueueIsQueueFullFromISR           
00003031  vQueueWaitForMessageRestricted     
0000308d  xTimerCreateTimerTask              
000030cd  xTimerCreate                       
0000316f  xTimerGenericCommand               
000031ef  xTimerGetTimerDaemonTaskHandle     
00003211  xTimerGetPeriod                    
00003237  vTimerSetReloadMode                
00003281  uxTimerGetReloadMode               
000032bd  xTimerGetExpiryTime                
000032e7  pcTimerGetName                     
00003765  xTimerIsTimerActive                
000037a1  pvTimerGetTimerID                  
000037cf  vTimerSetTimerID                   
000037fd  uxTimerGetTimerNumber              
0000380b  vTimerSetTimerNumber               
00003831  HAL_LCD_PortInit                   
00003879  HAL_LCD_SpiInit                    
000038ad  HAL_LCD_writeCommand               
000038e5  HAL_LCD_writeData                  
00003909  Crystalfontz128x128_SetDrawFrame   
00003a37  Crystalfontz128x128_Init           
00003b8d  lcd_draw_rectangle                 
00003c89  lcd_draw_image                     
00003e7b  Task_Joystick_Init                 
00003ee9  Task_Joystick_Timer                
00003f31  Task_Joystick_Bottom_Half          
00004355  ADC14_IRQHandler                   
00004355  ADC14_IRQHandler                   
000043b1  cellHasNeighboors                  
00004463  randDir                            
00004479  task_generateMaze                  
0000491d  pxPortInitialiseStack              
000049a9  xPortStartScheduler                
00004a61  vPortEndScheduler                  
00004a85  vPortEnterCritical                 
00004ac7  vPortExitCritical                  
00004af3  xPortSysTickHandler                
00004b21  vPortSuppressTicksAndSleep         
00004c79  vPortSetupTimerInterrupt           
00004cc1  vPortValidateInterruptPriority     
00004d55  pvPortMalloc                       
00004ebf  vPortFree                          
00004f59  xPortGetFreeHeapSize               
00004f5f  xPortGetMinimumEverFreeHeapSize    
00004f65  vPortInitialiseBlocks              
000050c1  vPortGetHeapStats                  
00005181  SystemCoreClockUpdate              
000053f9  SystemInit                         
000054d5  Task_Maze                          
0000569d  vListInitialise                    
000056cd  vListInitialiseItem                
000056dd  vListInsertEnd                     
00005719  vListInsert                        
0000577f  uxListRemove                       
000057c7  _nop                               
000057c9  main                               
0000584b  vApplicationMallocFailedHook       
0000584d  vApplicationStackOverflowHook      
000058e5  ulPortGetIPSR                      
000058fd  xPortPendSVHandler                 
0000595d  vPortSVCHandler                    
0000597d  vPortStartFirstTask                
000059a1  vPortEnableVFP                     
000059af  __aeabi_memcpy                     
000059af  __aeabi_memcpy4                    
000059af  __aeabi_memcpy8                    
000059af  memcpy                             
00005a4b  __aeabi_memclr                     
00005a4b  __aeabi_memclr4                    
00005a4b  __aeabi_memclr8                    
00005a4d  __aeabi_memset                     
00005a4d  __aeabi_memset4                    
00005a4d  __aeabi_memset8                    
00005a53  memset                             
00005ac5  __TI_decompress_lzss               
00005b2d  __TI_auto_init_nobinit_nopinit     
00005b71  Init_Main                          
00005b7d  Task_Main                          
00005bb5  _c_int00_noargs                    
00005be9  rand                               
00005c1d  __TI_decompress_none               
00005c2b  Reset_Handler                      
00005c37  AES256_IRQHandler                  
00005c37  BusFault_Handler                   
00005c37  COMP_E0_IRQHandler                 
00005c37  COMP_E1_IRQHandler                 
00005c37  CS_IRQHandler                      
00005c37  DMA_ERR_IRQHandler                 
00005c37  DMA_INT0_IRQHandler                
00005c37  DMA_INT1_IRQHandler                
00005c37  DMA_INT2_IRQHandler                
00005c37  DMA_INT3_IRQHandler                
00005c37  DebugMon_Handler                   
00005c37  Default_Handler                    
00005c37  EUSCIA0_IRQHandler                 
00005c37  EUSCIA1_IRQHandler                 
00005c37  EUSCIA2_IRQHandler                 
00005c37  EUSCIA3_IRQHandler                 
00005c37  EUSCIB0_IRQHandler                 
00005c37  EUSCIB1_IRQHandler                 
00005c37  EUSCIB2_IRQHandler                 
00005c37  EUSCIB3_IRQHandler                 
00005c37  FLCTL_IRQHandler                   
00005c37  FPU_IRQHandler                     
00005c37  HardFault_Handler                  
00005c37  MemManage_Handler                  
00005c37  NMI_Handler                        
00005c37  PCM_IRQHandler                     
00005c37  PORT1_IRQHandler                   
00005c37  PORT2_IRQHandler                   
00005c37  PORT3_IRQHandler                   
00005c37  PORT4_IRQHandler                   
00005c37  PORT5_IRQHandler                   
00005c37  PORT6_IRQHandler                   
00005c37  PSS_IRQHandler                     
00005c37  PendSV_Handler                     
00005c37  RTC_C_IRQHandler                   
00005c37  SVC_Handler                        
00005c37  SysTick_Handler                    
00005c37  T32_INT1_IRQHandler                
00005c37  T32_INT2_IRQHandler                
00005c37  T32_INTC_IRQHandler                
00005c37  TA0_0_IRQHandler                   
00005c37  TA0_N_IRQHandler                   
00005c37  TA1_0_IRQHandler                   
00005c37  TA1_N_IRQHandler                   
00005c37  TA2_0_IRQHandler                   
00005c37  TA2_N_IRQHandler                   
00005c37  TA3_0_IRQHandler                   
00005c37  TA3_N_IRQHandler                   
00005c37  UsageFault_Handler                 
00005c37  WDT_A_IRQHandler                   
00005c39  __TI_zero_init                     
00005c45  _system_pre_init                   
00005c49  C$$EXIT                            
00005c49  abort                              
00005c4c  ulMaxSyscallInterruptPriority      
00005c7c  __TI_Handler_Table_Base            
00005c88  __TI_Handler_Table_Limit           
00005c90  __TI_CINIT_Base                    
00005ca0  __TI_CINIT_Limit                   
20000000  __start___llvm_prf_cnts            
20000000  __stop___llvm_prf_cnts             
20008000  maze                               
20008360  Task_Gen_Maze_Handle               
20008364  Task_Joystick_Handle               
20008368  Task_Joystick_Timer_Handle         
2000836c  Task_Main_Handle                   
20008370  Task_Maze_Handle                   
20008374  Lcd_ScreenHeigth                   
20008376  Lcd_ScreenWidth                    
20008378  pxCurrentTCB                       
200083dc  posX                               
200083dd  posY                               
200083e0  JOYSTICK_X_DIR                     
200083e4  JOYSTICK_Y_DIR                     
200083f4  _lock                              
200083f8  _unlock                            
20008400  SystemCoreClock                    
20008404  Lcd_Orientation                    
2000fe00  __stack                            
20010000  __STACK_END                        
4000480c  WDTCTL_SYM                         
ffffffff  __TI_pprof_out_hndl                
ffffffff  __TI_prof_data_size                
ffffffff  __TI_prof_data_start               
ffffffff  __binit__                          
ffffffff  __c_args__                         
ffffffff  binit                              
UNDEFED   __mpu_init                         
UNDEFED   _system_post_cinit                 

[253 symbols]
